Archive member included to satisfy reference by file (symbol)

c:/users/max/.platformio/packages/toolchain-gccarmnoneeabi@1.90201.191206/bin/../lib/gcc/arm-none-eabi/9.2.1/../../../../arm-none-eabi/lib/thumb/v7e-m+fp/hard\libc_nano.a(lib_a-errno.o)
                              .pio/build/genericGD32F330C4/src/printf_over_x.o (__errno)
c:/users/max/.platformio/packages/toolchain-gccarmnoneeabi@1.90201.191206/bin/../lib/gcc/arm-none-eabi/9.2.1/../../../../arm-none-eabi/lib/thumb/v7e-m+fp/hard\libc_nano.a(lib_a-exit.o)
                              c:/users/max/.platformio/packages/toolchain-gccarmnoneeabi@1.90201.191206/bin/../lib/gcc/arm-none-eabi/9.2.1/../../../../arm-none-eabi/lib/thumb/v7e-m+fp/hard/crt0.o (exit)
c:/users/max/.platformio/packages/toolchain-gccarmnoneeabi@1.90201.191206/bin/../lib/gcc/arm-none-eabi/9.2.1/../../../../arm-none-eabi/lib/thumb/v7e-m+fp/hard\libc_nano.a(lib_a-fputc.o)
                              .pio/build/genericGD32F330C4/src/minimal-printf/mbed_printf_implementation.o (fputc)
c:/users/max/.platformio/packages/toolchain-gccarmnoneeabi@1.90201.191206/bin/../lib/gcc/arm-none-eabi/9.2.1/../../../../arm-none-eabi/lib/thumb/v7e-m+fp/hard\libc_nano.a(lib_a-impure.o)
                              c:/users/max/.platformio/packages/toolchain-gccarmnoneeabi@1.90201.191206/bin/../lib/gcc/arm-none-eabi/9.2.1/../../../../arm-none-eabi/lib/thumb/v7e-m+fp/hard\libc_nano.a(lib_a-exit.o) (_global_impure_ptr)
c:/users/max/.platformio/packages/toolchain-gccarmnoneeabi@1.90201.191206/bin/../lib/gcc/arm-none-eabi/9.2.1/../../../../arm-none-eabi/lib/thumb/v7e-m+fp/hard\libc_nano.a(lib_a-init.o)
                              c:/users/max/.platformio/packages/toolchain-gccarmnoneeabi@1.90201.191206/bin/../lib/gcc/arm-none-eabi/9.2.1/../../../../arm-none-eabi/lib/thumb/v7e-m+fp/hard/crt0.o (__libc_init_array)
c:/users/max/.platformio/packages/toolchain-gccarmnoneeabi@1.90201.191206/bin/../lib/gcc/arm-none-eabi/9.2.1/../../../../arm-none-eabi/lib/thumb/v7e-m+fp/hard\libc_nano.a(lib_a-lock.o)
                              c:/users/max/.platformio/packages/toolchain-gccarmnoneeabi@1.90201.191206/bin/../lib/gcc/arm-none-eabi/9.2.1/../../../../arm-none-eabi/lib/thumb/v7e-m+fp/hard\libc_nano.a(lib_a-fputc.o) (__retarget_lock_acquire_recursive)
c:/users/max/.platformio/packages/toolchain-gccarmnoneeabi@1.90201.191206/bin/../lib/gcc/arm-none-eabi/9.2.1/../../../../arm-none-eabi/lib/thumb/v7e-m+fp/hard\libc_nano.a(lib_a-memcpy-stub.o)
                              .pio/build/genericGD32F330C4/libfdc/cmsis_dsp_from_source/Source/SupportFunctions/arm_bitonic_sort_f32.o (memcpy)
c:/users/max/.platformio/packages/toolchain-gccarmnoneeabi@1.90201.191206/bin/../lib/gcc/arm-none-eabi/9.2.1/../../../../arm-none-eabi/lib/thumb/v7e-m+fp/hard\libc_nano.a(lib_a-memset.o)
                              c:/users/max/.platformio/packages/toolchain-gccarmnoneeabi@1.90201.191206/bin/../lib/gcc/arm-none-eabi/9.2.1/../../../../arm-none-eabi/lib/thumb/v7e-m+fp/hard/crt0.o (memset)
c:/users/max/.platformio/packages/toolchain-gccarmnoneeabi@1.90201.191206/bin/../lib/gcc/arm-none-eabi/9.2.1/../../../../arm-none-eabi/lib/thumb/v7e-m+fp/hard\libc_nano.a(lib_a-putc.o)
                              c:/users/max/.platformio/packages/toolchain-gccarmnoneeabi@1.90201.191206/bin/../lib/gcc/arm-none-eabi/9.2.1/../../../../arm-none-eabi/lib/thumb/v7e-m+fp/hard\libc_nano.a(lib_a-fputc.o) (_putc_r)
c:/users/max/.platformio/packages/toolchain-gccarmnoneeabi@1.90201.191206/bin/../lib/gcc/arm-none-eabi/9.2.1/../../../../arm-none-eabi/lib/thumb/v7e-m+fp/hard\libc_nano.a(lib_a-puts.o)
                              .pio/build/genericGD32F330C4/src/main.o (puts)
c:/users/max/.platformio/packages/toolchain-gccarmnoneeabi@1.90201.191206/bin/../lib/gcc/arm-none-eabi/9.2.1/../../../../arm-none-eabi/lib/thumb/v7e-m+fp/hard\libc_nano.a(lib_a-wbuf.o)
                              c:/users/max/.platformio/packages/toolchain-gccarmnoneeabi@1.90201.191206/bin/../lib/gcc/arm-none-eabi/9.2.1/../../../../arm-none-eabi/lib/thumb/v7e-m+fp/hard\libc_nano.a(lib_a-putc.o) (__swbuf_r)
c:/users/max/.platformio/packages/toolchain-gccarmnoneeabi@1.90201.191206/bin/../lib/gcc/arm-none-eabi/9.2.1/../../../../arm-none-eabi/lib/thumb/v7e-m+fp/hard\libc_nano.a(lib_a-wsetup.o)
                              c:/users/max/.platformio/packages/toolchain-gccarmnoneeabi@1.90201.191206/bin/../lib/gcc/arm-none-eabi/9.2.1/../../../../arm-none-eabi/lib/thumb/v7e-m+fp/hard\libc_nano.a(lib_a-puts.o) (__swsetup_r)
c:/users/max/.platformio/packages/toolchain-gccarmnoneeabi@1.90201.191206/bin/../lib/gcc/arm-none-eabi/9.2.1/../../../../arm-none-eabi/lib/thumb/v7e-m+fp/hard\libc_nano.a(lib_a-fflush.o)
                              c:/users/max/.platformio/packages/toolchain-gccarmnoneeabi@1.90201.191206/bin/../lib/gcc/arm-none-eabi/9.2.1/../../../../arm-none-eabi/lib/thumb/v7e-m+fp/hard\libc_nano.a(lib_a-wbuf.o) (_fflush_r)
[...]
Memory Configuration

Name             Origin             Length             Attributes
RAM              0x0000000020000000 0x0000000000001000 xrw
CCRAM            0x0000000010000000 0x0000000000000000 xrw
FLASH            0x0000000008000000 0x0000000000004000 xr
*default*        0x0000000000000000 0xffffffffffffffff

Linker script and memory map

LOAD c:/users/max/.platformio/packages/toolchain-gccarmnoneeabi@1.90201.191206/bin/../lib/gcc/arm-none-eabi/9.2.1/thumb/v7e-m+fp/hard/crti.o
LOAD c:/users/max/.platformio/packages/toolchain-gccarmnoneeabi@1.90201.191206/bin/../lib/gcc/arm-none-eabi/9.2.1/thumb/v7e-m+fp/hard/crtbegin.o
LOAD c:/users/max/.platformio/packages/toolchain-gccarmnoneeabi@1.90201.191206/bin/../lib/gcc/arm-none-eabi/9.2.1/../../../../arm-none-eabi/lib/thumb/v7e-m+fp/hard/crt0.o
LOAD .pio/build/genericGD32F330C4/FrameworkCMSISStartup/startup_gd32f3x0.o
LOAD .pio/build/genericGD32F330C4/libfdc/cmsis_dsp_from_source/Source/BasicMathFunctions/arm_abs_f32.o
LOAD .pio/build/genericGD32F330C4/libfdc/cmsis_dsp_from_source/Source/BasicMathFunctions/arm_abs_q15.o
LOAD .pio/build/genericGD32F330C4/libfdc/cmsis_dsp_from_source/Source/BasicMathFunctions/arm_abs_q31.o
LOAD .pio/build/genericGD32F330C4/libfdc/cmsis_dsp_from_source/Source/BasicMathFunctions/arm_abs_q7.o
LOAD .pio/build/genericGD32F330C4/libfdc/cmsis_dsp_from_source/Source/BasicMathFunctions/arm_add_f32.o
LOAD .pio/build/genericGD32F330C4/libfdc/cmsis_dsp_from_source/Source/BasicMathFunctions/arm_add_q15.o
LOAD .pio/build/genericGD32F330C4/libfdc/cmsis_dsp_from_source/Source/BasicMathFunctions/arm_add_q31.o
LOAD .pio/build/genericGD32F330C4/libfdc/cmsis_dsp_from_source/Source/BasicMathFunctions/arm_add_q7.o
LOAD .pio/build/genericGD32F330C4/libfdc/cmsis_dsp_from_source/Source/BasicMathFunctions/arm_and_u16.o
LOAD .pio/build/genericGD32F330C4/libfdc/cmsis_dsp_from_source/Source/BasicMathFunctions/arm_and_u32.o
LOAD .pio/build/genericGD32F330C4/libfdc/cmsis_dsp_from_source/Source/BasicMathFunctions/arm_and_u8.o
LOAD .pio/build/genericGD32F330C4/libfdc/cmsis_dsp_from_source/Source/BasicMathFunctions/arm_dot_prod_f32.o
LOAD .pio/build/genericGD32F330C4/libfdc/cmsis_dsp_from_source/Source/BasicMathFunctions/arm_dot_prod_q15.o
LOAD .pio/build/genericGD32F330C4/libfdc/cmsis_dsp_from_source/Source/BasicMathFunctions/arm_dot_prod_q31.o
LOAD .pio/build/genericGD32F330C4/libfdc/cmsis_dsp_from_source/Source/BasicMathFunctions/arm_dot_prod_q7.o
LOAD .pio/build/genericGD32F330C4/libfdc/cmsis_dsp_from_source/Source/BasicMathFunctions/arm_mult_f32.o
LOAD .pio/build/genericGD32F330C4/libfdc/cmsis_dsp_from_source/Source/BasicMathFunctions/arm_mult_q15.o
LOAD .pio/build/genericGD32F330C4/libfdc/cmsis_dsp_from_source/Source/BasicMathFunctions/arm_mult_q31.o
LOAD .pio/build/genericGD32F330C4/libfdc/cmsis_dsp_from_source/Source/BasicMathFunctions/arm_mult_q7.o
LOAD .pio/build/genericGD32F330C4/libfdc/cmsis_dsp_from_source/Source/BasicMathFunctions/arm_negate_f32.o
LOAD .pio/build/genericGD32F330C4/libfdc/cmsis_dsp_from_source/Source/BasicMathFunctions/arm_negate_q15.o
LOAD .pio/build/genericGD32F330C4/libfdc/cmsis_dsp_from_source/Source/BasicMathFunctions/arm_negate_q31.o
LOAD .pio/build/genericGD32F330C4/libfdc/cmsis_dsp_from_source/Source/BasicMathFunctions/arm_negate_q7.o
LOAD .pio/build/genericGD32F330C4/libfdc/cmsis_dsp_from_source/Source/BasicMathFunctions/arm_not_u16.o
LOAD .pio/build/genericGD32F330C4/libfdc/cmsis_dsp_from_source/Source/BasicMathFunctions/arm_not_u32.o
LOAD .pio/build/genericGD32F330C4/libfdc/cmsis_dsp_from_source/Source/BasicMathFunctions/arm_not_u8.o
LOAD .pio/build/genericGD32F330C4/libfdc/cmsis_dsp_from_source/Source/BasicMathFunctions/arm_offset_f32.o
LOAD .pio/build/genericGD32F330C4/libfdc/cmsis_dsp_from_source/Source/BasicMathFunctions/arm_offset_q15.o
LOAD .pio/build/genericGD32F330C4/libfdc/cmsis_dsp_from_source/Source/BasicMathFunctions/arm_offset_q31.o
LOAD .pio/build/genericGD32F330C4/libfdc/cmsis_dsp_from_source/Source/BasicMathFunctions/arm_offset_q7.o
LOAD .pio/build/genericGD32F330C4/libfdc/cmsis_dsp_from_source/Source/BasicMathFunctions/arm_or_u16.o
LOAD .pio/build/genericGD32F330C4/libfdc/cmsis_dsp_from_source/Source/BasicMathFunctions/arm_or_u32.o
LOAD .pio/build/genericGD32F330C4/libfdc/cmsis_dsp_from_source/Source/BasicMathFunctions/arm_or_u8.o
LOAD .pio/build/genericGD32F330C4/libfdc/cmsis_dsp_from_source/Source/BasicMathFunctions/arm_scale_f32.o
LOAD .pio/build/genericGD32F330C4/libfdc/cmsis_dsp_from_source/Source/BasicMathFunctions/arm_scale_q15.o
LOAD .pio/build/genericGD32F330C4/libfdc/cmsis_dsp_from_source/Source/BasicMathFunctions/arm_scale_q31.o
LOAD .pio/build/genericGD32F330C4/libfdc/cmsis_dsp_from_source/Source/BasicMathFunctions/arm_scale_q7.o
LOAD .pio/build/genericGD32F330C4/libfdc/cmsis_dsp_from_source/Source/BasicMathFunctions/arm_shift_q15.o
LOAD .pio/build/genericGD32F330C4/libfdc/cmsis_dsp_from_source/Source/BasicMathFunctions/arm_shift_q31.o
LOAD .pio/build/genericGD32F330C4/libfdc/cmsis_dsp_from_source/Source/BasicMathFunctions/arm_shift_q7.o
LOAD .pio/build/genericGD32F330C4/libfdc/cmsis_dsp_from_source/Source/BasicMathFunctions/arm_sub_f32.o
LOAD .pio/build/genericGD32F330C4/libfdc/cmsis_dsp_from_source/Source/BasicMathFunctions/arm_sub_q15.o
LOAD .pio/build/genericGD32F330C4/libfdc/cmsis_dsp_from_source/Source/BasicMathFunctions/arm_sub_q31.o
LOAD .pio/build/genericGD32F330C4/libfdc/cmsis_dsp_from_source/Source/BasicMathFunctions/arm_sub_q7.o
LOAD .pio/build/genericGD32F330C4/libfdc/cmsis_dsp_from_source/Source/BasicMathFunctions/arm_xor_u16.o
LOAD .pio/build/genericGD32F330C4/libfdc/cmsis_dsp_from_source/Source/BasicMathFunctions/arm_xor_u32.o
LOAD .pio/build/genericGD32F330C4/libfdc/cmsis_dsp_from_source/Source/BasicMathFunctions/arm_xor_u8.o
LOAD .pio/build/genericGD32F330C4/libfdc/cmsis_dsp_from_source/Source/BayesFunctions/arm_gaussian_naive_bayes_predict_f32.o
LOAD .pio/build/genericGD32F330C4/libfdc/cmsis_dsp_from_source/Source/CommonTables/arm_common_tables.o
LOAD .pio/build/genericGD32F330C4/libfdc/cmsis_dsp_from_source/Source/CommonTables/arm_const_structs.o
LOAD .pio/build/genericGD32F330C4/libfdc/cmsis_dsp_from_source/Source/CommonTables/arm_mve_tables.o
LOAD .pio/build/genericGD32F330C4/libfdc/cmsis_dsp_from_source/Source/ComplexMathFunctions/arm_cmplx_conj_f32.o
LOAD .pio/build/genericGD32F330C4/libfdc/cmsis_dsp_from_source/Source/ComplexMathFunctions/arm_cmplx_conj_q15.o
LOAD .pio/build/genericGD32F330C4/libfdc/cmsis_dsp_from_source/Source/ComplexMathFunctions/arm_cmplx_conj_q31.o
LOAD .pio/build/genericGD32F330C4/libfdc/cmsis_dsp_from_source/Source/ComplexMathFunctions/arm_cmplx_dot_prod_f32.o
LOAD .pio/build/genericGD32F330C4/libfdc/cmsis_dsp_from_source/Source/ComplexMathFunctions/arm_cmplx_dot_prod_q15.o
LOAD .pio/build/genericGD32F330C4/libfdc/cmsis_dsp_from_source/Source/ComplexMathFunctions/arm_cmplx_dot_prod_q31.o
LOAD .pio/build/genericGD32F330C4/libfdc/cmsis_dsp_from_source/Source/ComplexMathFunctions/arm_cmplx_mag_f32.o
LOAD .pio/build/genericGD32F330C4/libfdc/cmsis_dsp_from_source/Source/ComplexMathFunctions/arm_cmplx_mag_q15.o
LOAD .pio/build/genericGD32F330C4/libfdc/cmsis_dsp_from_source/Source/ComplexMathFunctions/arm_cmplx_mag_q31.o
LOAD .pio/build/genericGD32F330C4/libfdc/cmsis_dsp_from_source/Source/ComplexMathFunctions/arm_cmplx_mag_squared_f32.o
LOAD .pio/build/genericGD32F330C4/libfdc/cmsis_dsp_from_source/Source/ComplexMathFunctions/arm_cmplx_mag_squared_q15.o
LOAD .pio/build/genericGD32F330C4/libfdc/cmsis_dsp_from_source/Source/ComplexMathFunctions/arm_cmplx_mag_squared_q31.o
LOAD .pio/build/genericGD32F330C4/libfdc/cmsis_dsp_from_source/Source/ComplexMathFunctions/arm_cmplx_mult_cmplx_f32.o
LOAD .pio/build/genericGD32F330C4/libfdc/cmsis_dsp_from_source/Source/ComplexMathFunctions/arm_cmplx_mult_cmplx_q15.o
LOAD .pio/build/genericGD32F330C4/libfdc/cmsis_dsp_from_source/Source/ComplexMathFunctions/arm_cmplx_mult_cmplx_q31.o
LOAD .pio/build/genericGD32F330C4/libfdc/cmsis_dsp_from_source/Source/ComplexMathFunctions/arm_cmplx_mult_real_f32.o
LOAD .pio/build/genericGD32F330C4/libfdc/cmsis_dsp_from_source/Source/ComplexMathFunctions/arm_cmplx_mult_real_q15.o
LOAD .pio/build/genericGD32F330C4/libfdc/cmsis_dsp_from_source/Source/ComplexMathFunctions/arm_cmplx_mult_real_q31.o
LOAD .pio/build/genericGD32F330C4/libfdc/cmsis_dsp_from_source/Source/ControllerFunctions/arm_pid_init_f32.o
LOAD .pio/build/genericGD32F330C4/libfdc/cmsis_dsp_from_source/Source/ControllerFunctions/arm_pid_init_q15.o
LOAD .pio/build/genericGD32F330C4/libfdc/cmsis_dsp_from_source/Source/ControllerFunctions/arm_pid_init_q31.o
LOAD .pio/build/genericGD32F330C4/libfdc/cmsis_dsp_from_source/Source/ControllerFunctions/arm_pid_reset_f32.o
LOAD .pio/build/genericGD32F330C4/libfdc/cmsis_dsp_from_source/Source/ControllerFunctions/arm_pid_reset_q15.o
LOAD .pio/build/genericGD32F330C4/libfdc/cmsis_dsp_from_source/Source/ControllerFunctions/arm_pid_reset_q31.o
LOAD .pio/build/genericGD32F330C4/libfdc/cmsis_dsp_from_source/Source/ControllerFunctions/arm_sin_cos_f32.o
LOAD .pio/build/genericGD32F330C4/libfdc/cmsis_dsp_from_source/Source/ControllerFunctions/arm_sin_cos_q31.o
LOAD .pio/build/genericGD32F330C4/libfdc/cmsis_dsp_from_source/Source/DistanceFunctions/arm_boolean_distance.o
LOAD .pio/build/genericGD32F330C4/libfdc/cmsis_dsp_from_source/Source/DistanceFunctions/arm_braycurtis_distance_f32.o
LOAD .pio/build/genericGD32F330C4/libfdc/cmsis_dsp_from_source/Source/DistanceFunctions/arm_canberra_distance_f32.o
LOAD .pio/build/genericGD32F330C4/libfdc/cmsis_dsp_from_source/Source/DistanceFunctions/arm_chebyshev_distance_f32.o
LOAD .pio/build/genericGD32F330C4/libfdc/cmsis_dsp_from_source/Source/DistanceFunctions/arm_cityblock_distance_f32.o
LOAD .pio/build/genericGD32F330C4/libfdc/cmsis_dsp_from_source/Source/DistanceFunctions/arm_correlation_distance_f32.o
LOAD .pio/build/genericGD32F330C4/libfdc/cmsis_dsp_from_source/Source/DistanceFunctions/arm_cosine_distance_f32.o
LOAD .pio/build/genericGD32F330C4/libfdc/cmsis_dsp_from_source/Source/DistanceFunctions/arm_dice_distance.o
LOAD .pio/build/genericGD32F330C4/libfdc/cmsis_dsp_from_source/Source/DistanceFunctions/arm_euclidean_distance_f32.o
LOAD .pio/build/genericGD32F330C4/libfdc/cmsis_dsp_from_source/Source/DistanceFunctions/arm_hamming_distance.o
LOAD .pio/build/genericGD32F330C4/libfdc/cmsis_dsp_from_source/Source/DistanceFunctions/arm_jaccard_distance.o
LOAD .pio/build/genericGD32F330C4/libfdc/cmsis_dsp_from_source/Source/DistanceFunctions/arm_jensenshannon_distance_f32.o
LOAD .pio/build/genericGD32F330C4/libfdc/cmsis_dsp_from_source/Source/DistanceFunctions/arm_kulsinski_distance.o
LOAD .pio/build/genericGD32F330C4/libfdc/cmsis_dsp_from_source/Source/DistanceFunctions/arm_minkowski_distance_f32.o
LOAD .pio/build/genericGD32F330C4/libfdc/cmsis_dsp_from_source/Source/DistanceFunctions/arm_rogerstanimoto_distance.o
LOAD .pio/build/genericGD32F330C4/libfdc/cmsis_dsp_from_source/Source/DistanceFunctions/arm_russellrao_distance.o
LOAD .pio/build/genericGD32F330C4/libfdc/cmsis_dsp_from_source/Source/DistanceFunctions/arm_sokalmichener_distance.o
LOAD .pio/build/genericGD32F330C4/libfdc/cmsis_dsp_from_source/Source/DistanceFunctions/arm_sokalsneath_distance.o
LOAD .pio/build/genericGD32F330C4/libfdc/cmsis_dsp_from_source/Source/DistanceFunctions/arm_yule_distance.o
LOAD .pio/build/genericGD32F330C4/libfdc/cmsis_dsp_from_source/Source/FastMathFunctions/arm_cos_f32.o
LOAD .pio/build/genericGD32F330C4/libfdc/cmsis_dsp_from_source/Source/FastMathFunctions/arm_cos_q15.o
LOAD .pio/build/genericGD32F330C4/libfdc/cmsis_dsp_from_source/Source/FastMathFunctions/arm_cos_q31.o
LOAD .pio/build/genericGD32F330C4/libfdc/cmsis_dsp_from_source/Source/FastMathFunctions/arm_sin_f32.o
LOAD .pio/build/genericGD32F330C4/libfdc/cmsis_dsp_from_source/Source/FastMathFunctions/arm_sin_q15.o
LOAD .pio/build/genericGD32F330C4/libfdc/cmsis_dsp_from_source/Source/FastMathFunctions/arm_sin_q31.o
LOAD .pio/build/genericGD32F330C4/libfdc/cmsis_dsp_from_source/Source/FastMathFunctions/arm_sqrt_q15.o
LOAD .pio/build/genericGD32F330C4/libfdc/cmsis_dsp_from_source/Source/FastMathFunctions/arm_sqrt_q31.o
LOAD .pio/build/genericGD32F330C4/libfdc/cmsis_dsp_from_source/Source/FastMathFunctions/arm_vexp_f32.o
LOAD .pio/build/genericGD32F330C4/libfdc/cmsis_dsp_from_source/Source/FastMathFunctions/arm_vlog_f32.o
LOAD .pio/build/genericGD32F330C4/libfdc/cmsis_dsp_from_source/Source/FilteringFunctions/arm_biquad_cascade_df1_32x64_init_q31.o
LOAD .pio/build/genericGD32F330C4/libfdc/cmsis_dsp_from_source/Source/FilteringFunctions/arm_biquad_cascade_df1_32x64_q31.o
LOAD .pio/build/genericGD32F330C4/libfdc/cmsis_dsp_from_source/Source/FilteringFunctions/arm_biquad_cascade_df1_f32.o
LOAD .pio/build/genericGD32F330C4/libfdc/cmsis_dsp_from_source/Source/FilteringFunctions/arm_biquad_cascade_df1_fast_q15.o
LOAD .pio/build/genericGD32F330C4/libfdc/cmsis_dsp_from_source/Source/FilteringFunctions/arm_biquad_cascade_df1_fast_q31.o
LOAD .pio/build/genericGD32F330C4/libfdc/cmsis_dsp_from_source/Source/FilteringFunctions/arm_biquad_cascade_df1_init_f32.o
LOAD .pio/build/genericGD32F330C4/libfdc/cmsis_dsp_from_source/Source/FilteringFunctions/arm_biquad_cascade_df1_init_q15.o
LOAD .pio/build/genericGD32F330C4/libfdc/cmsis_dsp_from_source/Source/FilteringFunctions/arm_biquad_cascade_df1_init_q31.o
LOAD .pio/build/genericGD32F330C4/libfdc/cmsis_dsp_from_source/Source/FilteringFunctions/arm_biquad_cascade_df1_q15.o
LOAD .pio/build/genericGD32F330C4/libfdc/cmsis_dsp_from_source/Source/FilteringFunctions/arm_biquad_cascade_df1_q31.o
LOAD .pio/build/genericGD32F330C4/libfdc/cmsis_dsp_from_source/Source/FilteringFunctions/arm_biquad_cascade_df2T_f32.o
LOAD .pio/build/genericGD32F330C4/libfdc/cmsis_dsp_from_source/Source/FilteringFunctions/arm_biquad_cascade_df2T_f64.o
LOAD .pio/build/genericGD32F330C4/libfdc/cmsis_dsp_from_source/Source/FilteringFunctions/arm_biquad_cascade_df2T_init_f32.o
LOAD .pio/build/genericGD32F330C4/libfdc/cmsis_dsp_from_source/Source/FilteringFunctions/arm_biquad_cascade_df2T_init_f64.o
LOAD .pio/build/genericGD32F330C4/libfdc/cmsis_dsp_from_source/Source/FilteringFunctions/arm_biquad_cascade_stereo_df2T_f32.o
LOAD .pio/build/genericGD32F330C4/libfdc/cmsis_dsp_from_source/Source/FilteringFunctions/arm_biquad_cascade_stereo_df2T_init_f32.o
LOAD .pio/build/genericGD32F330C4/libfdc/cmsis_dsp_from_source/Source/FilteringFunctions/arm_conv_f32.o
LOAD .pio/build/genericGD32F330C4/libfdc/cmsis_dsp_from_source/Source/FilteringFunctions/arm_conv_fast_opt_q15.o
LOAD .pio/build/genericGD32F330C4/libfdc/cmsis_dsp_from_source/Source/FilteringFunctions/arm_conv_fast_q15.o
LOAD .pio/build/genericGD32F330C4/libfdc/cmsis_dsp_from_source/Source/FilteringFunctions/arm_conv_fast_q31.o
LOAD .pio/build/genericGD32F330C4/libfdc/cmsis_dsp_from_source/Source/FilteringFunctions/arm_conv_opt_q15.o
LOAD .pio/build/genericGD32F330C4/libfdc/cmsis_dsp_from_source/Source/FilteringFunctions/arm_conv_opt_q7.o
LOAD .pio/build/genericGD32F330C4/libfdc/cmsis_dsp_from_source/Source/FilteringFunctions/arm_conv_partial_f32.o
LOAD .pio/build/genericGD32F330C4/libfdc/cmsis_dsp_from_source/Source/FilteringFunctions/arm_conv_partial_fast_opt_q15.o
LOAD .pio/build/genericGD32F330C4/libfdc/cmsis_dsp_from_source/Source/FilteringFunctions/arm_conv_partial_fast_q15.o
LOAD .pio/build/genericGD32F330C4/libfdc/cmsis_dsp_from_source/Source/FilteringFunctions/arm_conv_partial_fast_q31.o
LOAD .pio/build/genericGD32F330C4/libfdc/cmsis_dsp_from_source/Source/FilteringFunctions/arm_conv_partial_opt_q15.o
LOAD .pio/build/genericGD32F330C4/libfdc/cmsis_dsp_from_source/Source/FilteringFunctions/arm_conv_partial_opt_q7.o
LOAD .pio/build/genericGD32F330C4/libfdc/cmsis_dsp_from_source/Source/FilteringFunctions/arm_conv_partial_q15.o
LOAD .pio/build/genericGD32F330C4/libfdc/cmsis_dsp_from_source/Source/FilteringFunctions/arm_conv_partial_q31.o
LOAD .pio/build/genericGD32F330C4/libfdc/cmsis_dsp_from_source/Source/FilteringFunctions/arm_conv_partial_q7.o
LOAD .pio/build/genericGD32F330C4/libfdc/cmsis_dsp_from_source/Source/FilteringFunctions/arm_conv_q15.o
LOAD .pio/build/genericGD32F330C4/libfdc/cmsis_dsp_from_source/Source/FilteringFunctions/arm_conv_q31.o
LOAD .pio/build/genericGD32F330C4/libfdc/cmsis_dsp_from_source/Source/FilteringFunctions/arm_conv_q7.o
LOAD .pio/build/genericGD32F330C4/libfdc/cmsis_dsp_from_source/Source/FilteringFunctions/arm_correlate_f32.o
LOAD .pio/build/genericGD32F330C4/libfdc/cmsis_dsp_from_source/Source/FilteringFunctions/arm_correlate_fast_opt_q15.o
LOAD .pio/build/genericGD32F330C4/libfdc/cmsis_dsp_from_source/Source/FilteringFunctions/arm_correlate_fast_q15.o
LOAD .pio/build/genericGD32F330C4/libfdc/cmsis_dsp_from_source/Source/FilteringFunctions/arm_correlate_fast_q31.o
LOAD .pio/build/genericGD32F330C4/libfdc/cmsis_dsp_from_source/Source/FilteringFunctions/arm_correlate_opt_q15.o
LOAD .pio/build/genericGD32F330C4/libfdc/cmsis_dsp_from_source/Source/FilteringFunctions/arm_correlate_opt_q7.o
LOAD .pio/build/genericGD32F330C4/libfdc/cmsis_dsp_from_source/Source/FilteringFunctions/arm_correlate_q15.o
LOAD .pio/build/genericGD32F330C4/libfdc/cmsis_dsp_from_source/Source/FilteringFunctions/arm_correlate_q31.o
LOAD .pio/build/genericGD32F330C4/libfdc/cmsis_dsp_from_source/Source/FilteringFunctions/arm_correlate_q7.o
LOAD .pio/build/genericGD32F330C4/libfdc/cmsis_dsp_from_source/Source/FilteringFunctions/arm_fir_decimate_f32.o
LOAD .pio/build/genericGD32F330C4/libfdc/cmsis_dsp_from_source/Source/FilteringFunctions/arm_fir_decimate_fast_q15.o
LOAD .pio/build/genericGD32F330C4/libfdc/cmsis_dsp_from_source/Source/FilteringFunctions/arm_fir_decimate_fast_q31.o
LOAD .pio/build/genericGD32F330C4/libfdc/cmsis_dsp_from_source/Source/FilteringFunctions/arm_fir_decimate_init_f32.o
LOAD .pio/build/genericGD32F330C4/libfdc/cmsis_dsp_from_source/Source/FilteringFunctions/arm_fir_decimate_init_q15.o
LOAD .pio/build/genericGD32F330C4/libfdc/cmsis_dsp_from_source/Source/FilteringFunctions/arm_fir_decimate_init_q31.o
LOAD .pio/build/genericGD32F330C4/libfdc/cmsis_dsp_from_source/Source/FilteringFunctions/arm_fir_decimate_q15.o
LOAD .pio/build/genericGD32F330C4/libfdc/cmsis_dsp_from_source/Source/FilteringFunctions/arm_fir_decimate_q31.o
LOAD .pio/build/genericGD32F330C4/libfdc/cmsis_dsp_from_source/Source/FilteringFunctions/arm_fir_f32.o
LOAD .pio/build/genericGD32F330C4/libfdc/cmsis_dsp_from_source/Source/FilteringFunctions/arm_fir_fast_q15.o
LOAD .pio/build/genericGD32F330C4/libfdc/cmsis_dsp_from_source/Source/FilteringFunctions/arm_fir_fast_q31.o
LOAD .pio/build/genericGD32F330C4/libfdc/cmsis_dsp_from_source/Source/FilteringFunctions/arm_fir_init_f32.o
LOAD .pio/build/genericGD32F330C4/libfdc/cmsis_dsp_from_source/Source/FilteringFunctions/arm_fir_init_q15.o
LOAD .pio/build/genericGD32F330C4/libfdc/cmsis_dsp_from_source/Source/FilteringFunctions/arm_fir_init_q31.o
LOAD .pio/build/genericGD32F330C4/libfdc/cmsis_dsp_from_source/Source/FilteringFunctions/arm_fir_init_q7.o
LOAD .pio/build/genericGD32F330C4/libfdc/cmsis_dsp_from_source/Source/FilteringFunctions/arm_fir_interpolate_f32.o
LOAD .pio/build/genericGD32F330C4/libfdc/cmsis_dsp_from_source/Source/FilteringFunctions/arm_fir_interpolate_init_f32.o
LOAD .pio/build/genericGD32F330C4/libfdc/cmsis_dsp_from_source/Source/FilteringFunctions/arm_fir_interpolate_init_q15.o
LOAD .pio/build/genericGD32F330C4/libfdc/cmsis_dsp_from_source/Source/FilteringFunctions/arm_fir_interpolate_init_q31.o
LOAD .pio/build/genericGD32F330C4/libfdc/cmsis_dsp_from_source/Source/FilteringFunctions/arm_fir_interpolate_q15.o
LOAD .pio/build/genericGD32F330C4/libfdc/cmsis_dsp_from_source/Source/FilteringFunctions/arm_fir_interpolate_q31.o
LOAD .pio/build/genericGD32F330C4/libfdc/cmsis_dsp_from_source/Source/FilteringFunctions/arm_fir_lattice_f32.o
LOAD .pio/build/genericGD32F330C4/libfdc/cmsis_dsp_from_source/Source/FilteringFunctions/arm_fir_lattice_init_f32.o
LOAD .pio/build/genericGD32F330C4/libfdc/cmsis_dsp_from_source/Source/FilteringFunctions/arm_fir_lattice_init_q15.o
LOAD .pio/build/genericGD32F330C4/libfdc/cmsis_dsp_from_source/Source/FilteringFunctions/arm_fir_lattice_init_q31.o
LOAD .pio/build/genericGD32F330C4/libfdc/cmsis_dsp_from_source/Source/FilteringFunctions/arm_fir_lattice_q15.o
LOAD .pio/build/genericGD32F330C4/libfdc/cmsis_dsp_from_source/Source/FilteringFunctions/arm_fir_lattice_q31.o
LOAD .pio/build/genericGD32F330C4/libfdc/cmsis_dsp_from_source/Source/FilteringFunctions/arm_fir_q15.o
LOAD .pio/build/genericGD32F330C4/libfdc/cmsis_dsp_from_source/Source/FilteringFunctions/arm_fir_q31.o
LOAD .pio/build/genericGD32F330C4/libfdc/cmsis_dsp_from_source/Source/FilteringFunctions/arm_fir_q7.o
LOAD .pio/build/genericGD32F330C4/libfdc/cmsis_dsp_from_source/Source/FilteringFunctions/arm_fir_sparse_f32.o
LOAD .pio/build/genericGD32F330C4/libfdc/cmsis_dsp_from_source/Source/FilteringFunctions/arm_fir_sparse_init_f32.o
LOAD .pio/build/genericGD32F330C4/libfdc/cmsis_dsp_from_source/Source/FilteringFunctions/arm_fir_sparse_init_q15.o
LOAD .pio/build/genericGD32F330C4/libfdc/cmsis_dsp_from_source/Source/FilteringFunctions/arm_fir_sparse_init_q31.o
LOAD .pio/build/genericGD32F330C4/libfdc/cmsis_dsp_from_source/Source/FilteringFunctions/arm_fir_sparse_init_q7.o
LOAD .pio/build/genericGD32F330C4/libfdc/cmsis_dsp_from_source/Source/FilteringFunctions/arm_fir_sparse_q15.o
LOAD .pio/build/genericGD32F330C4/libfdc/cmsis_dsp_from_source/Source/FilteringFunctions/arm_fir_sparse_q31.o
LOAD .pio/build/genericGD32F330C4/libfdc/cmsis_dsp_from_source/Source/FilteringFunctions/arm_fir_sparse_q7.o
LOAD .pio/build/genericGD32F330C4/libfdc/cmsis_dsp_from_source/Source/FilteringFunctions/arm_iir_lattice_f32.o
LOAD .pio/build/genericGD32F330C4/libfdc/cmsis_dsp_from_source/Source/FilteringFunctions/arm_iir_lattice_init_f32.o
LOAD .pio/build/genericGD32F330C4/libfdc/cmsis_dsp_from_source/Source/FilteringFunctions/arm_iir_lattice_init_q15.o
LOAD .pio/build/genericGD32F330C4/libfdc/cmsis_dsp_from_source/Source/FilteringFunctions/arm_iir_lattice_init_q31.o
LOAD .pio/build/genericGD32F330C4/libfdc/cmsis_dsp_from_source/Source/FilteringFunctions/arm_iir_lattice_q15.o
LOAD .pio/build/genericGD32F330C4/libfdc/cmsis_dsp_from_source/Source/FilteringFunctions/arm_iir_lattice_q31.o
LOAD .pio/build/genericGD32F330C4/libfdc/cmsis_dsp_from_source/Source/FilteringFunctions/arm_lms_f32.o
LOAD .pio/build/genericGD32F330C4/libfdc/cmsis_dsp_from_source/Source/FilteringFunctions/arm_lms_init_f32.o
LOAD .pio/build/genericGD32F330C4/libfdc/cmsis_dsp_from_source/Source/FilteringFunctions/arm_lms_init_q15.o
LOAD .pio/build/genericGD32F330C4/libfdc/cmsis_dsp_from_source/Source/FilteringFunctions/arm_lms_init_q31.o
LOAD .pio/build/genericGD32F330C4/libfdc/cmsis_dsp_from_source/Source/FilteringFunctions/arm_lms_norm_f32.o
LOAD .pio/build/genericGD32F330C4/libfdc/cmsis_dsp_from_source/Source/FilteringFunctions/arm_lms_norm_init_f32.o
LOAD .pio/build/genericGD32F330C4/libfdc/cmsis_dsp_from_source/Source/FilteringFunctions/arm_lms_norm_init_q15.o
LOAD .pio/build/genericGD32F330C4/libfdc/cmsis_dsp_from_source/Source/FilteringFunctions/arm_lms_norm_init_q31.o
LOAD .pio/build/genericGD32F330C4/libfdc/cmsis_dsp_from_source/Source/FilteringFunctions/arm_lms_norm_q15.o
LOAD .pio/build/genericGD32F330C4/libfdc/cmsis_dsp_from_source/Source/FilteringFunctions/arm_lms_norm_q31.o
LOAD .pio/build/genericGD32F330C4/libfdc/cmsis_dsp_from_source/Source/FilteringFunctions/arm_lms_q15.o
LOAD .pio/build/genericGD32F330C4/libfdc/cmsis_dsp_from_source/Source/FilteringFunctions/arm_lms_q31.o
LOAD .pio/build/genericGD32F330C4/libfdc/cmsis_dsp_from_source/Source/MatrixFunctions/arm_mat_add_f32.o
LOAD .pio/build/genericGD32F330C4/libfdc/cmsis_dsp_from_source/Source/MatrixFunctions/arm_mat_add_q15.o
LOAD .pio/build/genericGD32F330C4/libfdc/cmsis_dsp_from_source/Source/MatrixFunctions/arm_mat_add_q31.o
LOAD .pio/build/genericGD32F330C4/libfdc/cmsis_dsp_from_source/Source/MatrixFunctions/arm_mat_cmplx_mult_f32.o
LOAD .pio/build/genericGD32F330C4/libfdc/cmsis_dsp_from_source/Source/MatrixFunctions/arm_mat_cmplx_mult_q15.o
LOAD .pio/build/genericGD32F330C4/libfdc/cmsis_dsp_from_source/Source/MatrixFunctions/arm_mat_cmplx_mult_q31.o
LOAD .pio/build/genericGD32F330C4/libfdc/cmsis_dsp_from_source/Source/MatrixFunctions/arm_mat_init_f32.o
LOAD .pio/build/genericGD32F330C4/libfdc/cmsis_dsp_from_source/Source/MatrixFunctions/arm_mat_init_q15.o
LOAD .pio/build/genericGD32F330C4/libfdc/cmsis_dsp_from_source/Source/MatrixFunctions/arm_mat_init_q31.o
LOAD .pio/build/genericGD32F330C4/libfdc/cmsis_dsp_from_source/Source/MatrixFunctions/arm_mat_inverse_f32.o
LOAD .pio/build/genericGD32F330C4/libfdc/cmsis_dsp_from_source/Source/MatrixFunctions/arm_mat_inverse_f64.o
LOAD .pio/build/genericGD32F330C4/libfdc/cmsis_dsp_from_source/Source/MatrixFunctions/arm_mat_mult_f32.o
LOAD .pio/build/genericGD32F330C4/libfdc/cmsis_dsp_from_source/Source/MatrixFunctions/arm_mat_mult_fast_q15.o
LOAD .pio/build/genericGD32F330C4/libfdc/cmsis_dsp_from_source/Source/MatrixFunctions/arm_mat_mult_fast_q31.o
LOAD .pio/build/genericGD32F330C4/libfdc/cmsis_dsp_from_source/Source/MatrixFunctions/arm_mat_mult_q15.o
LOAD .pio/build/genericGD32F330C4/libfdc/cmsis_dsp_from_source/Source/MatrixFunctions/arm_mat_mult_q31.o
LOAD .pio/build/genericGD32F330C4/libfdc/cmsis_dsp_from_source/Source/MatrixFunctions/arm_mat_scale_f32.o
LOAD .pio/build/genericGD32F330C4/libfdc/cmsis_dsp_from_source/Source/MatrixFunctions/arm_mat_scale_q15.o
LOAD .pio/build/genericGD32F330C4/libfdc/cmsis_dsp_from_source/Source/MatrixFunctions/arm_mat_scale_q31.o
LOAD .pio/build/genericGD32F330C4/libfdc/cmsis_dsp_from_source/Source/MatrixFunctions/arm_mat_sub_f32.o
LOAD .pio/build/genericGD32F330C4/libfdc/cmsis_dsp_from_source/Source/MatrixFunctions/arm_mat_sub_q15.o
LOAD .pio/build/genericGD32F330C4/libfdc/cmsis_dsp_from_source/Source/MatrixFunctions/arm_mat_sub_q31.o
LOAD .pio/build/genericGD32F330C4/libfdc/cmsis_dsp_from_source/Source/MatrixFunctions/arm_mat_trans_f32.o
LOAD .pio/build/genericGD32F330C4/libfdc/cmsis_dsp_from_source/Source/MatrixFunctions/arm_mat_trans_q15.o
LOAD .pio/build/genericGD32F330C4/libfdc/cmsis_dsp_from_source/Source/MatrixFunctions/arm_mat_trans_q31.o
LOAD .pio/build/genericGD32F330C4/libfdc/cmsis_dsp_from_source/Source/SVMFunctions/arm_svm_linear_init_f32.o
LOAD .pio/build/genericGD32F330C4/libfdc/cmsis_dsp_from_source/Source/SVMFunctions/arm_svm_linear_predict_f32.o
LOAD .pio/build/genericGD32F330C4/libfdc/cmsis_dsp_from_source/Source/SVMFunctions/arm_svm_polynomial_init_f32.o
LOAD .pio/build/genericGD32F330C4/libfdc/cmsis_dsp_from_source/Source/SVMFunctions/arm_svm_polynomial_predict_f32.o
LOAD .pio/build/genericGD32F330C4/libfdc/cmsis_dsp_from_source/Source/SVMFunctions/arm_svm_rbf_init_f32.o
LOAD .pio/build/genericGD32F330C4/libfdc/cmsis_dsp_from_source/Source/SVMFunctions/arm_svm_rbf_predict_f32.o
LOAD .pio/build/genericGD32F330C4/libfdc/cmsis_dsp_from_source/Source/SVMFunctions/arm_svm_sigmoid_init_f32.o
LOAD .pio/build/genericGD32F330C4/libfdc/cmsis_dsp_from_source/Source/SVMFunctions/arm_svm_sigmoid_predict_f32.o
LOAD .pio/build/genericGD32F330C4/libfdc/cmsis_dsp_from_source/Source/StatisticsFunctions/arm_entropy_f32.o
LOAD .pio/build/genericGD32F330C4/libfdc/cmsis_dsp_from_source/Source/StatisticsFunctions/arm_entropy_f64.o
LOAD .pio/build/genericGD32F330C4/libfdc/cmsis_dsp_from_source/Source/StatisticsFunctions/arm_kullback_leibler_f32.o
LOAD .pio/build/genericGD32F330C4/libfdc/cmsis_dsp_from_source/Source/StatisticsFunctions/arm_kullback_leibler_f64.o
LOAD .pio/build/genericGD32F330C4/libfdc/cmsis_dsp_from_source/Source/StatisticsFunctions/arm_logsumexp_dot_prod_f32.o
LOAD .pio/build/genericGD32F330C4/libfdc/cmsis_dsp_from_source/Source/StatisticsFunctions/arm_logsumexp_f32.o
LOAD .pio/build/genericGD32F330C4/libfdc/cmsis_dsp_from_source/Source/StatisticsFunctions/arm_max_f32.o
LOAD .pio/build/genericGD32F330C4/libfdc/cmsis_dsp_from_source/Source/StatisticsFunctions/arm_max_no_idx_f32.o
LOAD .pio/build/genericGD32F330C4/libfdc/cmsis_dsp_from_source/Source/StatisticsFunctions/arm_max_q15.o
LOAD .pio/build/genericGD32F330C4/libfdc/cmsis_dsp_from_source/Source/StatisticsFunctions/arm_max_q31.o
LOAD .pio/build/genericGD32F330C4/libfdc/cmsis_dsp_from_source/Source/StatisticsFunctions/arm_max_q7.o
LOAD .pio/build/genericGD32F330C4/libfdc/cmsis_dsp_from_source/Source/StatisticsFunctions/arm_mean_f32.o
LOAD .pio/build/genericGD32F330C4/libfdc/cmsis_dsp_from_source/Source/StatisticsFunctions/arm_mean_q15.o
LOAD .pio/build/genericGD32F330C4/libfdc/cmsis_dsp_from_source/Source/StatisticsFunctions/arm_mean_q31.o
LOAD .pio/build/genericGD32F330C4/libfdc/cmsis_dsp_from_source/Source/StatisticsFunctions/arm_mean_q7.o
LOAD .pio/build/genericGD32F330C4/libfdc/cmsis_dsp_from_source/Source/StatisticsFunctions/arm_min_f32.o
LOAD .pio/build/genericGD32F330C4/libfdc/cmsis_dsp_from_source/Source/StatisticsFunctions/arm_min_q15.o
LOAD .pio/build/genericGD32F330C4/libfdc/cmsis_dsp_from_source/Source/StatisticsFunctions/arm_min_q31.o
LOAD .pio/build/genericGD32F330C4/libfdc/cmsis_dsp_from_source/Source/StatisticsFunctions/arm_min_q7.o
LOAD .pio/build/genericGD32F330C4/libfdc/cmsis_dsp_from_source/Source/StatisticsFunctions/arm_power_f32.o
LOAD .pio/build/genericGD32F330C4/libfdc/cmsis_dsp_from_source/Source/StatisticsFunctions/arm_power_q15.o
LOAD .pio/build/genericGD32F330C4/libfdc/cmsis_dsp_from_source/Source/StatisticsFunctions/arm_power_q31.o
LOAD .pio/build/genericGD32F330C4/libfdc/cmsis_dsp_from_source/Source/StatisticsFunctions/arm_power_q7.o
LOAD .pio/build/genericGD32F330C4/libfdc/cmsis_dsp_from_source/Source/StatisticsFunctions/arm_rms_f32.o
LOAD .pio/build/genericGD32F330C4/libfdc/cmsis_dsp_from_source/Source/StatisticsFunctions/arm_rms_q15.o
LOAD .pio/build/genericGD32F330C4/libfdc/cmsis_dsp_from_source/Source/StatisticsFunctions/arm_rms_q31.o
LOAD .pio/build/genericGD32F330C4/libfdc/cmsis_dsp_from_source/Source/StatisticsFunctions/arm_std_f32.o
LOAD .pio/build/genericGD32F330C4/libfdc/cmsis_dsp_from_source/Source/StatisticsFunctions/arm_std_q15.o
LOAD .pio/build/genericGD32F330C4/libfdc/cmsis_dsp_from_source/Source/StatisticsFunctions/arm_std_q31.o
LOAD .pio/build/genericGD32F330C4/libfdc/cmsis_dsp_from_source/Source/StatisticsFunctions/arm_var_f32.o
LOAD .pio/build/genericGD32F330C4/libfdc/cmsis_dsp_from_source/Source/StatisticsFunctions/arm_var_q15.o
LOAD .pio/build/genericGD32F330C4/libfdc/cmsis_dsp_from_source/Source/StatisticsFunctions/arm_var_q31.o
LOAD .pio/build/genericGD32F330C4/libfdc/cmsis_dsp_from_source/Source/SupportFunctions/arm_barycenter_f32.o
LOAD .pio/build/genericGD32F330C4/libfdc/cmsis_dsp_from_source/Source/SupportFunctions/arm_bitonic_sort_f32.o
LOAD .pio/build/genericGD32F330C4/libfdc/cmsis_dsp_from_source/Source/SupportFunctions/arm_bubble_sort_f32.o
LOAD .pio/build/genericGD32F330C4/libfdc/cmsis_dsp_from_source/Source/SupportFunctions/arm_copy_f32.o
LOAD .pio/build/genericGD32F330C4/libfdc/cmsis_dsp_from_source/Source/SupportFunctions/arm_copy_q15.o
LOAD .pio/build/genericGD32F330C4/libfdc/cmsis_dsp_from_source/Source/SupportFunctions/arm_copy_q31.o
LOAD .pio/build/genericGD32F330C4/libfdc/cmsis_dsp_from_source/Source/SupportFunctions/arm_copy_q7.o
LOAD .pio/build/genericGD32F330C4/libfdc/cmsis_dsp_from_source/Source/SupportFunctions/arm_fill_f32.o
LOAD .pio/build/genericGD32F330C4/libfdc/cmsis_dsp_from_source/Source/SupportFunctions/arm_fill_q15.o
LOAD .pio/build/genericGD32F330C4/libfdc/cmsis_dsp_from_source/Source/SupportFunctions/arm_fill_q31.o
LOAD .pio/build/genericGD32F330C4/libfdc/cmsis_dsp_from_source/Source/SupportFunctions/arm_fill_q7.o
LOAD .pio/build/genericGD32F330C4/libfdc/cmsis_dsp_from_source/Source/SupportFunctions/arm_float_to_q15.o
LOAD .pio/build/genericGD32F330C4/libfdc/cmsis_dsp_from_source/Source/SupportFunctions/arm_float_to_q31.o
LOAD .pio/build/genericGD32F330C4/libfdc/cmsis_dsp_from_source/Source/SupportFunctions/arm_float_to_q7.o
LOAD .pio/build/genericGD32F330C4/libfdc/cmsis_dsp_from_source/Source/SupportFunctions/arm_heap_sort_f32.o
LOAD .pio/build/genericGD32F330C4/libfdc/cmsis_dsp_from_source/Source/SupportFunctions/arm_insertion_sort_f32.o
LOAD .pio/build/genericGD32F330C4/libfdc/cmsis_dsp_from_source/Source/SupportFunctions/arm_merge_sort_f32.o
LOAD .pio/build/genericGD32F330C4/libfdc/cmsis_dsp_from_source/Source/SupportFunctions/arm_merge_sort_init_f32.o
LOAD .pio/build/genericGD32F330C4/libfdc/cmsis_dsp_from_source/Source/SupportFunctions/arm_q15_to_float.o
LOAD .pio/build/genericGD32F330C4/libfdc/cmsis_dsp_from_source/Source/SupportFunctions/arm_q15_to_q31.o
LOAD .pio/build/genericGD32F330C4/libfdc/cmsis_dsp_from_source/Source/SupportFunctions/arm_q15_to_q7.o
LOAD .pio/build/genericGD32F330C4/libfdc/cmsis_dsp_from_source/Source/SupportFunctions/arm_q31_to_float.o
LOAD .pio/build/genericGD32F330C4/libfdc/cmsis_dsp_from_source/Source/SupportFunctions/arm_q31_to_q15.o
LOAD .pio/build/genericGD32F330C4/libfdc/cmsis_dsp_from_source/Source/SupportFunctions/arm_q31_to_q7.o
LOAD .pio/build/genericGD32F330C4/libfdc/cmsis_dsp_from_source/Source/SupportFunctions/arm_q7_to_float.o
LOAD .pio/build/genericGD32F330C4/libfdc/cmsis_dsp_from_source/Source/SupportFunctions/arm_q7_to_q15.o
LOAD .pio/build/genericGD32F330C4/libfdc/cmsis_dsp_from_source/Source/SupportFunctions/arm_q7_to_q31.o
LOAD .pio/build/genericGD32F330C4/libfdc/cmsis_dsp_from_source/Source/SupportFunctions/arm_quick_sort_f32.o
LOAD .pio/build/genericGD32F330C4/libfdc/cmsis_dsp_from_source/Source/SupportFunctions/arm_selection_sort_f32.o
LOAD .pio/build/genericGD32F330C4/libfdc/cmsis_dsp_from_source/Source/SupportFunctions/arm_sort_f32.o
LOAD .pio/build/genericGD32F330C4/libfdc/cmsis_dsp_from_source/Source/SupportFunctions/arm_sort_init_f32.o
LOAD .pio/build/genericGD32F330C4/libfdc/cmsis_dsp_from_source/Source/SupportFunctions/arm_spline_interp_f32.o
LOAD .pio/build/genericGD32F330C4/libfdc/cmsis_dsp_from_source/Source/SupportFunctions/arm_spline_interp_init_f32.o
LOAD .pio/build/genericGD32F330C4/libfdc/cmsis_dsp_from_source/Source/SupportFunctions/arm_weighted_sum_f32.o
LOAD .pio/build/genericGD32F330C4/libfdc/cmsis_dsp_from_source/Source/TransformFunctions/arm_bitreversal.o
LOAD .pio/build/genericGD32F330C4/libfdc/cmsis_dsp_from_source/Source/TransformFunctions/arm_bitreversal2.o
LOAD .pio/build/genericGD32F330C4/libfdc/cmsis_dsp_from_source/Source/TransformFunctions/arm_cfft_f32.o
LOAD .pio/build/genericGD32F330C4/libfdc/cmsis_dsp_from_source/Source/TransformFunctions/arm_cfft_f64.o
LOAD .pio/build/genericGD32F330C4/libfdc/cmsis_dsp_from_source/Source/TransformFunctions/arm_cfft_init_f32.o
LOAD .pio/build/genericGD32F330C4/libfdc/cmsis_dsp_from_source/Source/TransformFunctions/arm_cfft_init_f64.o
LOAD .pio/build/genericGD32F330C4/libfdc/cmsis_dsp_from_source/Source/TransformFunctions/arm_cfft_init_q15.o
LOAD .pio/build/genericGD32F330C4/libfdc/cmsis_dsp_from_source/Source/TransformFunctions/arm_cfft_init_q31.o
LOAD .pio/build/genericGD32F330C4/libfdc/cmsis_dsp_from_source/Source/TransformFunctions/arm_cfft_q15.o
LOAD .pio/build/genericGD32F330C4/libfdc/cmsis_dsp_from_source/Source/TransformFunctions/arm_cfft_q31.o
LOAD .pio/build/genericGD32F330C4/libfdc/cmsis_dsp_from_source/Source/TransformFunctions/arm_cfft_radix2_f32.o
LOAD .pio/build/genericGD32F330C4/libfdc/cmsis_dsp_from_source/Source/TransformFunctions/arm_cfft_radix2_init_f32.o
LOAD .pio/build/genericGD32F330C4/libfdc/cmsis_dsp_from_source/Source/TransformFunctions/arm_cfft_radix2_init_q15.o
LOAD .pio/build/genericGD32F330C4/libfdc/cmsis_dsp_from_source/Source/TransformFunctions/arm_cfft_radix2_init_q31.o
LOAD .pio/build/genericGD32F330C4/libfdc/cmsis_dsp_from_source/Source/TransformFunctions/arm_cfft_radix2_q15.o
LOAD .pio/build/genericGD32F330C4/libfdc/cmsis_dsp_from_source/Source/TransformFunctions/arm_cfft_radix2_q31.o
LOAD .pio/build/genericGD32F330C4/libfdc/cmsis_dsp_from_source/Source/TransformFunctions/arm_cfft_radix4_f32.o
LOAD .pio/build/genericGD32F330C4/libfdc/cmsis_dsp_from_source/Source/TransformFunctions/arm_cfft_radix4_init_f32.o
LOAD .pio/build/genericGD32F330C4/libfdc/cmsis_dsp_from_source/Source/TransformFunctions/arm_cfft_radix4_init_q15.o
LOAD .pio/build/genericGD32F330C4/libfdc/cmsis_dsp_from_source/Source/TransformFunctions/arm_cfft_radix4_init_q31.o
LOAD .pio/build/genericGD32F330C4/libfdc/cmsis_dsp_from_source/Source/TransformFunctions/arm_cfft_radix4_q15.o
LOAD .pio/build/genericGD32F330C4/libfdc/cmsis_dsp_from_source/Source/TransformFunctions/arm_cfft_radix4_q31.o
LOAD .pio/build/genericGD32F330C4/libfdc/cmsis_dsp_from_source/Source/TransformFunctions/arm_cfft_radix8_f32.o
LOAD .pio/build/genericGD32F330C4/libfdc/cmsis_dsp_from_source/Source/TransformFunctions/arm_dct4_f32.o
LOAD .pio/build/genericGD32F330C4/libfdc/cmsis_dsp_from_source/Source/TransformFunctions/arm_dct4_init_f32.o
LOAD .pio/build/genericGD32F330C4/libfdc/cmsis_dsp_from_source/Source/TransformFunctions/arm_dct4_init_q15.o
LOAD .pio/build/genericGD32F330C4/libfdc/cmsis_dsp_from_source/Source/TransformFunctions/arm_dct4_init_q31.o
LOAD .pio/build/genericGD32F330C4/libfdc/cmsis_dsp_from_source/Source/TransformFunctions/arm_dct4_q15.o
LOAD .pio/build/genericGD32F330C4/libfdc/cmsis_dsp_from_source/Source/TransformFunctions/arm_dct4_q31.o
LOAD .pio/build/genericGD32F330C4/libfdc/cmsis_dsp_from_source/Source/TransformFunctions/arm_rfft_f32.o
LOAD .pio/build/genericGD32F330C4/libfdc/cmsis_dsp_from_source/Source/TransformFunctions/arm_rfft_fast_f32.o
LOAD .pio/build/genericGD32F330C4/libfdc/cmsis_dsp_from_source/Source/TransformFunctions/arm_rfft_fast_f64.o
LOAD .pio/build/genericGD32F330C4/libfdc/cmsis_dsp_from_source/Source/TransformFunctions/arm_rfft_fast_init_f32.o
LOAD .pio/build/genericGD32F330C4/libfdc/cmsis_dsp_from_source/Source/TransformFunctions/arm_rfft_fast_init_f64.o
LOAD .pio/build/genericGD32F330C4/libfdc/cmsis_dsp_from_source/Source/TransformFunctions/arm_rfft_init_f32.o
LOAD .pio/build/genericGD32F330C4/libfdc/cmsis_dsp_from_source/Source/TransformFunctions/arm_rfft_init_q15.o
LOAD .pio/build/genericGD32F330C4/libfdc/cmsis_dsp_from_source/Source/TransformFunctions/arm_rfft_init_q31.o
LOAD .pio/build/genericGD32F330C4/libfdc/cmsis_dsp_from_source/Source/TransformFunctions/arm_rfft_q15.o
LOAD .pio/build/genericGD32F330C4/libfdc/cmsis_dsp_from_source/Source/TransformFunctions/arm_rfft_q31.o
LOAD .pio/build/genericGD32F330C4/src/main.o
LOAD .pio/build/genericGD32F330C4/src/minimal-printf/mbed_printf_implementation.o
LOAD .pio/build/genericGD32F330C4/src/minimal-printf/mbed_printf_wrapper.o
LOAD .pio/build/genericGD32F330C4/src/printf_over_x.o
START GROUP
LOAD c:/users/max/.platformio/packages/toolchain-gccarmnoneeabi@1.90201.191206/bin/../lib/gcc/arm-none-eabi/9.2.1/../../../../arm-none-eabi/lib/thumb/v7e-m+fp/hard\libc_nano.a
LOAD c:/users/max/.platformio/packages/toolchain-gccarmnoneeabi@1.90201.191206/bin/../lib/gcc/arm-none-eabi/9.2.1/thumb/v7e-m+fp/hard\libgcc.a
LOAD c:/users/max/.platformio/packages/toolchain-gccarmnoneeabi@1.90201.191206/bin/../lib/gcc/arm-none-eabi/9.2.1/../../../../arm-none-eabi/lib/thumb/v7e-m+fp/hard\libm.a
LOAD c:/users/max/.platformio/packages/toolchain-gccarmnoneeabi@1.90201.191206/bin/../lib/gcc/arm-none-eabi/9.2.1/../../../../arm-none-eabi/lib/thumb/v7e-m+fp/hard\libstdc++_nano.a
LOAD .pio/build/genericGD32F330C4/libFrameworkCMSISVariant.a
LOAD .pio/build/genericGD32F330C4/libFrameworkSPL.a
END GROUP
START GROUP
LOAD c:/users/max/.platformio/packages/toolchain-gccarmnoneeabi@1.90201.191206/bin/../lib/gcc/arm-none-eabi/9.2.1/thumb/v7e-m+fp/hard\libgcc.a
LOAD c:/users/max/.platformio/packages/toolchain-gccarmnoneeabi@1.90201.191206/bin/../lib/gcc/arm-none-eabi/9.2.1/../../../../arm-none-eabi/lib/thumb/v7e-m+fp/hard\libc_nano.a
END GROUP
START GROUP
LOAD c:/users/max/.platformio/packages/toolchain-gccarmnoneeabi@1.90201.191206/bin/../lib/gcc/arm-none-eabi/9.2.1/thumb/v7e-m+fp/hard\libgcc.a
LOAD c:/users/max/.platformio/packages/toolchain-gccarmnoneeabi@1.90201.191206/bin/../lib/gcc/arm-none-eabi/9.2.1/../../../../arm-none-eabi/lib/thumb/v7e-m+fp/hard\libc_nano.a
LOAD c:/users/max/.platformio/packages/toolchain-gccarmnoneeabi@1.90201.191206/bin/../lib/gcc/arm-none-eabi/9.2.1/../../../../arm-none-eabi/lib/thumb/v7e-m+fp/hard\libnosys.a
END GROUP
START GROUP
LOAD c:/users/max/.platformio/packages/toolchain-gccarmnoneeabi@1.90201.191206/bin/../lib/gcc/arm-none-eabi/9.2.1/thumb/v7e-m+fp/hard\libgcc.a
LOAD c:/users/max/.platformio/packages/toolchain-gccarmnoneeabi@1.90201.191206/bin/../lib/gcc/arm-none-eabi/9.2.1/../../../../arm-none-eabi/lib/thumb/v7e-m+fp/hard\libc_nano.a
LOAD c:/users/max/.platformio/packages/toolchain-gccarmnoneeabi@1.90201.191206/bin/../lib/gcc/arm-none-eabi/9.2.1/../../../../arm-none-eabi/lib/thumb/v7e-m+fp/hard\libnosys.a
END GROUP
LOAD c:/users/max/.platformio/packages/toolchain-gccarmnoneeabi@1.90201.191206/bin/../lib/gcc/arm-none-eabi/9.2.1/thumb/v7e-m+fp/hard/crtend.o
LOAD c:/users/max/.platformio/packages/toolchain-gccarmnoneeabi@1.90201.191206/bin/../lib/gcc/arm-none-eabi/9.2.1/thumb/v7e-m+fp/hard/crtn.o
                0x0000000020001000                _estack = 0x20001000
                0x0000000000000200                _Min_Heap_Size = 0x200
                0x0000000000000400                _Min_Stack_Size = 0x400

.isr_vector     0x0000000008000000      0x150
                0x0000000008000000                . = ALIGN (0x4)
 *(.isr_vector)
 .isr_vector    0x0000000008000000      0x150 .pio/build/genericGD32F330C4/FrameworkCMSISStartup/startup_gd32f3x0.o
                0x0000000008000000                g_pfnVectors
                0x0000000008000150                . = ALIGN (0x4)

.text           0x0000000008000150     0x1f80
                0x0000000008000150                . = ALIGN (0x4)
 *(.text)
 .text          0x0000000008000150      0x378 c:/users/max/.platformio/packages/toolchain-gccarmnoneeabi@1.90201.191206/bin/../lib/gcc/arm-none-eabi/9.2.1/thumb/v7e-m+fp/hard\libgcc.a(_arm_addsubdf3.o)
                0x0000000008000150                __aeabi_drsub
                0x0000000008000158                __aeabi_dsub
                0x0000000008000158                __subdf3
                0x000000000800015c                __aeabi_dadd
                0x000000000800015c                __adddf3
                0x00000000080003d4                __floatunsidf
                0x00000000080003d4                __aeabi_ui2d
                0x00000000080003f4                __floatsidf
                0x00000000080003f4                __aeabi_i2d
                0x0000000008000418                __aeabi_f2d
                0x0000000008000418                __extendsfdf2
                0x000000000800045c                __floatundidf
                0x000000000800045c                __aeabi_ul2d
                0x000000000800046c                __floatdidf
                0x000000000800046c                __aeabi_l2d
 .text          0x00000000080004c8       0xa0 c:/users/max/.platformio/packages/toolchain-gccarmnoneeabi@1.90201.191206/bin/../lib/gcc/arm-none-eabi/9.2.1/thumb/v7e-m+fp/hard\libgcc.a(_arm_truncdfsf2.o)
                0x00000000080004c8                __truncdfsf2
                0x00000000080004c8                __aeabi_d2f
 *(.text*)
 .text.__do_global_dtors_aux
                0x0000000008000568       0x24 c:/users/max/.platformio/packages/toolchain-gccarmnoneeabi@1.90201.191206/bin/../lib/gcc/arm-none-eabi/9.2.1/thumb/v7e-m+fp/hard/crtbegin.o
 .text.frame_dummy
                0x000000000800058c       0x1c c:/users/max/.platformio/packages/toolchain-gccarmnoneeabi@1.90201.191206/bin/../lib/gcc/arm-none-eabi/9.2.1/thumb/v7e-m+fp/hard/crtbegin.o
 .text.Reset_Handler
                0x00000000080005a8       0x48 .pio/build/genericGD32F330C4/FrameworkCMSISStartup/startup_gd32f3x0.o
                0x00000000080005a8                Reset_Handler
 .text.Default_Handler
                0x00000000080005f0        0x2 .pio/build/genericGD32F330C4/FrameworkCMSISStartup/startup_gd32f3x0.o
                0x00000000080005f0                TIMER2_IRQHandler
                0x00000000080005f0                LVD_IRQHandler
                0x00000000080005f0                TSI_IRQHandler
                0x00000000080005f0                TIMER15_IRQHandler
                0x00000000080005f0                USBFS_WKUP_IRQHandler
                0x00000000080005f0                TIMER5_DAC_IRQHandler
                0x00000000080005f0                USBFS_IRQHandler
                0x00000000080005f0                I2C0_EV_IRQHandler
                0x00000000080005f0                ADC_CMP_IRQHandler
                0x00000000080005f0                SPI1_IRQHandler
                0x00000000080005f0                DMA_Channel3_4_IRQHandler
                0x00000000080005f0                TIMER14_IRQHandler
                0x00000000080005f0                TIMER16_IRQHandler
                0x00000000080005f0                EXTI2_3_IRQHandler
                0x00000000080005f0                I2C0_ER_IRQHandler
                0x00000000080005f0                RTC_IRQHandler
                0x00000000080005f0                USART0_IRQHandler
                0x00000000080005f0                TIMER1_IRQHandler
                0x00000000080005f0                TIMER13_IRQHandler
                0x00000000080005f0                I2C1_EV_IRQHandler
                0x00000000080005f0                EXTI4_15_IRQHandler
                0x00000000080005f0                Default_Handler
                0x00000000080005f0                CEC_IRQHandler
                0x00000000080005f0                WWDGT_IRQHandler
                0x00000000080005f0                DMA_Channel5_6_IRQHandler
                0x00000000080005f0                TIMER0_BRK_UP_TRG_COM_IRQHandler
                0x00000000080005f0                EXTI0_1_IRQHandler
                0x00000000080005f0                DMA_Channel1_2_IRQHandler
                0x00000000080005f0                RCU_CTC_IRQHandler
                0x00000000080005f0                TIMER0_Channel_IRQHandler
                0x00000000080005f0                SPI0_IRQHandler
                0x00000000080005f0                DMA_Channel0_IRQHandler
                0x00000000080005f0                USART1_IRQHandler
                0x00000000080005f0                I2C1_ER_IRQHandler
                0x00000000080005f0                FMC_IRQHandler
 .text.arm_add_f32
                0x00000000080005f2       0x18 .pio/build/genericGD32F330C4/libfdc/cmsis_dsp_from_source/Source/BasicMathFunctions/arm_add_f32.o
                0x00000000080005f2                arm_add_f32
 .text.arm_mult_f32
                0x000000000800060a       0x18 .pio/build/genericGD32F330C4/libfdc/cmsis_dsp_from_source/Source/BasicMathFunctions/arm_mult_f32.o
                0x000000000800060a                arm_mult_f32
 *fill*         0x0000000008000622        0x2 
 .text.arm_cos_f32
                0x0000000008000624       0x94 .pio/build/genericGD32F330C4/libfdc/cmsis_dsp_from_source/Source/FastMathFunctions/arm_cos_f32.o
                0x0000000008000624                arm_cos_f32
 .text.arm_sin_f32
                0x00000000080006b8       0x88 .pio/build/genericGD32F330C4/libfdc/cmsis_dsp_from_source/Source/FastMathFunctions/arm_sin_f32.o
                0x00000000080006b8                arm_sin_f32
 .text.systick_config
                0x0000000008000740       0x3c .pio/build/genericGD32F330C4/src/main.o
                0x0000000008000740                systick_config
 .text.delay_1ms
                0x000000000800077c       0x10 .pio/build/genericGD32F330C4/src/main.o
                0x000000000800077c                delay_1ms
 .text.startup.main
                0x000000000800078c      0x130 .pio/build/genericGD32F330C4/src/main.o
                0x000000000800078c                main
 .text.delay_decrement
                0x00000000080008bc       0x14 .pio/build/genericGD32F330C4/src/main.o
                0x00000000080008bc                delay_decrement
 .text.NMI_Handler
                0x00000000080008d0        0x2 .pio/build/genericGD32F330C4/src/main.o
                0x00000000080008d0                NMI_Handler
 .text.HardFault_Handler
                0x00000000080008d2        0x2 .pio/build/genericGD32F330C4/src/main.o
                0x00000000080008d2                HardFault_Handler
 .text.MemManage_Handler
                0x00000000080008d4        0x2 .pio/build/genericGD32F330C4/src/main.o
                0x00000000080008d4                MemManage_Handler
 .text.BusFault_Handler
                0x00000000080008d6        0x2 .pio/build/genericGD32F330C4/src/main.o
                0x00000000080008d6                BusFault_Handler
 .text.UsageFault_Handler
                0x00000000080008d8        0x2 .pio/build/genericGD32F330C4/src/main.o
                0x00000000080008d8                UsageFault_Handler
 .text.SVC_Handler
                0x00000000080008da        0x2 .pio/build/genericGD32F330C4/src/main.o
                0x00000000080008da                SVC_Handler
 .text.DebugMon_Handler
                0x00000000080008dc        0x2 .pio/build/genericGD32F330C4/src/main.o
                0x00000000080008dc                DebugMon_Handler
 .text.PendSV_Handler
                0x00000000080008de        0x2 .pio/build/genericGD32F330C4/src/main.o
                0x00000000080008de                PendSV_Handler
 .text.SysTick_Handler
                0x00000000080008e0        0x4 .pio/build/genericGD32F330C4/src/main.o
                0x00000000080008e0                SysTick_Handler
 .text.mbed_minimal_putchar
                0x00000000080008e4       0x34 .pio/build/genericGD32F330C4/src/minimal-printf/mbed_printf_implementation.o
 .text.mbed_minimal_formatted_string_integer
                0x0000000008000918      0x11c .pio/build/genericGD32F330C4/src/minimal-printf/mbed_printf_implementation.o
 .text.mbed_minimal_formatted_string
                0x0000000008000a34      0x3b4 .pio/build/genericGD32F330C4/src/minimal-printf/mbed_printf_implementation.o
                0x0000000008000a34                mbed_minimal_formatted_string
 .text.__wrap_printf
                0x0000000008000de8       0x2c .pio/build/genericGD32F330C4/src/minimal-printf/mbed_printf_wrapper.o
                0x0000000008000de8                __wrap_printf
 .text.init_printf_transport
                0x0000000008000e14       0xb8 .pio/build/genericGD32F330C4/src/printf_over_x.o
                0x0000000008000e14                init_printf_transport
 .text._write   0x0000000008000ecc       0x44 .pio/build/genericGD32F330C4/src/printf_over_x.o
                0x0000000008000ecc                _write
 .text.__errno  0x0000000008000f10        0xc c:/users/max/.platformio/packages/toolchain-gccarmnoneeabi@1.90201.191206/bin/../lib/gcc/arm-none-eabi/9.2.1/../../../../arm-none-eabi/lib/thumb/v7e-m+fp/hard\libc_nano.a(lib_a-errno.o)
                0x0000000008000f10                __errno
 .text._fputc_r
                0x0000000008000f1c       0x70 c:/users/max/.platformio/packages/toolchain-gccarmnoneeabi@1.90201.191206/bin/../lib/gcc/arm-none-eabi/9.2.1/../../../../arm-none-eabi/lib/thumb/v7e-m+fp/hard\libc_nano.a(lib_a-fputc.o)
                0x0000000008000f1c                _fputc_r
 .text.fputc    0x0000000008000f8c       0x10 c:/users/max/.platformio/packages/toolchain-gccarmnoneeabi@1.90201.191206/bin/../lib/gcc/arm-none-eabi/9.2.1/../../../../arm-none-eabi/lib/thumb/v7e-m+fp/hard\libc_nano.a(lib_a-fputc.o)
                0x0000000008000f8c                fputc
 .text.__libc_init_array
                0x0000000008000f9c       0x48 c:/users/max/.platformio/packages/toolchain-gccarmnoneeabi@1.90201.191206/bin/../lib/gcc/arm-none-eabi/9.2.1/../../../../arm-none-eabi/lib/thumb/v7e-m+fp/hard\libc_nano.a(lib_a-init.o)
                0x0000000008000f9c                __libc_init_array
 .text.__retarget_lock_init_recursive
                0x0000000008000fe4        0x2 c:/users/max/.platformio/packages/toolchain-gccarmnoneeabi@1.90201.191206/bin/../lib/gcc/arm-none-eabi/9.2.1/../../../../arm-none-eabi/lib/thumb/v7e-m+fp/hard\libc_nano.a(lib_a-lock.o)
                0x0000000008000fe4                __retarget_lock_init_recursive
 .text.__retarget_lock_acquire_recursive
                0x0000000008000fe6        0x2 c:/users/max/.platformio/packages/toolchain-gccarmnoneeabi@1.90201.191206/bin/../lib/gcc/arm-none-eabi/9.2.1/../../../../arm-none-eabi/lib/thumb/v7e-m+fp/hard\libc_nano.a(lib_a-lock.o)
                0x0000000008000fe6                __retarget_lock_acquire_recursive
 .text.__retarget_lock_release_recursive
                0x0000000008000fe8        0x2 c:/users/max/.platformio/packages/toolchain-gccarmnoneeabi@1.90201.191206/bin/../lib/gcc/arm-none-eabi/9.2.1/../../../../arm-none-eabi/lib/thumb/v7e-m+fp/hard\libc_nano.a(lib_a-lock.o)
                0x0000000008000fe8                __retarget_lock_release_recursive
 .text.memset   0x0000000008000fea       0x10 c:/users/max/.platformio/packages/toolchain-gccarmnoneeabi@1.90201.191206/bin/../lib/gcc/arm-none-eabi/9.2.1/../../../../arm-none-eabi/lib/thumb/v7e-m+fp/hard\libc_nano.a(lib_a-memset.o)
                0x0000000008000fea                memset
 *fill*         0x0000000008000ffa        0x2 
 .text._putc_r  0x0000000008000ffc       0x90 c:/users/max/.platformio/packages/toolchain-gccarmnoneeabi@1.90201.191206/bin/../lib/gcc/arm-none-eabi/9.2.1/../../../../arm-none-eabi/lib/thumb/v7e-m+fp/hard\libc_nano.a(lib_a-putc.o)
                0x0000000008000ffc                _putc_r
 .text._puts_r  0x000000000800108c       0xdc c:/users/max/.platformio/packages/toolchain-gccarmnoneeabi@1.90201.191206/bin/../lib/gcc/arm-none-eabi/9.2.1/../../../../arm-none-eabi/lib/thumb/v7e-m+fp/hard\libc_nano.a(lib_a-puts.o)
                0x000000000800108c                _puts_r
 .text.puts     0x0000000008001168       0x10 c:/users/max/.platformio/packages/toolchain-gccarmnoneeabi@1.90201.191206/bin/../lib/gcc/arm-none-eabi/9.2.1/../../../../arm-none-eabi/lib/thumb/v7e-m+fp/hard\libc_nano.a(lib_a-puts.o)
                0x0000000008001168                puts
 .text.__swbuf_r
                0x0000000008001178       0xa4 c:/users/max/.platformio/packages/toolchain-gccarmnoneeabi@1.90201.191206/bin/../lib/gcc/arm-none-eabi/9.2.1/../../../../arm-none-eabi/lib/thumb/v7e-m+fp/hard\libc_nano.a(lib_a-wbuf.o)
                0x0000000008001178                __swbuf_r
 .text.__swsetup_r
                0x000000000800121c       0xdc c:/users/max/.platformio/packages/toolchain-gccarmnoneeabi@1.90201.191206/bin/../lib/gcc/arm-none-eabi/9.2.1/../../../../arm-none-eabi/lib/thumb/v7e-m+fp/hard\libc_nano.a(lib_a-wsetup.o)
                0x000000000800121c                __swsetup_r
 .text.__sflush_r
                0x00000000080012f8      0x10c c:/users/max/.platformio/packages/toolchain-gccarmnoneeabi@1.90201.191206/bin/../lib/gcc/arm-none-eabi/9.2.1/../../../../arm-none-eabi/lib/thumb/v7e-m+fp/hard\libc_nano.a(lib_a-fflush.o)
                0x00000000080012f8                __sflush_r
 .text._fflush_r
                0x0000000008001404       0x78 c:/users/max/.platformio/packages/toolchain-gccarmnoneeabi@1.90201.191206/bin/../lib/gcc/arm-none-eabi/9.2.1/../../../../arm-none-eabi/lib/thumb/v7e-m+fp/hard\libc_nano.a(lib_a-fflush.o)
                0x0000000008001404                _fflush_r
 .text.std      0x000000000800147c       0x48 c:/users/max/.platformio/packages/toolchain-gccarmnoneeabi@1.90201.191206/bin/../lib/gcc/arm-none-eabi/9.2.1/../../../../arm-none-eabi/lib/thumb/v7e-m+fp/hard\libc_nano.a(lib_a-findfp.o)
 .text._cleanup_r
                0x00000000080014c4        0xc c:/users/max/.platformio/packages/toolchain-gccarmnoneeabi@1.90201.191206/bin/../lib/gcc/arm-none-eabi/9.2.1/../../../../arm-none-eabi/lib/thumb/v7e-m+fp/hard\libc_nano.a(lib_a-findfp.o)
                0x00000000080014c4                _cleanup_r
 .text.__sfmoreglue
                0x00000000080014d0       0x2c c:/users/max/.platformio/packages/toolchain-gccarmnoneeabi@1.90201.191206/bin/../lib/gcc/arm-none-eabi/9.2.1/../../../../arm-none-eabi/lib/thumb/v7e-m+fp/hard\libc_nano.a(lib_a-findfp.o)
                0x00000000080014d0                __sfmoreglue
 .text.__sfp_lock_acquire
                0x00000000080014fc        0xc c:/users/max/.platformio/packages/toolchain-gccarmnoneeabi@1.90201.191206/bin/../lib/gcc/arm-none-eabi/9.2.1/../../../../arm-none-eabi/lib/thumb/v7e-m+fp/hard\libc_nano.a(lib_a-findfp.o)
                0x00000000080014fc                __sfp_lock_acquire
 .text.__sfp_lock_release
                0x0000000008001508        0xc c:/users/max/.platformio/packages/toolchain-gccarmnoneeabi@1.90201.191206/bin/../lib/gcc/arm-none-eabi/9.2.1/../../../../arm-none-eabi/lib/thumb/v7e-m+fp/hard\libc_nano.a(lib_a-findfp.o)
                0x0000000008001508                __sfp_lock_release
 .text.__sinit_lock_acquire
                0x0000000008001514        0xc c:/users/max/.platformio/packages/toolchain-gccarmnoneeabi@1.90201.191206/bin/../lib/gcc/arm-none-eabi/9.2.1/../../../../arm-none-eabi/lib/thumb/v7e-m+fp/hard\libc_nano.a(lib_a-findfp.o)
                0x0000000008001514                __sinit_lock_acquire
 .text.__sinit_lock_release
                0x0000000008001520        0xc c:/users/max/.platformio/packages/toolchain-gccarmnoneeabi@1.90201.191206/bin/../lib/gcc/arm-none-eabi/9.2.1/../../../../arm-none-eabi/lib/thumb/v7e-m+fp/hard\libc_nano.a(lib_a-findfp.o)
                0x0000000008001520                __sinit_lock_release
 .text.__sinit  0x000000000800152c       0x70 c:/users/max/.platformio/packages/toolchain-gccarmnoneeabi@1.90201.191206/bin/../lib/gcc/arm-none-eabi/9.2.1/../../../../arm-none-eabi/lib/thumb/v7e-m+fp/hard\libc_nano.a(lib_a-findfp.o)
                0x000000000800152c                __sinit
 .text.__sfp    0x000000000800159c       0x8c c:/users/max/.platformio/packages/toolchain-gccarmnoneeabi@1.90201.191206/bin/../lib/gcc/arm-none-eabi/9.2.1/../../../../arm-none-eabi/lib/thumb/v7e-m+fp/hard\libc_nano.a(lib_a-findfp.o)
                0x000000000800159c                __sfp
 .text._fwalk_reent
                0x0000000008001628       0x3e c:/users/max/.platformio/packages/toolchain-gccarmnoneeabi@1.90201.191206/bin/../lib/gcc/arm-none-eabi/9.2.1/../../../../arm-none-eabi/lib/thumb/v7e-m+fp/hard\libc_nano.a(lib_a-fwalk.o)
                0x0000000008001628                _fwalk_reent
 .text.__swhatbuf_r
                0x0000000008001666       0x48 c:/users/max/.platformio/packages/toolchain-gccarmnoneeabi@1.90201.191206/bin/../lib/gcc/arm-none-eabi/9.2.1/../../../../arm-none-eabi/lib/thumb/v7e-m+fp/hard\libc_nano.a(lib_a-makebuf.o)
                0x0000000008001666                __swhatbuf_r
 *fill*         0x00000000080016ae        0x2 
 .text.__smakebuf_r
                0x00000000080016b0       0x80 c:/users/max/.platformio/packages/toolchain-gccarmnoneeabi@1.90201.191206/bin/../lib/gcc/arm-none-eabi/9.2.1/../../../../arm-none-eabi/lib/thumb/v7e-m+fp/hard\libc_nano.a(lib_a-makebuf.o)
                0x00000000080016b0                __smakebuf_r
 .text._free_r  0x0000000008001730       0xa0 c:/users/max/.platformio/packages/toolchain-gccarmnoneeabi@1.90201.191206/bin/../lib/gcc/arm-none-eabi/9.2.1/../../../../arm-none-eabi/lib/thumb/v7e-m+fp/hard\libc_nano.a(lib_a-nano-freer.o)
                0x0000000008001730                _free_r
 .text._malloc_r
                0x00000000080017d0       0xb4 c:/users/max/.platformio/packages/toolchain-gccarmnoneeabi@1.90201.191206/bin/../lib/gcc/arm-none-eabi/9.2.1/../../../../arm-none-eabi/lib/thumb/v7e-m+fp/hard\libc_nano.a(lib_a-nano-mallocr.o)
                0x00000000080017d0                _malloc_r
 .text._sbrk_r  0x0000000008001884       0x20 c:/users/max/.platformio/packages/toolchain-gccarmnoneeabi@1.90201.191206/bin/../lib/gcc/arm-none-eabi/9.2.1/../../../../arm-none-eabi/lib/thumb/v7e-m+fp/hard\libc_nano.a(lib_a-sbrkr.o)
                0x0000000008001884                _sbrk_r
 .text.__sread  0x00000000080018a4       0x22 c:/users/max/.platformio/packages/toolchain-gccarmnoneeabi@1.90201.191206/bin/../lib/gcc/arm-none-eabi/9.2.1/../../../../arm-none-eabi/lib/thumb/v7e-m+fp/hard\libc_nano.a(lib_a-stdio.o)
                0x00000000080018a4                __sread
 .text.__swrite
                0x00000000080018c6       0x38 c:/users/max/.platformio/packages/toolchain-gccarmnoneeabi@1.90201.191206/bin/../lib/gcc/arm-none-eabi/9.2.1/../../../../arm-none-eabi/lib/thumb/v7e-m+fp/hard\libc_nano.a(lib_a-stdio.o)
                0x00000000080018c6                __swrite
 .text.__sseek  0x00000000080018fe       0x24 c:/users/max/.platformio/packages/toolchain-gccarmnoneeabi@1.90201.191206/bin/../lib/gcc/arm-none-eabi/9.2.1/../../../../arm-none-eabi/lib/thumb/v7e-m+fp/hard\libc_nano.a(lib_a-stdio.o)
                0x00000000080018fe                __sseek
 .text.__sclose
                0x0000000008001922        0x8 c:/users/max/.platformio/packages/toolchain-gccarmnoneeabi@1.90201.191206/bin/../lib/gcc/arm-none-eabi/9.2.1/../../../../arm-none-eabi/lib/thumb/v7e-m+fp/hard\libc_nano.a(lib_a-stdio.o)
                0x0000000008001922                __sclose
 *fill*         0x000000000800192a        0x2 
 .text._write_r
                0x000000000800192c       0x24 c:/users/max/.platformio/packages/toolchain-gccarmnoneeabi@1.90201.191206/bin/../lib/gcc/arm-none-eabi/9.2.1/../../../../arm-none-eabi/lib/thumb/v7e-m+fp/hard\libc_nano.a(lib_a-writer.o)
                0x000000000800192c                _write_r
 .text._close_r
                0x0000000008001950       0x20 c:/users/max/.platformio/packages/toolchain-gccarmnoneeabi@1.90201.191206/bin/../lib/gcc/arm-none-eabi/9.2.1/../../../../arm-none-eabi/lib/thumb/v7e-m+fp/hard\libc_nano.a(lib_a-closer.o)
                0x0000000008001950                _close_r
 .text._fstat_r
                0x0000000008001970       0x24 c:/users/max/.platformio/packages/toolchain-gccarmnoneeabi@1.90201.191206/bin/../lib/gcc/arm-none-eabi/9.2.1/../../../../arm-none-eabi/lib/thumb/v7e-m+fp/hard\libc_nano.a(lib_a-fstatr.o)
                0x0000000008001970                _fstat_r
 .text._isatty_r
                0x0000000008001994       0x20 c:/users/max/.platformio/packages/toolchain-gccarmnoneeabi@1.90201.191206/bin/../lib/gcc/arm-none-eabi/9.2.1/../../../../arm-none-eabi/lib/thumb/v7e-m+fp/hard\libc_nano.a(lib_a-isattyr.o)
                0x0000000008001994                _isatty_r
 .text._lseek_r
                0x00000000080019b4       0x24 c:/users/max/.platformio/packages/toolchain-gccarmnoneeabi@1.90201.191206/bin/../lib/gcc/arm-none-eabi/9.2.1/../../../../arm-none-eabi/lib/thumb/v7e-m+fp/hard\libc_nano.a(lib_a-lseekr.o)
                0x00000000080019b4                _lseek_r
 .text.__malloc_lock
                0x00000000080019d8        0xc c:/users/max/.platformio/packages/toolchain-gccarmnoneeabi@1.90201.191206/bin/../lib/gcc/arm-none-eabi/9.2.1/../../../../arm-none-eabi/lib/thumb/v7e-m+fp/hard\libc_nano.a(lib_a-mlock.o)
                0x00000000080019d8                __malloc_lock
 .text.__malloc_unlock
                0x00000000080019e4        0xc c:/users/max/.platformio/packages/toolchain-gccarmnoneeabi@1.90201.191206/bin/../lib/gcc/arm-none-eabi/9.2.1/../../../../arm-none-eabi/lib/thumb/v7e-m+fp/hard\libc_nano.a(lib_a-mlock.o)
                0x00000000080019e4                __malloc_unlock
 .text._read_r  0x00000000080019f0       0x24 c:/users/max/.platformio/packages/toolchain-gccarmnoneeabi@1.90201.191206/bin/../lib/gcc/arm-none-eabi/9.2.1/../../../../arm-none-eabi/lib/thumb/v7e-m+fp/hard\libc_nano.a(lib_a-readr.o)
                0x00000000080019f0                _read_r
 .text.SystemInit
                0x0000000008001a14      0x218 .pio/build/genericGD32F330C4/libFrameworkCMSISVariant.a(system_gd32f3x0.o)
                0x0000000008001a14                SystemInit
 .text.gpio_mode_set
                0x0000000008001c2c       0x44 .pio/build/genericGD32F330C4/libFrameworkSPL.a(gd32f3x0_gpio.o)
                0x0000000008001c2c                gpio_mode_set
 .text.gpio_output_options_set
                0x0000000008001c70       0x6e .pio/build/genericGD32F330C4/libFrameworkSPL.a(gd32f3x0_gpio.o)
                0x0000000008001c70                gpio_output_options_set
 .text.gpio_af_set
                0x0000000008001cde       0x5c .pio/build/genericGD32F330C4/libFrameworkSPL.a(gd32f3x0_gpio.o)
                0x0000000008001cde                gpio_af_set
 *fill*         0x0000000008001d3a        0x2 
 .text.nvic_vector_table_set
                0x0000000008001d3c       0x14 .pio/build/genericGD32F330C4/libFrameworkSPL.a(gd32f3x0_misc.o)
                0x0000000008001d3c                nvic_vector_table_set
 .text.rcu_periph_clock_enable
                0x0000000008001d50       0x1c .pio/build/genericGD32F330C4/libFrameworkSPL.a(gd32f3x0_rcu.o)
                0x0000000008001d50                rcu_periph_clock_enable
 .text.rcu_periph_clock_disable
                0x0000000008001d6c       0x1e .pio/build/genericGD32F330C4/libFrameworkSPL.a(gd32f3x0_rcu.o)
                0x0000000008001d6c                rcu_periph_clock_disable
 .text.rcu_periph_reset_enable
                0x0000000008001d8a        0x4 .pio/build/genericGD32F330C4/libFrameworkSPL.a(gd32f3x0_rcu.o)
                0x0000000008001d8a                rcu_periph_reset_enable
 .text.rcu_periph_reset_disable
                0x0000000008001d8e        0x4 .pio/build/genericGD32F330C4/libFrameworkSPL.a(gd32f3x0_rcu.o)
                0x0000000008001d8e                rcu_periph_reset_disable
 *fill*         0x0000000008001d92        0x2 
 .text.rcu_clock_freq_get
                0x0000000008001d94      0x1a0 .pio/build/genericGD32F330C4/libFrameworkSPL.a(gd32f3x0_rcu.o)
                0x0000000008001d94                rcu_clock_freq_get
 .text.usart_deinit
                0x0000000008001f34       0x38 .pio/build/genericGD32F330C4/libFrameworkSPL.a(gd32f3x0_usart.o)
                0x0000000008001f34                usart_deinit
 .text.usart_baudrate_set
                0x0000000008001f6c       0x54 .pio/build/genericGD32F330C4/libFrameworkSPL.a(gd32f3x0_usart.o)
                0x0000000008001f6c                usart_baudrate_set
 .text.usart_parity_config
                0x0000000008001fc0       0x18 .pio/build/genericGD32F330C4/libFrameworkSPL.a(gd32f3x0_usart.o)
                0x0000000008001fc0                usart_parity_config
 .text.usart_word_length_set
                0x0000000008001fd8       0x18 .pio/build/genericGD32F330C4/libFrameworkSPL.a(gd32f3x0_usart.o)
                0x0000000008001fd8                usart_word_length_set
 .text.usart_stop_bit_set
                0x0000000008001ff0       0x18 .pio/build/genericGD32F330C4/libFrameworkSPL.a(gd32f3x0_usart.o)
                0x0000000008001ff0                usart_stop_bit_set
 .text.usart_enable
                0x0000000008002008        0xa .pio/build/genericGD32F330C4/libFrameworkSPL.a(gd32f3x0_usart.o)
                0x0000000008002008                usart_enable
 .text.usart_transmit_config
                0x0000000008002012       0x10 .pio/build/genericGD32F330C4/libFrameworkSPL.a(gd32f3x0_usart.o)
                0x0000000008002012                usart_transmit_config
 .text.usart_receive_config
                0x0000000008002022       0x10 .pio/build/genericGD32F330C4/libFrameworkSPL.a(gd32f3x0_usart.o)
                0x0000000008002022                usart_receive_config
 .text.usart_data_transmit
                0x0000000008002032        0x8 .pio/build/genericGD32F330C4/libFrameworkSPL.a(gd32f3x0_usart.o)
                0x0000000008002032                usart_data_transmit
 .text.usart_flag_get
                0x000000000800203a       0x10 .pio/build/genericGD32F330C4/libFrameworkSPL.a(gd32f3x0_usart.o)
                0x000000000800203a                usart_flag_get
 *fill*         0x000000000800204a        0x2 
 .text._close   0x000000000800204c       0x10 c:/users/max/.platformio/packages/toolchain-gccarmnoneeabi@1.90201.191206/bin/../lib/gcc/arm-none-eabi/9.2.1/../../../../arm-none-eabi/lib/thumb/v7e-m+fp/hard\libnosys.a(close.o)
                0x000000000800204c                _close
 .text._fstat   0x000000000800205c       0x10 c:/users/max/.platformio/packages/toolchain-gccarmnoneeabi@1.90201.191206/bin/../lib/gcc/arm-none-eabi/9.2.1/../../../../arm-none-eabi/lib/thumb/v7e-m+fp/hard\libnosys.a(fstat.o)
                0x000000000800205c                _fstat
 .text._isatty  0x000000000800206c       0x10 c:/users/max/.platformio/packages/toolchain-gccarmnoneeabi@1.90201.191206/bin/../lib/gcc/arm-none-eabi/9.2.1/../../../../arm-none-eabi/lib/thumb/v7e-m+fp/hard\libnosys.a(isatty.o)
                0x000000000800206c                _isatty
 .text._lseek   0x000000000800207c       0x10 c:/users/max/.platformio/packages/toolchain-gccarmnoneeabi@1.90201.191206/bin/../lib/gcc/arm-none-eabi/9.2.1/../../../../arm-none-eabi/lib/thumb/v7e-m+fp/hard\libnosys.a(lseek.o)
                0x000000000800207c                _lseek
 .text._read    0x000000000800208c       0x10 c:/users/max/.platformio/packages/toolchain-gccarmnoneeabi@1.90201.191206/bin/../lib/gcc/arm-none-eabi/9.2.1/../../../../arm-none-eabi/lib/thumb/v7e-m+fp/hard\libnosys.a(read.o)
                0x000000000800208c                _read
 .text._sbrk    0x000000000800209c       0x1c c:/users/max/.platformio/packages/toolchain-gccarmnoneeabi@1.90201.191206/bin/../lib/gcc/arm-none-eabi/9.2.1/../../../../arm-none-eabi/lib/thumb/v7e-m+fp/hard\libnosys.a(sbrk.o)
                0x000000000800209c                _sbrk
 *(.glue_7)
 .glue_7        0x00000000080020b8        0x0 linker stubs
 *(.glue_7t)
 .glue_7t       0x00000000080020b8        0x0 linker stubs
 *(.eh_frame)
 .eh_frame      0x00000000080020b8        0x0 c:/users/max/.platformio/packages/toolchain-gccarmnoneeabi@1.90201.191206/bin/../lib/gcc/arm-none-eabi/9.2.1/thumb/v7e-m+fp/hard/crtbegin.o
 *(.init)
 .init          0x00000000080020b8        0x4 c:/users/max/.platformio/packages/toolchain-gccarmnoneeabi@1.90201.191206/bin/../lib/gcc/arm-none-eabi/9.2.1/thumb/v7e-m+fp/hard/crti.o
                0x00000000080020b8                _init
 .init          0x00000000080020bc        0x8 c:/users/max/.platformio/packages/toolchain-gccarmnoneeabi@1.90201.191206/bin/../lib/gcc/arm-none-eabi/9.2.1/thumb/v7e-m+fp/hard/crtn.o
 *(.fini)
 .fini          0x00000000080020c4        0x4 c:/users/max/.platformio/packages/toolchain-gccarmnoneeabi@1.90201.191206/bin/../lib/gcc/arm-none-eabi/9.2.1/thumb/v7e-m+fp/hard/crti.o
                0x00000000080020c4                _fini
 .fini          0x00000000080020c8        0x8 c:/users/max/.platformio/packages/toolchain-gccarmnoneeabi@1.90201.191206/bin/../lib/gcc/arm-none-eabi/9.2.1/thumb/v7e-m+fp/hard/crtn.o
                0x00000000080020d0                . = ALIGN (0x4)
                0x00000000080020d0                _etext = .

.vfp11_veneer   0x00000000080020d0        0x0
 .vfp11_veneer  0x00000000080020d0        0x0 linker stubs

.v4_bx          0x00000000080020d0        0x0
 .v4_bx         0x00000000080020d0        0x0 linker stubs

.iplt           0x00000000080020d0        0x0
 .iplt          0x00000000080020d0        0x0 c:/users/max/.platformio/packages/toolchain-gccarmnoneeabi@1.90201.191206/bin/../lib/gcc/arm-none-eabi/9.2.1/thumb/v7e-m+fp/hard/crtbegin.o

.rodata         0x00000000080020d0      0x9d0
                0x00000000080020d0                . = ALIGN (0x4)
 *(.rodata)
 .rodata        0x00000000080020d0       0x18 .pio/build/genericGD32F330C4/libFrameworkSPL.a(gd32f3x0_rcu.o)
 *(.rodata*)
 .rodata.sinTable_f32
                0x00000000080020e8      0x804 .pio/build/genericGD32F330C4/libfdc/cmsis_dsp_from_source/Source/CommonTables/arm_common_tables.o
                0x00000000080020e8                sinTable_f32
 .rodata.main.str1.1
                0x00000000080028ec       0xae .pio/build/genericGD32F330C4/src/main.o
 *fill*         0x000000000800299a        0x2 
 .rodata.testInput_f32
                0x000000000800299c       0x80 .pio/build/genericGD32F330C4/src/main.o
                0x000000000800299c                testInput_f32
 .rodata.int2hex_lower.6844
                0x0000000008002a1c       0x10 .pio/build/genericGD32F330C4/src/minimal-printf/mbed_printf_implementation.o
 .rodata.int2hex_upper.6845
                0x0000000008002a2c       0x10 .pio/build/genericGD32F330C4/src/minimal-printf/mbed_printf_implementation.o
 .rodata._global_impure_ptr
                0x0000000008002a3c        0x4 c:/users/max/.platformio/packages/toolchain-gccarmnoneeabi@1.90201.191206/bin/../lib/gcc/arm-none-eabi/9.2.1/../../../../arm-none-eabi/lib/thumb/v7e-m+fp/hard\libc_nano.a(lib_a-impure.o)
                0x0000000008002a3c                _global_impure_ptr
 .rodata.__sf_fake_stderr
                0x0000000008002a40       0x20 c:/users/max/.platformio/packages/toolchain-gccarmnoneeabi@1.90201.191206/bin/../lib/gcc/arm-none-eabi/9.2.1/../../../../arm-none-eabi/lib/thumb/v7e-m+fp/hard\libc_nano.a(lib_a-findfp.o)
                0x0000000008002a40                __sf_fake_stderr
 .rodata.__sf_fake_stdin
                0x0000000008002a60       0x20 c:/users/max/.platformio/packages/toolchain-gccarmnoneeabi@1.90201.191206/bin/../lib/gcc/arm-none-eabi/9.2.1/../../../../arm-none-eabi/lib/thumb/v7e-m+fp/hard\libc_nano.a(lib_a-findfp.o)
                0x0000000008002a60                __sf_fake_stdin
 .rodata.__sf_fake_stdout
                0x0000000008002a80       0x20 c:/users/max/.platformio/packages/toolchain-gccarmnoneeabi@1.90201.191206/bin/../lib/gcc/arm-none-eabi/9.2.1/../../../../arm-none-eabi/lib/thumb/v7e-m+fp/hard\libc_nano.a(lib_a-findfp.o)
                0x0000000008002a80                __sf_fake_stdout
                0x0000000008002aa0                . = ALIGN (0x4)

.rel.dyn        0x0000000008002aa0        0x0
 .rel.iplt      0x0000000008002aa0        0x0 c:/users/max/.platformio/packages/toolchain-gccarmnoneeabi@1.90201.191206/bin/../lib/gcc/arm-none-eabi/9.2.1/thumb/v7e-m+fp/hard/crtbegin.o

.ARM.extab
 *(.ARM.extab* .gnu.linkonce.armextab.*)

.ARM            0x0000000008002aa0        0x0
                0x0000000008002aa0                __exidx_start = .
 *(.ARM.exidx*)
                0x0000000008002aa0                __exidx_end = .

.preinit_array  0x0000000008002aa0        0x0
                0x0000000008002aa0                PROVIDE (__preinit_array_start = .)
 *(.preinit_array*)
                0x0000000008002aa0                PROVIDE (__preinit_array_end = .)

.init_array     0x0000000008002aa0        0x4
                0x0000000008002aa0                PROVIDE (__init_array_start = .)
 *(SORT_BY_NAME(.init_array.*))
 *(.init_array*)
 .init_array    0x0000000008002aa0        0x4 c:/users/max/.platformio/packages/toolchain-gccarmnoneeabi@1.90201.191206/bin/../lib/gcc/arm-none-eabi/9.2.1/thumb/v7e-m+fp/hard/crtbegin.o
                0x0000000008002aa4                PROVIDE (__init_array_end = .)

.fini_array     0x0000000008002aa4        0x4
                [!provide]                        PROVIDE (__fini_array_start = .)
 *(SORT_BY_NAME(.fini_array.*))
 *(.fini_array*)
 .fini_array    0x0000000008002aa4        0x4 c:/users/max/.platformio/packages/toolchain-gccarmnoneeabi@1.90201.191206/bin/../lib/gcc/arm-none-eabi/9.2.1/thumb/v7e-m+fp/hard/crtbegin.o
                [!provide]                        PROVIDE (__fini_array_end = .)
                0x0000000008002aa8                _sidata = LOADADDR (.data)

.data           0x0000000020000000       0x6c load address 0x0000000008002aa8
                0x0000000020000000                . = ALIGN (0x4)
                0x0000000020000000                _sdata = .
 *(.data)
 *(.data*)
 .data.blockSize
                0x0000000020000000        0x4 .pio/build/genericGD32F330C4/src/main.o
                0x0000000020000000                blockSize
 .data._impure_ptr
                0x0000000020000004        0x4 c:/users/max/.platformio/packages/toolchain-gccarmnoneeabi@1.90201.191206/bin/../lib/gcc/arm-none-eabi/9.2.1/../../../../arm-none-eabi/lib/thumb/v7e-m+fp/hard\libc_nano.a(lib_a-impure.o)
                0x0000000020000004                _impure_ptr
 .data.impure_data
                0x0000000020000008       0x60 c:/users/max/.platformio/packages/toolchain-gccarmnoneeabi@1.90201.191206/bin/../lib/gcc/arm-none-eabi/9.2.1/../../../../arm-none-eabi/lib/thumb/v7e-m+fp/hard\libc_nano.a(lib_a-impure.o)
 .data.SystemCoreClock
                0x0000000020000068        0x4 .pio/build/genericGD32F330C4/libFrameworkCMSISVariant.a(system_gd32f3x0.o)
                0x0000000020000068                SystemCoreClock
                0x000000002000006c                . = ALIGN (0x4)
                0x000000002000006c                _edata = .

.igot.plt       0x000000002000006c        0x0 load address 0x0000000008002b14
 .igot.plt      0x000000002000006c        0x0 c:/users/max/.platformio/packages/toolchain-gccarmnoneeabi@1.90201.191206/bin/../lib/gcc/arm-none-eabi/9.2.1/thumb/v7e-m+fp/hard/crtbegin.o
                0x000000002000006c                . = ALIGN (0x4)

.bss            0x000000002000006c       0x54 load address 0x0000000008002b14
                0x000000002000006c                _sbss = .
                0x000000002000006c                __bss_start__ = _sbss
 *(.bss)
 *(.bss*)
 .bss.completed.10274
                0x000000002000006c        0x1 c:/users/max/.platformio/packages/toolchain-gccarmnoneeabi@1.90201.191206/bin/../lib/gcc/arm-none-eabi/9.2.1/thumb/v7e-m+fp/hard/crtbegin.o
 *fill*         0x000000002000006d        0x3 
 .bss.object.10279
                0x0000000020000070       0x18 c:/users/max/.platformio/packages/toolchain-gccarmnoneeabi@1.90201.191206/bin/../lib/gcc/arm-none-eabi/9.2.1/thumb/v7e-m+fp/hard/crtbegin.o
 .bss.delay     0x0000000020000088        0x4 .pio/build/genericGD32F330C4/src/main.o
 .bss.__malloc_free_list
                0x000000002000008c        0x4 c:/users/max/.platformio/packages/toolchain-gccarmnoneeabi@1.90201.191206/bin/../lib/gcc/arm-none-eabi/9.2.1/../../../../arm-none-eabi/lib/thumb/v7e-m+fp/hard\libc_nano.a(lib_a-nano-mallocr.o)
                0x000000002000008c                __malloc_free_list
 .bss.__malloc_sbrk_start
                0x0000000020000090        0x4 c:/users/max/.platformio/packages/toolchain-gccarmnoneeabi@1.90201.191206/bin/../lib/gcc/arm-none-eabi/9.2.1/../../../../arm-none-eabi/lib/thumb/v7e-m+fp/hard\libc_nano.a(lib_a-nano-mallocr.o)
                0x0000000020000090                __malloc_sbrk_start
 .bss.heap_end.5507
                0x0000000020000094        0x4 c:/users/max/.platformio/packages/toolchain-gccarmnoneeabi@1.90201.191206/bin/../lib/gcc/arm-none-eabi/9.2.1/../../../../arm-none-eabi/lib/thumb/v7e-m+fp/hard\libnosys.a(sbrk.o)
 *(COMMON)
 COMMON         0x0000000020000098       0x18 .pio/build/genericGD32F330C4/src/main.o
                0x0000000020000098                cosOutput
                0x000000002000009c                cosSquareOutput
                0x00000000200000a0                testOutput
                0x00000000200000a4                sinSquareOutput
                0x00000000200000a8                status
                0x00000000200000ac                sinOutput
 COMMON         0x00000000200000b0        0x9 c:/users/max/.platformio/packages/toolchain-gccarmnoneeabi@1.90201.191206/bin/../lib/gcc/arm-none-eabi/9.2.1/../../../../arm-none-eabi/lib/thumb/v7e-m+fp/hard\libc_nano.a(lib_a-lock.o)
                0x00000000200000b0                __lock___atexit_recursive_mutex
                0x00000000200000b1                __lock___arc4random_mutex
                0x00000000200000b2                __lock___env_recursive_mutex
                0x00000000200000b3                __lock___sinit_recursive_mutex
                0x00000000200000b4                __lock___malloc_recursive_mutex
                0x00000000200000b5                __lock___at_quick_exit_mutex
                0x00000000200000b6                __lock___dd_hash_mutex
                0x00000000200000b7                __lock___tz_mutex
                0x00000000200000b8                __lock___sfp_recursive_mutex
 *fill*         0x00000000200000b9        0x3 
 COMMON         0x00000000200000bc        0x4 c:/users/max/.platformio/packages/toolchain-gccarmnoneeabi@1.90201.191206/bin/../lib/gcc/arm-none-eabi/9.2.1/../../../../arm-none-eabi/lib/thumb/v7e-m+fp/hard\libc_nano.a(lib_a-reent.o)
                0x00000000200000bc                errno
                0x00000000200000c0                . = ALIGN (0x4)
                0x00000000200000c0                _ebss = .
                0x00000000200000c0                __bss_end__ = _ebss

._user_heap_stack
                0x00000000200000c0      0x600 load address 0x0000000008002b14
                0x00000000200000c0                . = ALIGN (0x4)
                0x00000000200000c0                PROVIDE (end = .)
                [!provide]                        PROVIDE (_end = .)
                0x00000000200002c0                . = (. + _Min_Heap_Size)
 *fill*         0x00000000200000c0      0x200 
                0x00000000200006c0                . = (. + _Min_Stack_Size)
 *fill*         0x00000000200002c0      0x400 
                0x00000000200006c0                . = ALIGN (0x4)

.ccram_bss      0x0000000010000000        0x0
                0x0000000010000000                __ccram_start_bss__ = .
 *(.ccram_bss)
 *(.ccram_bss*)
                0x0000000010000000                . = ALIGN (0x4)
                0x0000000010000000                __ccram_end_bss__ = .
                0x0000000008002b14                _si_ccram_data = LOADADDR (.ccram_data)

.ccram_data     0x0000000010000000        0x0 load address 0x0000000008002b14
                0x0000000010000000                . = ALIGN (0x4)
                0x0000000010000000                _ccram_start_data = .
 *(.ccram_bss)
 *(.ccram_bss*)
                0x0000000010000000                . = ALIGN (0x4)
                0x0000000010000000                _ccram_end_data = .

/DISCARD/
 libc.a(*)
 libm.a(*)
 libgcc.a(*)

.ARM.attributes
                0x0000000000000000       0x30
 *(.ARM.attributes)
 .ARM.attributes
                0x0000000000000000       0x1e c:/users/max/.platformio/packages/toolchain-gccarmnoneeabi@1.90201.191206/bin/../lib/gcc/arm-none-eabi/9.2.1/thumb/v7e-m+fp/hard/crti.o
 .ARM.attributes
                0x000000000000001e       0x34 c:/users/max/.platformio/packages/toolchain-gccarmnoneeabi@1.90201.191206/bin/../lib/gcc/arm-none-eabi/9.2.1/thumb/v7e-m+fp/hard/crtbegin.o
 .ARM.attributes
                0x0000000000000052       0x21 .pio/build/genericGD32F330C4/FrameworkCMSISStartup/startup_gd32f3x0.o
 .ARM.attributes
                0x0000000000000073       0x30 .pio/build/genericGD32F330C4/libfdc/cmsis_dsp_from_source/Source/BasicMathFunctions/arm_add_f32.o
 .ARM.attributes
                0x00000000000000a3       0x30 .pio/build/genericGD32F330C4/libfdc/cmsis_dsp_from_source/Source/BasicMathFunctions/arm_mult_f32.o
 .ARM.attributes
                0x00000000000000d3       0x35 .pio/build/genericGD32F330C4/libfdc/cmsis_dsp_from_source/Source/CommonTables/arm_common_tables.o
 .ARM.attributes
                0x0000000000000108       0x30 .pio/build/genericGD32F330C4/libfdc/cmsis_dsp_from_source/Source/FastMathFunctions/arm_cos_f32.o
 .ARM.attributes
                0x0000000000000138       0x30 .pio/build/genericGD32F330C4/libfdc/cmsis_dsp_from_source/Source/FastMathFunctions/arm_sin_f32.o
 .ARM.attributes
                0x0000000000000168       0x30 .pio/build/genericGD32F330C4/src/main.o
 .ARM.attributes
                0x0000000000000198       0x30 .pio/build/genericGD32F330C4/src/minimal-printf/mbed_printf_implementation.o
 .ARM.attributes
                0x00000000000001c8       0x30 .pio/build/genericGD32F330C4/src/minimal-printf/mbed_printf_wrapper.o
 .ARM.attributes
                0x00000000000001f8       0x30 .pio/build/genericGD32F330C4/src/printf_over_x.o
 .ARM.attributes
                0x0000000000000228       0x34 c:/users/max/.platformio/packages/toolchain-gccarmnoneeabi@1.90201.191206/bin/../lib/gcc/arm-none-eabi/9.2.1/../../../../arm-none-eabi/lib/thumb/v7e-m+fp/hard\libc_nano.a(lib_a-errno.o)
 .ARM.attributes
                0x000000000000025c       0x34 c:/users/max/.platformio/packages/toolchain-gccarmnoneeabi@1.90201.191206/bin/../lib/gcc/arm-none-eabi/9.2.1/../../../../arm-none-eabi/lib/thumb/v7e-m+fp/hard\libc_nano.a(lib_a-fputc.o)
 .ARM.attributes
                0x0000000000000290       0x32 c:/users/max/.platformio/packages/toolchain-gccarmnoneeabi@1.90201.191206/bin/../lib/gcc/arm-none-eabi/9.2.1/../../../../arm-none-eabi/lib/thumb/v7e-m+fp/hard\libc_nano.a(lib_a-impure.o)
 .ARM.attributes
                0x00000000000002c2       0x34 c:/users/max/.platformio/packages/toolchain-gccarmnoneeabi@1.90201.191206/bin/../lib/gcc/arm-none-eabi/9.2.1/../../../../arm-none-eabi/lib/thumb/v7e-m+fp/hard\libc_nano.a(lib_a-init.o)
 .ARM.attributes
                0x00000000000002f6       0x34 c:/users/max/.platformio/packages/toolchain-gccarmnoneeabi@1.90201.191206/bin/../lib/gcc/arm-none-eabi/9.2.1/../../../../arm-none-eabi/lib/thumb/v7e-m+fp/hard\libc_nano.a(lib_a-lock.o)
 .ARM.attributes
                0x000000000000032a       0x34 c:/users/max/.platformio/packages/toolchain-gccarmnoneeabi@1.90201.191206/bin/../lib/gcc/arm-none-eabi/9.2.1/../../../../arm-none-eabi/lib/thumb/v7e-m+fp/hard\libc_nano.a(lib_a-memset.o)
 .ARM.attributes
                0x000000000000035e       0x34 c:/users/max/.platformio/packages/toolchain-gccarmnoneeabi@1.90201.191206/bin/../lib/gcc/arm-none-eabi/9.2.1/../../../../arm-none-eabi/lib/thumb/v7e-m+fp/hard\libc_nano.a(lib_a-putc.o)
 .ARM.attributes
                0x0000000000000392       0x34 c:/users/max/.platformio/packages/toolchain-gccarmnoneeabi@1.90201.191206/bin/../lib/gcc/arm-none-eabi/9.2.1/../../../../arm-none-eabi/lib/thumb/v7e-m+fp/hard\libc_nano.a(lib_a-puts.o)
 .ARM.attributes
                0x00000000000003c6       0x34 c:/users/max/.platformio/packages/toolchain-gccarmnoneeabi@1.90201.191206/bin/../lib/gcc/arm-none-eabi/9.2.1/../../../../arm-none-eabi/lib/thumb/v7e-m+fp/hard\libc_nano.a(lib_a-wbuf.o)
 .ARM.attributes
                0x00000000000003fa       0x34 c:/users/max/.platformio/packages/toolchain-gccarmnoneeabi@1.90201.191206/bin/../lib/gcc/arm-none-eabi/9.2.1/../../../../arm-none-eabi/lib/thumb/v7e-m+fp/hard\libc_nano.a(lib_a-wsetup.o)
 .ARM.attributes
                0x000000000000042e       0x34 c:/users/max/.platformio/packages/toolchain-gccarmnoneeabi@1.90201.191206/bin/../lib/gcc/arm-none-eabi/9.2.1/../../../../arm-none-eabi/lib/thumb/v7e-m+fp/hard\libc_nano.a(lib_a-fflush.o)
 .ARM.attributes
                0x0000000000000462       0x34 c:/users/max/.platformio/packages/toolchain-gccarmnoneeabi@1.90201.191206/bin/../lib/gcc/arm-none-eabi/9.2.1/../../../../arm-none-eabi/lib/thumb/v7e-m+fp/hard\libc_nano.a(lib_a-findfp.o)
 .ARM.attributes
                0x0000000000000496       0x34 c:/users/max/.platformio/packages/toolchain-gccarmnoneeabi@1.90201.191206/bin/../lib/gcc/arm-none-eabi/9.2.1/../../../../arm-none-eabi/lib/thumb/v7e-m+fp/hard\libc_nano.a(lib_a-fwalk.o)
 .ARM.attributes
                0x00000000000004ca       0x34 c:/users/max/.platformio/packages/toolchain-gccarmnoneeabi@1.90201.191206/bin/../lib/gcc/arm-none-eabi/9.2.1/../../../../arm-none-eabi/lib/thumb/v7e-m+fp/hard\libc_nano.a(lib_a-makebuf.o)
 .ARM.attributes
                0x00000000000004fe       0x34 c:/users/max/.platformio/packages/toolchain-gccarmnoneeabi@1.90201.191206/bin/../lib/gcc/arm-none-eabi/9.2.1/../../../../arm-none-eabi/lib/thumb/v7e-m+fp/hard\libc_nano.a(lib_a-nano-freer.o)
 .ARM.attributes
                0x0000000000000532       0x34 c:/users/max/.platformio/packages/toolchain-gccarmnoneeabi@1.90201.191206/bin/../lib/gcc/arm-none-eabi/9.2.1/../../../../arm-none-eabi/lib/thumb/v7e-m+fp/hard\libc_nano.a(lib_a-nano-mallocr.o)
 .ARM.attributes
                0x0000000000000566       0x34 c:/users/max/.platformio/packages/toolchain-gccarmnoneeabi@1.90201.191206/bin/../lib/gcc/arm-none-eabi/9.2.1/../../../../arm-none-eabi/lib/thumb/v7e-m+fp/hard\libc_nano.a(lib_a-sbrkr.o)
 .ARM.attributes
                0x000000000000059a       0x34 c:/users/max/.platformio/packages/toolchain-gccarmnoneeabi@1.90201.191206/bin/../lib/gcc/arm-none-eabi/9.2.1/../../../../arm-none-eabi/lib/thumb/v7e-m+fp/hard\libc_nano.a(lib_a-stdio.o)
 .ARM.attributes
                0x00000000000005ce       0x34 c:/users/max/.platformio/packages/toolchain-gccarmnoneeabi@1.90201.191206/bin/../lib/gcc/arm-none-eabi/9.2.1/../../../../arm-none-eabi/lib/thumb/v7e-m+fp/hard\libc_nano.a(lib_a-writer.o)
 .ARM.attributes
                0x0000000000000602       0x34 c:/users/max/.platformio/packages/toolchain-gccarmnoneeabi@1.90201.191206/bin/../lib/gcc/arm-none-eabi/9.2.1/../../../../arm-none-eabi/lib/thumb/v7e-m+fp/hard\libc_nano.a(lib_a-closer.o)
 .ARM.attributes
                0x0000000000000636       0x34 c:/users/max/.platformio/packages/toolchain-gccarmnoneeabi@1.90201.191206/bin/../lib/gcc/arm-none-eabi/9.2.1/../../../../arm-none-eabi/lib/thumb/v7e-m+fp/hard\libc_nano.a(lib_a-fstatr.o)
 .ARM.attributes
                0x000000000000066a       0x34 c:/users/max/.platformio/packages/toolchain-gccarmnoneeabi@1.90201.191206/bin/../lib/gcc/arm-none-eabi/9.2.1/../../../../arm-none-eabi/lib/thumb/v7e-m+fp/hard\libc_nano.a(lib_a-isattyr.o)
 .ARM.attributes
                0x000000000000069e       0x34 c:/users/max/.platformio/packages/toolchain-gccarmnoneeabi@1.90201.191206/bin/../lib/gcc/arm-none-eabi/9.2.1/../../../../arm-none-eabi/lib/thumb/v7e-m+fp/hard\libc_nano.a(lib_a-lseekr.o)
 .ARM.attributes
                0x00000000000006d2       0x34 c:/users/max/.platformio/packages/toolchain-gccarmnoneeabi@1.90201.191206/bin/../lib/gcc/arm-none-eabi/9.2.1/../../../../arm-none-eabi/lib/thumb/v7e-m+fp/hard\libc_nano.a(lib_a-mlock.o)
 .ARM.attributes
                0x0000000000000706       0x34 c:/users/max/.platformio/packages/toolchain-gccarmnoneeabi@1.90201.191206/bin/../lib/gcc/arm-none-eabi/9.2.1/../../../../arm-none-eabi/lib/thumb/v7e-m+fp/hard\libc_nano.a(lib_a-readr.o)
 .ARM.attributes
                0x000000000000073a       0x34 c:/users/max/.platformio/packages/toolchain-gccarmnoneeabi@1.90201.191206/bin/../lib/gcc/arm-none-eabi/9.2.1/../../../../arm-none-eabi/lib/thumb/v7e-m+fp/hard\libc_nano.a(lib_a-reent.o)
 .ARM.attributes
                0x000000000000076e       0x1e c:/users/max/.platformio/packages/toolchain-gccarmnoneeabi@1.90201.191206/bin/../lib/gcc/arm-none-eabi/9.2.1/thumb/v7e-m+fp/hard\libgcc.a(_arm_addsubdf3.o)
 .ARM.attributes
                0x000000000000078c       0x1e c:/users/max/.platformio/packages/toolchain-gccarmnoneeabi@1.90201.191206/bin/../lib/gcc/arm-none-eabi/9.2.1/thumb/v7e-m+fp/hard\libgcc.a(_arm_truncdfsf2.o)
 .ARM.attributes
                0x00000000000007aa       0x30 .pio/build/genericGD32F330C4/libFrameworkCMSISVariant.a(system_gd32f3x0.o)
 .ARM.attributes
                0x00000000000007da       0x30 .pio/build/genericGD32F330C4/libFrameworkSPL.a(gd32f3x0_gpio.o)
 .ARM.attributes
                0x000000000000080a       0x30 .pio/build/genericGD32F330C4/libFrameworkSPL.a(gd32f3x0_misc.o)
 .ARM.attributes
                0x000000000000083a       0x30 .pio/build/genericGD32F330C4/libFrameworkSPL.a(gd32f3x0_rcu.o)
 .ARM.attributes
                0x000000000000086a       0x30 .pio/build/genericGD32F330C4/libFrameworkSPL.a(gd32f3x0_usart.o)
 .ARM.attributes
                0x000000000000089a       0x34 c:/users/max/.platformio/packages/toolchain-gccarmnoneeabi@1.90201.191206/bin/../lib/gcc/arm-none-eabi/9.2.1/../../../../arm-none-eabi/lib/thumb/v7e-m+fp/hard\libnosys.a(close.o)
 .ARM.attributes
                0x00000000000008ce       0x34 c:/users/max/.platformio/packages/toolchain-gccarmnoneeabi@1.90201.191206/bin/../lib/gcc/arm-none-eabi/9.2.1/../../../../arm-none-eabi/lib/thumb/v7e-m+fp/hard\libnosys.a(fstat.o)
 .ARM.attributes
                0x0000000000000902       0x34 c:/users/max/.platformio/packages/toolchain-gccarmnoneeabi@1.90201.191206/bin/../lib/gcc/arm-none-eabi/9.2.1/../../../../arm-none-eabi/lib/thumb/v7e-m+fp/hard\libnosys.a(isatty.o)
 .ARM.attributes
                0x0000000000000936       0x34 c:/users/max/.platformio/packages/toolchain-gccarmnoneeabi@1.90201.191206/bin/../lib/gcc/arm-none-eabi/9.2.1/../../../../arm-none-eabi/lib/thumb/v7e-m+fp/hard\libnosys.a(lseek.o)
 .ARM.attributes
                0x000000000000096a       0x34 c:/users/max/.platformio/packages/toolchain-gccarmnoneeabi@1.90201.191206/bin/../lib/gcc/arm-none-eabi/9.2.1/../../../../arm-none-eabi/lib/thumb/v7e-m+fp/hard\libnosys.a(read.o)
 .ARM.attributes
                0x000000000000099e       0x34 c:/users/max/.platformio/packages/toolchain-gccarmnoneeabi@1.90201.191206/bin/../lib/gcc/arm-none-eabi/9.2.1/../../../../arm-none-eabi/lib/thumb/v7e-m+fp/hard\libnosys.a(sbrk.o)
 .ARM.attributes
                0x00000000000009d2       0x1e c:/users/max/.platformio/packages/toolchain-gccarmnoneeabi@1.90201.191206/bin/../lib/gcc/arm-none-eabi/9.2.1/thumb/v7e-m+fp/hard/crtn.o
OUTPUT(.pio/build/genericGD32F330C4/firmware.elf elf32-littlearm)

.comment        0x0000000000000000       0x66
 .comment       0x0000000000000000       0x66 .pio/build/genericGD32F330C4/libfdc/cmsis_dsp_from_source/Source/BasicMathFunctions/arm_add_f32.o
                                         0x67 (size before relaxing)
 .comment       0x0000000000000066       0x67 .pio/build/genericGD32F330C4/libfdc/cmsis_dsp_from_source/Source/BasicMathFunctions/arm_mult_f32.o
 .comment       0x0000000000000066       0x67 .pio/build/genericGD32F330C4/libfdc/cmsis_dsp_from_source/Source/CommonTables/arm_common_tables.o
 .comment       0x0000000000000066       0x67 .pio/build/genericGD32F330C4/libfdc/cmsis_dsp_from_source/Source/FastMathFunctions/arm_cos_f32.o
 .comment       0x0000000000000066       0x67 .pio/build/genericGD32F330C4/libfdc/cmsis_dsp_from_source/Source/FastMathFunctions/arm_sin_f32.o
 .comment       0x0000000000000066       0x67 .pio/build/genericGD32F330C4/src/main.o
 .comment       0x0000000000000066       0x67 .pio/build/genericGD32F330C4/src/minimal-printf/mbed_printf_implementation.o
 .comment       0x0000000000000066       0x67 .pio/build/genericGD32F330C4/src/minimal-printf/mbed_printf_wrapper.o
 .comment       0x0000000000000066       0x67 .pio/build/genericGD32F330C4/src/printf_over_x.o