Archive member included to satisfy reference by file (symbol)

c:/users/max/.platformio/packages/toolchain-gccarmnoneeabi@1.90201.191206/bin/../lib/gcc/arm-none-eabi/9.2.1/../../../../arm-none-eabi/lib/thumb/v8-m.main+fp/hard\libc_nano.a(lib_a-errno.o)
                              .pio/build/genericGD32E505RE/src/printf_over_x.o (__errno)
c:/users/max/.platformio/packages/toolchain-gccarmnoneeabi@1.90201.191206/bin/../lib/gcc/arm-none-eabi/9.2.1/../../../../arm-none-eabi/lib/thumb/v8-m.main+fp/hard\libc_nano.a(lib_a-exit.o)
                              c:/users/max/.platformio/packages/toolchain-gccarmnoneeabi@1.90201.191206/bin/../lib/gcc/arm-none-eabi/9.2.1/../../../../arm-none-eabi/lib/thumb/v8-m.main+fp/hard/crt0.o (exit)
c:/users/max/.platformio/packages/toolchain-gccarmnoneeabi@1.90201.191206/bin/../lib/gcc/arm-none-eabi/9.2.1/../../../../arm-none-eabi/lib/thumb/v8-m.main+fp/hard\libc_nano.a(lib_a-fputc.o)
                              .pio/build/genericGD32E505RE/src/minimal-printf/mbed_printf_implementation.o (fputc)
c:/users/max/.platformio/packages/toolchain-gccarmnoneeabi@1.90201.191206/bin/../lib/gcc/arm-none-eabi/9.2.1/../../../../arm-none-eabi/lib/thumb/v8-m.main+fp/hard\libc_nano.a(lib_a-impure.o)
                              c:/users/max/.platformio/packages/toolchain-gccarmnoneeabi@1.90201.191206/bin/../lib/gcc/arm-none-eabi/9.2.1/../../../../arm-none-eabi/lib/thumb/v8-m.main+fp/hard\libc_nano.a(lib_a-exit.o) (_global_impure_ptr)
c:/users/max/.platformio/packages/toolchain-gccarmnoneeabi@1.90201.191206/bin/../lib/gcc/arm-none-eabi/9.2.1/../../../../arm-none-eabi/lib/thumb/v8-m.main+fp/hard\libc_nano.a(lib_a-init.o)
                              c:/users/max/.platformio/packages/toolchain-gccarmnoneeabi@1.90201.191206/bin/../lib/gcc/arm-none-eabi/9.2.1/../../../../arm-none-eabi/lib/thumb/v8-m.main+fp/hard/crt0.o (__libc_init_array)
c:/users/max/.platformio/packages/toolchain-gccarmnoneeabi@1.90201.191206/bin/../lib/gcc/arm-none-eabi/9.2.1/../../../../arm-none-eabi/lib/thumb/v8-m.main+fp/hard\libc_nano.a(lib_a-lock.o)
                              c:/users/max/.platformio/packages/toolchain-gccarmnoneeabi@1.90201.191206/bin/../lib/gcc/arm-none-eabi/9.2.1/../../../../arm-none-eabi/lib/thumb/v8-m.main+fp/hard\libc_nano.a(lib_a-fputc.o) (__retarget_lock_acquire_recursive)
c:/users/max/.platformio/packages/toolchain-gccarmnoneeabi@1.90201.191206/bin/../lib/gcc/arm-none-eabi/9.2.1/../../../../arm-none-eabi/lib/thumb/v8-m.main+fp/hard\libc_nano.a(lib_a-memcpy-stub.o)
                              .pio/build/genericGD32E505RE/libfdc/cmsis_dsp_from_source/Source/SupportFunctions/arm_bitonic_sort_f32.o (memcpy)
c:/users/max/.platformio/packages/toolchain-gccarmnoneeabi@1.90201.191206/bin/../lib/gcc/arm-none-eabi/9.2.1/../../../../arm-none-eabi/lib/thumb/v8-m.main+fp/hard\libc_nano.a(lib_a-memset.o)
                              c:/users/max/.platformio/packages/toolchain-gccarmnoneeabi@1.90201.191206/bin/../lib/gcc/arm-none-eabi/9.2.1/../../../../arm-none-eabi/lib/thumb/v8-m.main+fp/hard/crt0.o (memset)
c:/users/max/.platformio/packages/toolchain-gccarmnoneeabi@1.90201.191206/bin/../lib/gcc/arm-none-eabi/9.2.1/../../../../arm-none-eabi/lib/thumb/v8-m.main+fp/hard\libc_nano.a(lib_a-putc.o)
                              c:/users/max/.platformio/packages/toolchain-gccarmnoneeabi@1.90201.191206/bin/../lib/gcc/arm-none-eabi/9.2.1/../../../../arm-none-eabi/lib/thumb/v8-m.main+fp/hard\libc_nano.a(lib_a-fputc.o) (_putc_r)
c:/users/max/.platformio/packages/toolchain-gccarmnoneeabi@1.90201.191206/bin/../lib/gcc/arm-none-eabi/9.2.1/../../../../arm-none-eabi/lib/thumb/v8-m.main+fp/hard\libc_nano.a(lib_a-puts.o)
                              .pio/build/genericGD32E505RE/src/main.o (puts)
c:/users/max/.platformio/packages/toolchain-gccarmnoneeabi@1.90201.191206/bin/../lib/gcc/arm-none-eabi/9.2.1/../../../../arm-none-eabi/lib/thumb/v8-m.main+fp/hard\libc_nano.a(lib_a-wbuf.o)
                              c:/users/max/.platformio/packages/toolchain-gccarmnoneeabi@1.90201.191206/bin/../lib/gcc/arm-none-eabi/9.2.1/../../../../arm-none-eabi/lib/thumb/v8-m.main+fp/hard\libc_nano.a(lib_a-putc.o) (__swbuf_r)
c:/users/max/.platformio/packages/toolchain-gccarmnoneeabi@1.90201.191206/bin/../lib/gcc/arm-none-eabi/9.2.1/../../../../arm-none-eabi/lib/thumb/v8-m.main+fp/hard\libc_nano.a(lib_a-wsetup.o)
                              c:/users/max/.platformio/packages/toolchain-gccarmnoneeabi@1.90201.191206/bin/../lib/gcc/arm-none-eabi/9.2.1/../../../../arm-none-eabi/lib/thumb/v8-m.main+fp/hard\libc_nano.a(lib_a-puts.o) (__swsetup_r)
c:/users/max/.platformio/packages/toolchain-gccarmnoneeabi@1.90201.191206/bin/../lib/gcc/arm-none-eabi/9.2.1/../../../../arm-none-eabi/lib/thumb/v8-m.main+fp/hard\libc_nano.a(lib_a-fflush.o)
[...]
Memory Configuration

Name             Origin             Length             Attributes
RAM              0x0000000020000000 0x0000000000020000 xrw
CCRAM            0x0000000010000000 0x0000000000000000 xrw
FLASH            0x0000000008000000 0x0000000000080000 xr
*default*        0x0000000000000000 0xffffffffffffffff

Linker script and memory map

LOAD c:/users/max/.platformio/packages/toolchain-gccarmnoneeabi@1.90201.191206/bin/../lib/gcc/arm-none-eabi/9.2.1/thumb/v8-m.main+fp/hard/crti.o
LOAD c:/users/max/.platformio/packages/toolchain-gccarmnoneeabi@1.90201.191206/bin/../lib/gcc/arm-none-eabi/9.2.1/thumb/v8-m.main+fp/hard/crtbegin.o
LOAD c:/users/max/.platformio/packages/toolchain-gccarmnoneeabi@1.90201.191206/bin/../lib/gcc/arm-none-eabi/9.2.1/../../../../arm-none-eabi/lib/thumb/v8-m.main+fp/hard/crt0.o
LOAD .pio/build/genericGD32E505RE/FrameworkCMSISStartup/startup_gd32e50x_cl.o
LOAD .pio/build/genericGD32E505RE/libfdc/cmsis_dsp_from_source/Source/BasicMathFunctions/arm_abs_f32.o
LOAD .pio/build/genericGD32E505RE/libfdc/cmsis_dsp_from_source/Source/BasicMathFunctions/arm_abs_q15.o
LOAD .pio/build/genericGD32E505RE/libfdc/cmsis_dsp_from_source/Source/BasicMathFunctions/arm_abs_q31.o
LOAD .pio/build/genericGD32E505RE/libfdc/cmsis_dsp_from_source/Source/BasicMathFunctions/arm_abs_q7.o
LOAD .pio/build/genericGD32E505RE/libfdc/cmsis_dsp_from_source/Source/BasicMathFunctions/arm_add_f32.o
LOAD .pio/build/genericGD32E505RE/libfdc/cmsis_dsp_from_source/Source/BasicMathFunctions/arm_add_q15.o
LOAD .pio/build/genericGD32E505RE/libfdc/cmsis_dsp_from_source/Source/BasicMathFunctions/arm_add_q31.o
LOAD .pio/build/genericGD32E505RE/libfdc/cmsis_dsp_from_source/Source/BasicMathFunctions/arm_add_q7.o
LOAD .pio/build/genericGD32E505RE/libfdc/cmsis_dsp_from_source/Source/BasicMathFunctions/arm_and_u16.o
LOAD .pio/build/genericGD32E505RE/libfdc/cmsis_dsp_from_source/Source/BasicMathFunctions/arm_and_u32.o
LOAD .pio/build/genericGD32E505RE/libfdc/cmsis_dsp_from_source/Source/BasicMathFunctions/arm_and_u8.o
LOAD .pio/build/genericGD32E505RE/libfdc/cmsis_dsp_from_source/Source/BasicMathFunctions/arm_dot_prod_f32.o
LOAD .pio/build/genericGD32E505RE/libfdc/cmsis_dsp_from_source/Source/BasicMathFunctions/arm_dot_prod_q15.o
LOAD .pio/build/genericGD32E505RE/libfdc/cmsis_dsp_from_source/Source/BasicMathFunctions/arm_dot_prod_q31.o
LOAD .pio/build/genericGD32E505RE/libfdc/cmsis_dsp_from_source/Source/BasicMathFunctions/arm_dot_prod_q7.o
LOAD .pio/build/genericGD32E505RE/libfdc/cmsis_dsp_from_source/Source/BasicMathFunctions/arm_mult_f32.o
LOAD .pio/build/genericGD32E505RE/libfdc/cmsis_dsp_from_source/Source/BasicMathFunctions/arm_mult_q15.o
LOAD .pio/build/genericGD32E505RE/libfdc/cmsis_dsp_from_source/Source/BasicMathFunctions/arm_mult_q31.o
LOAD .pio/build/genericGD32E505RE/libfdc/cmsis_dsp_from_source/Source/BasicMathFunctions/arm_mult_q7.o
LOAD .pio/build/genericGD32E505RE/libfdc/cmsis_dsp_from_source/Source/BasicMathFunctions/arm_negate_f32.o
LOAD .pio/build/genericGD32E505RE/libfdc/cmsis_dsp_from_source/Source/BasicMathFunctions/arm_negate_q15.o
LOAD .pio/build/genericGD32E505RE/libfdc/cmsis_dsp_from_source/Source/BasicMathFunctions/arm_negate_q31.o
LOAD .pio/build/genericGD32E505RE/libfdc/cmsis_dsp_from_source/Source/BasicMathFunctions/arm_negate_q7.o
LOAD .pio/build/genericGD32E505RE/libfdc/cmsis_dsp_from_source/Source/BasicMathFunctions/arm_not_u16.o
LOAD .pio/build/genericGD32E505RE/libfdc/cmsis_dsp_from_source/Source/BasicMathFunctions/arm_not_u32.o
LOAD .pio/build/genericGD32E505RE/libfdc/cmsis_dsp_from_source/Source/BasicMathFunctions/arm_not_u8.o
LOAD .pio/build/genericGD32E505RE/libfdc/cmsis_dsp_from_source/Source/BasicMathFunctions/arm_offset_f32.o
LOAD .pio/build/genericGD32E505RE/libfdc/cmsis_dsp_from_source/Source/BasicMathFunctions/arm_offset_q15.o
LOAD .pio/build/genericGD32E505RE/libfdc/cmsis_dsp_from_source/Source/BasicMathFunctions/arm_offset_q31.o
LOAD .pio/build/genericGD32E505RE/libfdc/cmsis_dsp_from_source/Source/BasicMathFunctions/arm_offset_q7.o
LOAD .pio/build/genericGD32E505RE/libfdc/cmsis_dsp_from_source/Source/BasicMathFunctions/arm_or_u16.o
LOAD .pio/build/genericGD32E505RE/libfdc/cmsis_dsp_from_source/Source/BasicMathFunctions/arm_or_u32.o
LOAD .pio/build/genericGD32E505RE/libfdc/cmsis_dsp_from_source/Source/BasicMathFunctions/arm_or_u8.o
LOAD .pio/build/genericGD32E505RE/libfdc/cmsis_dsp_from_source/Source/BasicMathFunctions/arm_scale_f32.o
LOAD .pio/build/genericGD32E505RE/libfdc/cmsis_dsp_from_source/Source/BasicMathFunctions/arm_scale_q15.o
LOAD .pio/build/genericGD32E505RE/libfdc/cmsis_dsp_from_source/Source/BasicMathFunctions/arm_scale_q31.o
LOAD .pio/build/genericGD32E505RE/libfdc/cmsis_dsp_from_source/Source/BasicMathFunctions/arm_scale_q7.o
LOAD .pio/build/genericGD32E505RE/libfdc/cmsis_dsp_from_source/Source/BasicMathFunctions/arm_shift_q15.o
LOAD .pio/build/genericGD32E505RE/libfdc/cmsis_dsp_from_source/Source/BasicMathFunctions/arm_shift_q31.o
LOAD .pio/build/genericGD32E505RE/libfdc/cmsis_dsp_from_source/Source/BasicMathFunctions/arm_shift_q7.o
LOAD .pio/build/genericGD32E505RE/libfdc/cmsis_dsp_from_source/Source/BasicMathFunctions/arm_sub_f32.o
LOAD .pio/build/genericGD32E505RE/libfdc/cmsis_dsp_from_source/Source/BasicMathFunctions/arm_sub_q15.o
LOAD .pio/build/genericGD32E505RE/libfdc/cmsis_dsp_from_source/Source/BasicMathFunctions/arm_sub_q31.o
LOAD .pio/build/genericGD32E505RE/libfdc/cmsis_dsp_from_source/Source/BasicMathFunctions/arm_sub_q7.o
LOAD .pio/build/genericGD32E505RE/libfdc/cmsis_dsp_from_source/Source/BasicMathFunctions/arm_xor_u16.o
LOAD .pio/build/genericGD32E505RE/libfdc/cmsis_dsp_from_source/Source/BasicMathFunctions/arm_xor_u32.o
LOAD .pio/build/genericGD32E505RE/libfdc/cmsis_dsp_from_source/Source/BasicMathFunctions/arm_xor_u8.o
LOAD .pio/build/genericGD32E505RE/libfdc/cmsis_dsp_from_source/Source/BayesFunctions/arm_gaussian_naive_bayes_predict_f32.o
LOAD .pio/build/genericGD32E505RE/libfdc/cmsis_dsp_from_source/Source/CommonTables/arm_common_tables.o
LOAD .pio/build/genericGD32E505RE/libfdc/cmsis_dsp_from_source/Source/CommonTables/arm_const_structs.o
LOAD .pio/build/genericGD32E505RE/libfdc/cmsis_dsp_from_source/Source/CommonTables/arm_mve_tables.o
LOAD .pio/build/genericGD32E505RE/libfdc/cmsis_dsp_from_source/Source/ComplexMathFunctions/arm_cmplx_conj_f32.o
LOAD .pio/build/genericGD32E505RE/libfdc/cmsis_dsp_from_source/Source/ComplexMathFunctions/arm_cmplx_conj_q15.o
LOAD .pio/build/genericGD32E505RE/libfdc/cmsis_dsp_from_source/Source/ComplexMathFunctions/arm_cmplx_conj_q31.o
LOAD .pio/build/genericGD32E505RE/libfdc/cmsis_dsp_from_source/Source/ComplexMathFunctions/arm_cmplx_dot_prod_f32.o
LOAD .pio/build/genericGD32E505RE/libfdc/cmsis_dsp_from_source/Source/ComplexMathFunctions/arm_cmplx_dot_prod_q15.o
LOAD .pio/build/genericGD32E505RE/libfdc/cmsis_dsp_from_source/Source/ComplexMathFunctions/arm_cmplx_dot_prod_q31.o
LOAD .pio/build/genericGD32E505RE/libfdc/cmsis_dsp_from_source/Source/ComplexMathFunctions/arm_cmplx_mag_f32.o
LOAD .pio/build/genericGD32E505RE/libfdc/cmsis_dsp_from_source/Source/ComplexMathFunctions/arm_cmplx_mag_q15.o
LOAD .pio/build/genericGD32E505RE/libfdc/cmsis_dsp_from_source/Source/ComplexMathFunctions/arm_cmplx_mag_q31.o
LOAD .pio/build/genericGD32E505RE/libfdc/cmsis_dsp_from_source/Source/ComplexMathFunctions/arm_cmplx_mag_squared_f32.o
LOAD .pio/build/genericGD32E505RE/libfdc/cmsis_dsp_from_source/Source/ComplexMathFunctions/arm_cmplx_mag_squared_q15.o
LOAD .pio/build/genericGD32E505RE/libfdc/cmsis_dsp_from_source/Source/ComplexMathFunctions/arm_cmplx_mag_squared_q31.o
LOAD .pio/build/genericGD32E505RE/libfdc/cmsis_dsp_from_source/Source/ComplexMathFunctions/arm_cmplx_mult_cmplx_f32.o
LOAD .pio/build/genericGD32E505RE/libfdc/cmsis_dsp_from_source/Source/ComplexMathFunctions/arm_cmplx_mult_cmplx_q15.o
LOAD .pio/build/genericGD32E505RE/libfdc/cmsis_dsp_from_source/Source/ComplexMathFunctions/arm_cmplx_mult_cmplx_q31.o
LOAD .pio/build/genericGD32E505RE/libfdc/cmsis_dsp_from_source/Source/ComplexMathFunctions/arm_cmplx_mult_real_f32.o
LOAD .pio/build/genericGD32E505RE/libfdc/cmsis_dsp_from_source/Source/ComplexMathFunctions/arm_cmplx_mult_real_q15.o
LOAD .pio/build/genericGD32E505RE/libfdc/cmsis_dsp_from_source/Source/ComplexMathFunctions/arm_cmplx_mult_real_q31.o
LOAD .pio/build/genericGD32E505RE/libfdc/cmsis_dsp_from_source/Source/ControllerFunctions/arm_pid_init_f32.o
LOAD .pio/build/genericGD32E505RE/libfdc/cmsis_dsp_from_source/Source/ControllerFunctions/arm_pid_init_q15.o
LOAD .pio/build/genericGD32E505RE/libfdc/cmsis_dsp_from_source/Source/ControllerFunctions/arm_pid_init_q31.o
LOAD .pio/build/genericGD32E505RE/libfdc/cmsis_dsp_from_source/Source/ControllerFunctions/arm_pid_reset_f32.o
LOAD .pio/build/genericGD32E505RE/libfdc/cmsis_dsp_from_source/Source/ControllerFunctions/arm_pid_reset_q15.o
LOAD .pio/build/genericGD32E505RE/libfdc/cmsis_dsp_from_source/Source/ControllerFunctions/arm_pid_reset_q31.o
LOAD .pio/build/genericGD32E505RE/libfdc/cmsis_dsp_from_source/Source/ControllerFunctions/arm_sin_cos_f32.o
LOAD .pio/build/genericGD32E505RE/libfdc/cmsis_dsp_from_source/Source/ControllerFunctions/arm_sin_cos_q31.o
LOAD .pio/build/genericGD32E505RE/libfdc/cmsis_dsp_from_source/Source/DistanceFunctions/arm_boolean_distance.o
LOAD .pio/build/genericGD32E505RE/libfdc/cmsis_dsp_from_source/Source/DistanceFunctions/arm_braycurtis_distance_f32.o
LOAD .pio/build/genericGD32E505RE/libfdc/cmsis_dsp_from_source/Source/DistanceFunctions/arm_canberra_distance_f32.o
LOAD .pio/build/genericGD32E505RE/libfdc/cmsis_dsp_from_source/Source/DistanceFunctions/arm_chebyshev_distance_f32.o
LOAD .pio/build/genericGD32E505RE/libfdc/cmsis_dsp_from_source/Source/DistanceFunctions/arm_cityblock_distance_f32.o
LOAD .pio/build/genericGD32E505RE/libfdc/cmsis_dsp_from_source/Source/DistanceFunctions/arm_correlation_distance_f32.o
LOAD .pio/build/genericGD32E505RE/libfdc/cmsis_dsp_from_source/Source/DistanceFunctions/arm_cosine_distance_f32.o
LOAD .pio/build/genericGD32E505RE/libfdc/cmsis_dsp_from_source/Source/DistanceFunctions/arm_dice_distance.o
LOAD .pio/build/genericGD32E505RE/libfdc/cmsis_dsp_from_source/Source/DistanceFunctions/arm_euclidean_distance_f32.o
LOAD .pio/build/genericGD32E505RE/libfdc/cmsis_dsp_from_source/Source/DistanceFunctions/arm_hamming_distance.o
LOAD .pio/build/genericGD32E505RE/libfdc/cmsis_dsp_from_source/Source/DistanceFunctions/arm_jaccard_distance.o
LOAD .pio/build/genericGD32E505RE/libfdc/cmsis_dsp_from_source/Source/DistanceFunctions/arm_jensenshannon_distance_f32.o
LOAD .pio/build/genericGD32E505RE/libfdc/cmsis_dsp_from_source/Source/DistanceFunctions/arm_kulsinski_distance.o
LOAD .pio/build/genericGD32E505RE/libfdc/cmsis_dsp_from_source/Source/DistanceFunctions/arm_minkowski_distance_f32.o
LOAD .pio/build/genericGD32E505RE/libfdc/cmsis_dsp_from_source/Source/DistanceFunctions/arm_rogerstanimoto_distance.o
LOAD .pio/build/genericGD32E505RE/libfdc/cmsis_dsp_from_source/Source/DistanceFunctions/arm_russellrao_distance.o
LOAD .pio/build/genericGD32E505RE/libfdc/cmsis_dsp_from_source/Source/DistanceFunctions/arm_sokalmichener_distance.o
LOAD .pio/build/genericGD32E505RE/libfdc/cmsis_dsp_from_source/Source/DistanceFunctions/arm_sokalsneath_distance.o
LOAD .pio/build/genericGD32E505RE/libfdc/cmsis_dsp_from_source/Source/DistanceFunctions/arm_yule_distance.o
LOAD .pio/build/genericGD32E505RE/libfdc/cmsis_dsp_from_source/Source/FastMathFunctions/arm_cos_f32.o
LOAD .pio/build/genericGD32E505RE/libfdc/cmsis_dsp_from_source/Source/FastMathFunctions/arm_cos_q15.o
LOAD .pio/build/genericGD32E505RE/libfdc/cmsis_dsp_from_source/Source/FastMathFunctions/arm_cos_q31.o
LOAD .pio/build/genericGD32E505RE/libfdc/cmsis_dsp_from_source/Source/FastMathFunctions/arm_sin_f32.o
LOAD .pio/build/genericGD32E505RE/libfdc/cmsis_dsp_from_source/Source/FastMathFunctions/arm_sin_q15.o
LOAD .pio/build/genericGD32E505RE/libfdc/cmsis_dsp_from_source/Source/FastMathFunctions/arm_sin_q31.o
LOAD .pio/build/genericGD32E505RE/libfdc/cmsis_dsp_from_source/Source/FastMathFunctions/arm_sqrt_q15.o
LOAD .pio/build/genericGD32E505RE/libfdc/cmsis_dsp_from_source/Source/FastMathFunctions/arm_sqrt_q31.o
LOAD .pio/build/genericGD32E505RE/libfdc/cmsis_dsp_from_source/Source/FastMathFunctions/arm_vexp_f32.o
LOAD .pio/build/genericGD32E505RE/libfdc/cmsis_dsp_from_source/Source/FastMathFunctions/arm_vlog_f32.o
LOAD .pio/build/genericGD32E505RE/libfdc/cmsis_dsp_from_source/Source/FilteringFunctions/arm_biquad_cascade_df1_32x64_init_q31.o
LOAD .pio/build/genericGD32E505RE/libfdc/cmsis_dsp_from_source/Source/FilteringFunctions/arm_biquad_cascade_df1_32x64_q31.o
LOAD .pio/build/genericGD32E505RE/libfdc/cmsis_dsp_from_source/Source/FilteringFunctions/arm_biquad_cascade_df1_f32.o
LOAD .pio/build/genericGD32E505RE/libfdc/cmsis_dsp_from_source/Source/FilteringFunctions/arm_biquad_cascade_df1_fast_q15.o
LOAD .pio/build/genericGD32E505RE/libfdc/cmsis_dsp_from_source/Source/FilteringFunctions/arm_biquad_cascade_df1_fast_q31.o
LOAD .pio/build/genericGD32E505RE/libfdc/cmsis_dsp_from_source/Source/FilteringFunctions/arm_biquad_cascade_df1_init_f32.o
LOAD .pio/build/genericGD32E505RE/libfdc/cmsis_dsp_from_source/Source/FilteringFunctions/arm_biquad_cascade_df1_init_q15.o
LOAD .pio/build/genericGD32E505RE/libfdc/cmsis_dsp_from_source/Source/FilteringFunctions/arm_biquad_cascade_df1_init_q31.o
LOAD .pio/build/genericGD32E505RE/libfdc/cmsis_dsp_from_source/Source/FilteringFunctions/arm_biquad_cascade_df1_q15.o
LOAD .pio/build/genericGD32E505RE/libfdc/cmsis_dsp_from_source/Source/FilteringFunctions/arm_biquad_cascade_df1_q31.o
LOAD .pio/build/genericGD32E505RE/libfdc/cmsis_dsp_from_source/Source/FilteringFunctions/arm_biquad_cascade_df2T_f32.o
LOAD .pio/build/genericGD32E505RE/libfdc/cmsis_dsp_from_source/Source/FilteringFunctions/arm_biquad_cascade_df2T_f64.o
LOAD .pio/build/genericGD32E505RE/libfdc/cmsis_dsp_from_source/Source/FilteringFunctions/arm_biquad_cascade_df2T_init_f32.o
LOAD .pio/build/genericGD32E505RE/libfdc/cmsis_dsp_from_source/Source/FilteringFunctions/arm_biquad_cascade_df2T_init_f64.o
LOAD .pio/build/genericGD32E505RE/libfdc/cmsis_dsp_from_source/Source/FilteringFunctions/arm_biquad_cascade_stereo_df2T_f32.o
LOAD .pio/build/genericGD32E505RE/libfdc/cmsis_dsp_from_source/Source/FilteringFunctions/arm_biquad_cascade_stereo_df2T_init_f32.o
LOAD .pio/build/genericGD32E505RE/libfdc/cmsis_dsp_from_source/Source/FilteringFunctions/arm_conv_f32.o
LOAD .pio/build/genericGD32E505RE/libfdc/cmsis_dsp_from_source/Source/FilteringFunctions/arm_conv_fast_opt_q15.o
LOAD .pio/build/genericGD32E505RE/libfdc/cmsis_dsp_from_source/Source/FilteringFunctions/arm_conv_fast_q15.o
LOAD .pio/build/genericGD32E505RE/libfdc/cmsis_dsp_from_source/Source/FilteringFunctions/arm_conv_fast_q31.o
LOAD .pio/build/genericGD32E505RE/libfdc/cmsis_dsp_from_source/Source/FilteringFunctions/arm_conv_opt_q15.o
LOAD .pio/build/genericGD32E505RE/libfdc/cmsis_dsp_from_source/Source/FilteringFunctions/arm_conv_opt_q7.o
LOAD .pio/build/genericGD32E505RE/libfdc/cmsis_dsp_from_source/Source/FilteringFunctions/arm_conv_partial_f32.o
LOAD .pio/build/genericGD32E505RE/libfdc/cmsis_dsp_from_source/Source/FilteringFunctions/arm_conv_partial_fast_opt_q15.o
LOAD .pio/build/genericGD32E505RE/libfdc/cmsis_dsp_from_source/Source/FilteringFunctions/arm_conv_partial_fast_q15.o
LOAD .pio/build/genericGD32E505RE/libfdc/cmsis_dsp_from_source/Source/FilteringFunctions/arm_conv_partial_fast_q31.o
LOAD .pio/build/genericGD32E505RE/libfdc/cmsis_dsp_from_source/Source/FilteringFunctions/arm_conv_partial_opt_q15.o
LOAD .pio/build/genericGD32E505RE/libfdc/cmsis_dsp_from_source/Source/FilteringFunctions/arm_conv_partial_opt_q7.o
LOAD .pio/build/genericGD32E505RE/libfdc/cmsis_dsp_from_source/Source/FilteringFunctions/arm_conv_partial_q15.o
LOAD .pio/build/genericGD32E505RE/libfdc/cmsis_dsp_from_source/Source/FilteringFunctions/arm_conv_partial_q31.o
LOAD .pio/build/genericGD32E505RE/libfdc/cmsis_dsp_from_source/Source/FilteringFunctions/arm_conv_partial_q7.o
LOAD .pio/build/genericGD32E505RE/libfdc/cmsis_dsp_from_source/Source/FilteringFunctions/arm_conv_q15.o
LOAD .pio/build/genericGD32E505RE/libfdc/cmsis_dsp_from_source/Source/FilteringFunctions/arm_conv_q31.o
LOAD .pio/build/genericGD32E505RE/libfdc/cmsis_dsp_from_source/Source/FilteringFunctions/arm_conv_q7.o
LOAD .pio/build/genericGD32E505RE/libfdc/cmsis_dsp_from_source/Source/FilteringFunctions/arm_correlate_f32.o
LOAD .pio/build/genericGD32E505RE/libfdc/cmsis_dsp_from_source/Source/FilteringFunctions/arm_correlate_fast_opt_q15.o
LOAD .pio/build/genericGD32E505RE/libfdc/cmsis_dsp_from_source/Source/FilteringFunctions/arm_correlate_fast_q15.o
LOAD .pio/build/genericGD32E505RE/libfdc/cmsis_dsp_from_source/Source/FilteringFunctions/arm_correlate_fast_q31.o
LOAD .pio/build/genericGD32E505RE/libfdc/cmsis_dsp_from_source/Source/FilteringFunctions/arm_correlate_opt_q15.o
LOAD .pio/build/genericGD32E505RE/libfdc/cmsis_dsp_from_source/Source/FilteringFunctions/arm_correlate_opt_q7.o
LOAD .pio/build/genericGD32E505RE/libfdc/cmsis_dsp_from_source/Source/FilteringFunctions/arm_correlate_q15.o
LOAD .pio/build/genericGD32E505RE/libfdc/cmsis_dsp_from_source/Source/FilteringFunctions/arm_correlate_q31.o
LOAD .pio/build/genericGD32E505RE/libfdc/cmsis_dsp_from_source/Source/FilteringFunctions/arm_correlate_q7.o
LOAD .pio/build/genericGD32E505RE/libfdc/cmsis_dsp_from_source/Source/FilteringFunctions/arm_fir_decimate_f32.o
LOAD .pio/build/genericGD32E505RE/libfdc/cmsis_dsp_from_source/Source/FilteringFunctions/arm_fir_decimate_fast_q15.o
LOAD .pio/build/genericGD32E505RE/libfdc/cmsis_dsp_from_source/Source/FilteringFunctions/arm_fir_decimate_fast_q31.o
LOAD .pio/build/genericGD32E505RE/libfdc/cmsis_dsp_from_source/Source/FilteringFunctions/arm_fir_decimate_init_f32.o
LOAD .pio/build/genericGD32E505RE/libfdc/cmsis_dsp_from_source/Source/FilteringFunctions/arm_fir_decimate_init_q15.o
LOAD .pio/build/genericGD32E505RE/libfdc/cmsis_dsp_from_source/Source/FilteringFunctions/arm_fir_decimate_init_q31.o
LOAD .pio/build/genericGD32E505RE/libfdc/cmsis_dsp_from_source/Source/FilteringFunctions/arm_fir_decimate_q15.o
LOAD .pio/build/genericGD32E505RE/libfdc/cmsis_dsp_from_source/Source/FilteringFunctions/arm_fir_decimate_q31.o
LOAD .pio/build/genericGD32E505RE/libfdc/cmsis_dsp_from_source/Source/FilteringFunctions/arm_fir_f32.o
LOAD .pio/build/genericGD32E505RE/libfdc/cmsis_dsp_from_source/Source/FilteringFunctions/arm_fir_fast_q15.o
LOAD .pio/build/genericGD32E505RE/libfdc/cmsis_dsp_from_source/Source/FilteringFunctions/arm_fir_fast_q31.o
LOAD .pio/build/genericGD32E505RE/libfdc/cmsis_dsp_from_source/Source/FilteringFunctions/arm_fir_init_f32.o
LOAD .pio/build/genericGD32E505RE/libfdc/cmsis_dsp_from_source/Source/FilteringFunctions/arm_fir_init_q15.o
LOAD .pio/build/genericGD32E505RE/libfdc/cmsis_dsp_from_source/Source/FilteringFunctions/arm_fir_init_q31.o
LOAD .pio/build/genericGD32E505RE/libfdc/cmsis_dsp_from_source/Source/FilteringFunctions/arm_fir_init_q7.o
LOAD .pio/build/genericGD32E505RE/libfdc/cmsis_dsp_from_source/Source/FilteringFunctions/arm_fir_interpolate_f32.o
LOAD .pio/build/genericGD32E505RE/libfdc/cmsis_dsp_from_source/Source/FilteringFunctions/arm_fir_interpolate_init_f32.o
LOAD .pio/build/genericGD32E505RE/libfdc/cmsis_dsp_from_source/Source/FilteringFunctions/arm_fir_interpolate_init_q15.o
LOAD .pio/build/genericGD32E505RE/libfdc/cmsis_dsp_from_source/Source/FilteringFunctions/arm_fir_interpolate_init_q31.o
LOAD .pio/build/genericGD32E505RE/libfdc/cmsis_dsp_from_source/Source/FilteringFunctions/arm_fir_interpolate_q15.o
LOAD .pio/build/genericGD32E505RE/libfdc/cmsis_dsp_from_source/Source/FilteringFunctions/arm_fir_interpolate_q31.o
LOAD .pio/build/genericGD32E505RE/libfdc/cmsis_dsp_from_source/Source/FilteringFunctions/arm_fir_lattice_f32.o
LOAD .pio/build/genericGD32E505RE/libfdc/cmsis_dsp_from_source/Source/FilteringFunctions/arm_fir_lattice_init_f32.o
LOAD .pio/build/genericGD32E505RE/libfdc/cmsis_dsp_from_source/Source/FilteringFunctions/arm_fir_lattice_init_q15.o
LOAD .pio/build/genericGD32E505RE/libfdc/cmsis_dsp_from_source/Source/FilteringFunctions/arm_fir_lattice_init_q31.o
LOAD .pio/build/genericGD32E505RE/libfdc/cmsis_dsp_from_source/Source/FilteringFunctions/arm_fir_lattice_q15.o
LOAD .pio/build/genericGD32E505RE/libfdc/cmsis_dsp_from_source/Source/FilteringFunctions/arm_fir_lattice_q31.o
LOAD .pio/build/genericGD32E505RE/libfdc/cmsis_dsp_from_source/Source/FilteringFunctions/arm_fir_q15.o
LOAD .pio/build/genericGD32E505RE/libfdc/cmsis_dsp_from_source/Source/FilteringFunctions/arm_fir_q31.o
LOAD .pio/build/genericGD32E505RE/libfdc/cmsis_dsp_from_source/Source/FilteringFunctions/arm_fir_q7.o
LOAD .pio/build/genericGD32E505RE/libfdc/cmsis_dsp_from_source/Source/FilteringFunctions/arm_fir_sparse_f32.o
LOAD .pio/build/genericGD32E505RE/libfdc/cmsis_dsp_from_source/Source/FilteringFunctions/arm_fir_sparse_init_f32.o
LOAD .pio/build/genericGD32E505RE/libfdc/cmsis_dsp_from_source/Source/FilteringFunctions/arm_fir_sparse_init_q15.o
LOAD .pio/build/genericGD32E505RE/libfdc/cmsis_dsp_from_source/Source/FilteringFunctions/arm_fir_sparse_init_q31.o
LOAD .pio/build/genericGD32E505RE/libfdc/cmsis_dsp_from_source/Source/FilteringFunctions/arm_fir_sparse_init_q7.o
LOAD .pio/build/genericGD32E505RE/libfdc/cmsis_dsp_from_source/Source/FilteringFunctions/arm_fir_sparse_q15.o
LOAD .pio/build/genericGD32E505RE/libfdc/cmsis_dsp_from_source/Source/FilteringFunctions/arm_fir_sparse_q31.o
LOAD .pio/build/genericGD32E505RE/libfdc/cmsis_dsp_from_source/Source/FilteringFunctions/arm_fir_sparse_q7.o
LOAD .pio/build/genericGD32E505RE/libfdc/cmsis_dsp_from_source/Source/FilteringFunctions/arm_iir_lattice_f32.o
LOAD .pio/build/genericGD32E505RE/libfdc/cmsis_dsp_from_source/Source/FilteringFunctions/arm_iir_lattice_init_f32.o
LOAD .pio/build/genericGD32E505RE/libfdc/cmsis_dsp_from_source/Source/FilteringFunctions/arm_iir_lattice_init_q15.o
LOAD .pio/build/genericGD32E505RE/libfdc/cmsis_dsp_from_source/Source/FilteringFunctions/arm_iir_lattice_init_q31.o
LOAD .pio/build/genericGD32E505RE/libfdc/cmsis_dsp_from_source/Source/FilteringFunctions/arm_iir_lattice_q15.o
LOAD .pio/build/genericGD32E505RE/libfdc/cmsis_dsp_from_source/Source/FilteringFunctions/arm_iir_lattice_q31.o
LOAD .pio/build/genericGD32E505RE/libfdc/cmsis_dsp_from_source/Source/FilteringFunctions/arm_lms_f32.o
LOAD .pio/build/genericGD32E505RE/libfdc/cmsis_dsp_from_source/Source/FilteringFunctions/arm_lms_init_f32.o
LOAD .pio/build/genericGD32E505RE/libfdc/cmsis_dsp_from_source/Source/FilteringFunctions/arm_lms_init_q15.o
LOAD .pio/build/genericGD32E505RE/libfdc/cmsis_dsp_from_source/Source/FilteringFunctions/arm_lms_init_q31.o
LOAD .pio/build/genericGD32E505RE/libfdc/cmsis_dsp_from_source/Source/FilteringFunctions/arm_lms_norm_f32.o
LOAD .pio/build/genericGD32E505RE/libfdc/cmsis_dsp_from_source/Source/FilteringFunctions/arm_lms_norm_init_f32.o
LOAD .pio/build/genericGD32E505RE/libfdc/cmsis_dsp_from_source/Source/FilteringFunctions/arm_lms_norm_init_q15.o
LOAD .pio/build/genericGD32E505RE/libfdc/cmsis_dsp_from_source/Source/FilteringFunctions/arm_lms_norm_init_q31.o
LOAD .pio/build/genericGD32E505RE/libfdc/cmsis_dsp_from_source/Source/FilteringFunctions/arm_lms_norm_q15.o
LOAD .pio/build/genericGD32E505RE/libfdc/cmsis_dsp_from_source/Source/FilteringFunctions/arm_lms_norm_q31.o
LOAD .pio/build/genericGD32E505RE/libfdc/cmsis_dsp_from_source/Source/FilteringFunctions/arm_lms_q15.o
LOAD .pio/build/genericGD32E505RE/libfdc/cmsis_dsp_from_source/Source/FilteringFunctions/arm_lms_q31.o
LOAD .pio/build/genericGD32E505RE/libfdc/cmsis_dsp_from_source/Source/MatrixFunctions/arm_mat_add_f32.o
LOAD .pio/build/genericGD32E505RE/libfdc/cmsis_dsp_from_source/Source/MatrixFunctions/arm_mat_add_q15.o
LOAD .pio/build/genericGD32E505RE/libfdc/cmsis_dsp_from_source/Source/MatrixFunctions/arm_mat_add_q31.o
LOAD .pio/build/genericGD32E505RE/libfdc/cmsis_dsp_from_source/Source/MatrixFunctions/arm_mat_cmplx_mult_f32.o
LOAD .pio/build/genericGD32E505RE/libfdc/cmsis_dsp_from_source/Source/MatrixFunctions/arm_mat_cmplx_mult_q15.o
LOAD .pio/build/genericGD32E505RE/libfdc/cmsis_dsp_from_source/Source/MatrixFunctions/arm_mat_cmplx_mult_q31.o
LOAD .pio/build/genericGD32E505RE/libfdc/cmsis_dsp_from_source/Source/MatrixFunctions/arm_mat_init_f32.o
LOAD .pio/build/genericGD32E505RE/libfdc/cmsis_dsp_from_source/Source/MatrixFunctions/arm_mat_init_q15.o
LOAD .pio/build/genericGD32E505RE/libfdc/cmsis_dsp_from_source/Source/MatrixFunctions/arm_mat_init_q31.o
LOAD .pio/build/genericGD32E505RE/libfdc/cmsis_dsp_from_source/Source/MatrixFunctions/arm_mat_inverse_f32.o
LOAD .pio/build/genericGD32E505RE/libfdc/cmsis_dsp_from_source/Source/MatrixFunctions/arm_mat_inverse_f64.o
LOAD .pio/build/genericGD32E505RE/libfdc/cmsis_dsp_from_source/Source/MatrixFunctions/arm_mat_mult_f32.o
LOAD .pio/build/genericGD32E505RE/libfdc/cmsis_dsp_from_source/Source/MatrixFunctions/arm_mat_mult_fast_q15.o
LOAD .pio/build/genericGD32E505RE/libfdc/cmsis_dsp_from_source/Source/MatrixFunctions/arm_mat_mult_fast_q31.o
LOAD .pio/build/genericGD32E505RE/libfdc/cmsis_dsp_from_source/Source/MatrixFunctions/arm_mat_mult_q15.o
LOAD .pio/build/genericGD32E505RE/libfdc/cmsis_dsp_from_source/Source/MatrixFunctions/arm_mat_mult_q31.o
LOAD .pio/build/genericGD32E505RE/libfdc/cmsis_dsp_from_source/Source/MatrixFunctions/arm_mat_scale_f32.o
LOAD .pio/build/genericGD32E505RE/libfdc/cmsis_dsp_from_source/Source/MatrixFunctions/arm_mat_scale_q15.o
LOAD .pio/build/genericGD32E505RE/libfdc/cmsis_dsp_from_source/Source/MatrixFunctions/arm_mat_scale_q31.o
LOAD .pio/build/genericGD32E505RE/libfdc/cmsis_dsp_from_source/Source/MatrixFunctions/arm_mat_sub_f32.o
LOAD .pio/build/genericGD32E505RE/libfdc/cmsis_dsp_from_source/Source/MatrixFunctions/arm_mat_sub_q15.o
LOAD .pio/build/genericGD32E505RE/libfdc/cmsis_dsp_from_source/Source/MatrixFunctions/arm_mat_sub_q31.o
LOAD .pio/build/genericGD32E505RE/libfdc/cmsis_dsp_from_source/Source/MatrixFunctions/arm_mat_trans_f32.o
LOAD .pio/build/genericGD32E505RE/libfdc/cmsis_dsp_from_source/Source/MatrixFunctions/arm_mat_trans_q15.o
LOAD .pio/build/genericGD32E505RE/libfdc/cmsis_dsp_from_source/Source/MatrixFunctions/arm_mat_trans_q31.o
LOAD .pio/build/genericGD32E505RE/libfdc/cmsis_dsp_from_source/Source/SVMFunctions/arm_svm_linear_init_f32.o
LOAD .pio/build/genericGD32E505RE/libfdc/cmsis_dsp_from_source/Source/SVMFunctions/arm_svm_linear_predict_f32.o
LOAD .pio/build/genericGD32E505RE/libfdc/cmsis_dsp_from_source/Source/SVMFunctions/arm_svm_polynomial_init_f32.o
LOAD .pio/build/genericGD32E505RE/libfdc/cmsis_dsp_from_source/Source/SVMFunctions/arm_svm_polynomial_predict_f32.o
LOAD .pio/build/genericGD32E505RE/libfdc/cmsis_dsp_from_source/Source/SVMFunctions/arm_svm_rbf_init_f32.o
LOAD .pio/build/genericGD32E505RE/libfdc/cmsis_dsp_from_source/Source/SVMFunctions/arm_svm_rbf_predict_f32.o
LOAD .pio/build/genericGD32E505RE/libfdc/cmsis_dsp_from_source/Source/SVMFunctions/arm_svm_sigmoid_init_f32.o
LOAD .pio/build/genericGD32E505RE/libfdc/cmsis_dsp_from_source/Source/SVMFunctions/arm_svm_sigmoid_predict_f32.o
LOAD .pio/build/genericGD32E505RE/libfdc/cmsis_dsp_from_source/Source/StatisticsFunctions/arm_entropy_f32.o
LOAD .pio/build/genericGD32E505RE/libfdc/cmsis_dsp_from_source/Source/StatisticsFunctions/arm_entropy_f64.o
LOAD .pio/build/genericGD32E505RE/libfdc/cmsis_dsp_from_source/Source/StatisticsFunctions/arm_kullback_leibler_f32.o
LOAD .pio/build/genericGD32E505RE/libfdc/cmsis_dsp_from_source/Source/StatisticsFunctions/arm_kullback_leibler_f64.o
LOAD .pio/build/genericGD32E505RE/libfdc/cmsis_dsp_from_source/Source/StatisticsFunctions/arm_logsumexp_dot_prod_f32.o
LOAD .pio/build/genericGD32E505RE/libfdc/cmsis_dsp_from_source/Source/StatisticsFunctions/arm_logsumexp_f32.o
LOAD .pio/build/genericGD32E505RE/libfdc/cmsis_dsp_from_source/Source/StatisticsFunctions/arm_max_f32.o
LOAD .pio/build/genericGD32E505RE/libfdc/cmsis_dsp_from_source/Source/StatisticsFunctions/arm_max_no_idx_f32.o
LOAD .pio/build/genericGD32E505RE/libfdc/cmsis_dsp_from_source/Source/StatisticsFunctions/arm_max_q15.o
LOAD .pio/build/genericGD32E505RE/libfdc/cmsis_dsp_from_source/Source/StatisticsFunctions/arm_max_q31.o
LOAD .pio/build/genericGD32E505RE/libfdc/cmsis_dsp_from_source/Source/StatisticsFunctions/arm_max_q7.o
LOAD .pio/build/genericGD32E505RE/libfdc/cmsis_dsp_from_source/Source/StatisticsFunctions/arm_mean_f32.o
LOAD .pio/build/genericGD32E505RE/libfdc/cmsis_dsp_from_source/Source/StatisticsFunctions/arm_mean_q15.o
LOAD .pio/build/genericGD32E505RE/libfdc/cmsis_dsp_from_source/Source/StatisticsFunctions/arm_mean_q31.o
LOAD .pio/build/genericGD32E505RE/libfdc/cmsis_dsp_from_source/Source/StatisticsFunctions/arm_mean_q7.o
LOAD .pio/build/genericGD32E505RE/libfdc/cmsis_dsp_from_source/Source/StatisticsFunctions/arm_min_f32.o
LOAD .pio/build/genericGD32E505RE/libfdc/cmsis_dsp_from_source/Source/StatisticsFunctions/arm_min_q15.o
LOAD .pio/build/genericGD32E505RE/libfdc/cmsis_dsp_from_source/Source/StatisticsFunctions/arm_min_q31.o
LOAD .pio/build/genericGD32E505RE/libfdc/cmsis_dsp_from_source/Source/StatisticsFunctions/arm_min_q7.o
LOAD .pio/build/genericGD32E505RE/libfdc/cmsis_dsp_from_source/Source/StatisticsFunctions/arm_power_f32.o
LOAD .pio/build/genericGD32E505RE/libfdc/cmsis_dsp_from_source/Source/StatisticsFunctions/arm_power_q15.o
LOAD .pio/build/genericGD32E505RE/libfdc/cmsis_dsp_from_source/Source/StatisticsFunctions/arm_power_q31.o
LOAD .pio/build/genericGD32E505RE/libfdc/cmsis_dsp_from_source/Source/StatisticsFunctions/arm_power_q7.o
LOAD .pio/build/genericGD32E505RE/libfdc/cmsis_dsp_from_source/Source/StatisticsFunctions/arm_rms_f32.o
LOAD .pio/build/genericGD32E505RE/libfdc/cmsis_dsp_from_source/Source/StatisticsFunctions/arm_rms_q15.o
LOAD .pio/build/genericGD32E505RE/libfdc/cmsis_dsp_from_source/Source/StatisticsFunctions/arm_rms_q31.o
LOAD .pio/build/genericGD32E505RE/libfdc/cmsis_dsp_from_source/Source/StatisticsFunctions/arm_std_f32.o
LOAD .pio/build/genericGD32E505RE/libfdc/cmsis_dsp_from_source/Source/StatisticsFunctions/arm_std_q15.o
LOAD .pio/build/genericGD32E505RE/libfdc/cmsis_dsp_from_source/Source/StatisticsFunctions/arm_std_q31.o
LOAD .pio/build/genericGD32E505RE/libfdc/cmsis_dsp_from_source/Source/StatisticsFunctions/arm_var_f32.o
LOAD .pio/build/genericGD32E505RE/libfdc/cmsis_dsp_from_source/Source/StatisticsFunctions/arm_var_q15.o
LOAD .pio/build/genericGD32E505RE/libfdc/cmsis_dsp_from_source/Source/StatisticsFunctions/arm_var_q31.o
LOAD .pio/build/genericGD32E505RE/libfdc/cmsis_dsp_from_source/Source/SupportFunctions/arm_barycenter_f32.o
LOAD .pio/build/genericGD32E505RE/libfdc/cmsis_dsp_from_source/Source/SupportFunctions/arm_bitonic_sort_f32.o
LOAD .pio/build/genericGD32E505RE/libfdc/cmsis_dsp_from_source/Source/SupportFunctions/arm_bubble_sort_f32.o
LOAD .pio/build/genericGD32E505RE/libfdc/cmsis_dsp_from_source/Source/SupportFunctions/arm_copy_f32.o
LOAD .pio/build/genericGD32E505RE/libfdc/cmsis_dsp_from_source/Source/SupportFunctions/arm_copy_q15.o
LOAD .pio/build/genericGD32E505RE/libfdc/cmsis_dsp_from_source/Source/SupportFunctions/arm_copy_q31.o
LOAD .pio/build/genericGD32E505RE/libfdc/cmsis_dsp_from_source/Source/SupportFunctions/arm_copy_q7.o
LOAD .pio/build/genericGD32E505RE/libfdc/cmsis_dsp_from_source/Source/SupportFunctions/arm_fill_f32.o
LOAD .pio/build/genericGD32E505RE/libfdc/cmsis_dsp_from_source/Source/SupportFunctions/arm_fill_q15.o
LOAD .pio/build/genericGD32E505RE/libfdc/cmsis_dsp_from_source/Source/SupportFunctions/arm_fill_q31.o
LOAD .pio/build/genericGD32E505RE/libfdc/cmsis_dsp_from_source/Source/SupportFunctions/arm_fill_q7.o
LOAD .pio/build/genericGD32E505RE/libfdc/cmsis_dsp_from_source/Source/SupportFunctions/arm_float_to_q15.o
LOAD .pio/build/genericGD32E505RE/libfdc/cmsis_dsp_from_source/Source/SupportFunctions/arm_float_to_q31.o
LOAD .pio/build/genericGD32E505RE/libfdc/cmsis_dsp_from_source/Source/SupportFunctions/arm_float_to_q7.o
LOAD .pio/build/genericGD32E505RE/libfdc/cmsis_dsp_from_source/Source/SupportFunctions/arm_heap_sort_f32.o
LOAD .pio/build/genericGD32E505RE/libfdc/cmsis_dsp_from_source/Source/SupportFunctions/arm_insertion_sort_f32.o
LOAD .pio/build/genericGD32E505RE/libfdc/cmsis_dsp_from_source/Source/SupportFunctions/arm_merge_sort_f32.o
LOAD .pio/build/genericGD32E505RE/libfdc/cmsis_dsp_from_source/Source/SupportFunctions/arm_merge_sort_init_f32.o
LOAD .pio/build/genericGD32E505RE/libfdc/cmsis_dsp_from_source/Source/SupportFunctions/arm_q15_to_float.o
LOAD .pio/build/genericGD32E505RE/libfdc/cmsis_dsp_from_source/Source/SupportFunctions/arm_q15_to_q31.o
LOAD .pio/build/genericGD32E505RE/libfdc/cmsis_dsp_from_source/Source/SupportFunctions/arm_q15_to_q7.o
LOAD .pio/build/genericGD32E505RE/libfdc/cmsis_dsp_from_source/Source/SupportFunctions/arm_q31_to_float.o
LOAD .pio/build/genericGD32E505RE/libfdc/cmsis_dsp_from_source/Source/SupportFunctions/arm_q31_to_q15.o
LOAD .pio/build/genericGD32E505RE/libfdc/cmsis_dsp_from_source/Source/SupportFunctions/arm_q31_to_q7.o
LOAD .pio/build/genericGD32E505RE/libfdc/cmsis_dsp_from_source/Source/SupportFunctions/arm_q7_to_float.o
LOAD .pio/build/genericGD32E505RE/libfdc/cmsis_dsp_from_source/Source/SupportFunctions/arm_q7_to_q15.o
LOAD .pio/build/genericGD32E505RE/libfdc/cmsis_dsp_from_source/Source/SupportFunctions/arm_q7_to_q31.o
LOAD .pio/build/genericGD32E505RE/libfdc/cmsis_dsp_from_source/Source/SupportFunctions/arm_quick_sort_f32.o
LOAD .pio/build/genericGD32E505RE/libfdc/cmsis_dsp_from_source/Source/SupportFunctions/arm_selection_sort_f32.o
LOAD .pio/build/genericGD32E505RE/libfdc/cmsis_dsp_from_source/Source/SupportFunctions/arm_sort_f32.o
LOAD .pio/build/genericGD32E505RE/libfdc/cmsis_dsp_from_source/Source/SupportFunctions/arm_sort_init_f32.o
LOAD .pio/build/genericGD32E505RE/libfdc/cmsis_dsp_from_source/Source/SupportFunctions/arm_spline_interp_f32.o
LOAD .pio/build/genericGD32E505RE/libfdc/cmsis_dsp_from_source/Source/SupportFunctions/arm_spline_interp_init_f32.o
LOAD .pio/build/genericGD32E505RE/libfdc/cmsis_dsp_from_source/Source/SupportFunctions/arm_weighted_sum_f32.o
LOAD .pio/build/genericGD32E505RE/libfdc/cmsis_dsp_from_source/Source/TransformFunctions/arm_bitreversal.o
LOAD .pio/build/genericGD32E505RE/libfdc/cmsis_dsp_from_source/Source/TransformFunctions/arm_bitreversal2.o
LOAD .pio/build/genericGD32E505RE/libfdc/cmsis_dsp_from_source/Source/TransformFunctions/arm_bitreversal2_cm23_only.o
LOAD .pio/build/genericGD32E505RE/libfdc/cmsis_dsp_from_source/Source/TransformFunctions/arm_cfft_f32.o
LOAD .pio/build/genericGD32E505RE/libfdc/cmsis_dsp_from_source/Source/TransformFunctions/arm_cfft_f64.o
LOAD .pio/build/genericGD32E505RE/libfdc/cmsis_dsp_from_source/Source/TransformFunctions/arm_cfft_init_f32.o
LOAD .pio/build/genericGD32E505RE/libfdc/cmsis_dsp_from_source/Source/TransformFunctions/arm_cfft_init_f64.o
LOAD .pio/build/genericGD32E505RE/libfdc/cmsis_dsp_from_source/Source/TransformFunctions/arm_cfft_init_q15.o
LOAD .pio/build/genericGD32E505RE/libfdc/cmsis_dsp_from_source/Source/TransformFunctions/arm_cfft_init_q31.o
LOAD .pio/build/genericGD32E505RE/libfdc/cmsis_dsp_from_source/Source/TransformFunctions/arm_cfft_q15.o
LOAD .pio/build/genericGD32E505RE/libfdc/cmsis_dsp_from_source/Source/TransformFunctions/arm_cfft_q31.o
LOAD .pio/build/genericGD32E505RE/libfdc/cmsis_dsp_from_source/Source/TransformFunctions/arm_cfft_radix2_f32.o
LOAD .pio/build/genericGD32E505RE/libfdc/cmsis_dsp_from_source/Source/TransformFunctions/arm_cfft_radix2_init_f32.o
LOAD .pio/build/genericGD32E505RE/libfdc/cmsis_dsp_from_source/Source/TransformFunctions/arm_cfft_radix2_init_q15.o
LOAD .pio/build/genericGD32E505RE/libfdc/cmsis_dsp_from_source/Source/TransformFunctions/arm_cfft_radix2_init_q31.o
LOAD .pio/build/genericGD32E505RE/libfdc/cmsis_dsp_from_source/Source/TransformFunctions/arm_cfft_radix2_q15.o
LOAD .pio/build/genericGD32E505RE/libfdc/cmsis_dsp_from_source/Source/TransformFunctions/arm_cfft_radix2_q31.o
LOAD .pio/build/genericGD32E505RE/libfdc/cmsis_dsp_from_source/Source/TransformFunctions/arm_cfft_radix4_f32.o
LOAD .pio/build/genericGD32E505RE/libfdc/cmsis_dsp_from_source/Source/TransformFunctions/arm_cfft_radix4_init_f32.o
LOAD .pio/build/genericGD32E505RE/libfdc/cmsis_dsp_from_source/Source/TransformFunctions/arm_cfft_radix4_init_q15.o
LOAD .pio/build/genericGD32E505RE/libfdc/cmsis_dsp_from_source/Source/TransformFunctions/arm_cfft_radix4_init_q31.o
LOAD .pio/build/genericGD32E505RE/libfdc/cmsis_dsp_from_source/Source/TransformFunctions/arm_cfft_radix4_q15.o
LOAD .pio/build/genericGD32E505RE/libfdc/cmsis_dsp_from_source/Source/TransformFunctions/arm_cfft_radix4_q31.o
LOAD .pio/build/genericGD32E505RE/libfdc/cmsis_dsp_from_source/Source/TransformFunctions/arm_cfft_radix8_f32.o
LOAD .pio/build/genericGD32E505RE/libfdc/cmsis_dsp_from_source/Source/TransformFunctions/arm_dct4_f32.o
LOAD .pio/build/genericGD32E505RE/libfdc/cmsis_dsp_from_source/Source/TransformFunctions/arm_dct4_init_f32.o
LOAD .pio/build/genericGD32E505RE/libfdc/cmsis_dsp_from_source/Source/TransformFunctions/arm_dct4_init_q15.o
LOAD .pio/build/genericGD32E505RE/libfdc/cmsis_dsp_from_source/Source/TransformFunctions/arm_dct4_init_q31.o
LOAD .pio/build/genericGD32E505RE/libfdc/cmsis_dsp_from_source/Source/TransformFunctions/arm_dct4_q15.o
LOAD .pio/build/genericGD32E505RE/libfdc/cmsis_dsp_from_source/Source/TransformFunctions/arm_dct4_q31.o
LOAD .pio/build/genericGD32E505RE/libfdc/cmsis_dsp_from_source/Source/TransformFunctions/arm_rfft_f32.o
LOAD .pio/build/genericGD32E505RE/libfdc/cmsis_dsp_from_source/Source/TransformFunctions/arm_rfft_fast_f32.o
LOAD .pio/build/genericGD32E505RE/libfdc/cmsis_dsp_from_source/Source/TransformFunctions/arm_rfft_fast_f64.o
LOAD .pio/build/genericGD32E505RE/libfdc/cmsis_dsp_from_source/Source/TransformFunctions/arm_rfft_fast_init_f32.o
LOAD .pio/build/genericGD32E505RE/libfdc/cmsis_dsp_from_source/Source/TransformFunctions/arm_rfft_fast_init_f64.o
LOAD .pio/build/genericGD32E505RE/libfdc/cmsis_dsp_from_source/Source/TransformFunctions/arm_rfft_init_f32.o
LOAD .pio/build/genericGD32E505RE/libfdc/cmsis_dsp_from_source/Source/TransformFunctions/arm_rfft_init_q15.o
LOAD .pio/build/genericGD32E505RE/libfdc/cmsis_dsp_from_source/Source/TransformFunctions/arm_rfft_init_q31.o
LOAD .pio/build/genericGD32E505RE/libfdc/cmsis_dsp_from_source/Source/TransformFunctions/arm_rfft_q15.o
LOAD .pio/build/genericGD32E505RE/libfdc/cmsis_dsp_from_source/Source/TransformFunctions/arm_rfft_q31.o
LOAD .pio/build/genericGD32E505RE/src/main.o
LOAD .pio/build/genericGD32E505RE/src/minimal-printf/mbed_printf_implementation.o
LOAD .pio/build/genericGD32E505RE/src/minimal-printf/mbed_printf_wrapper.o
LOAD .pio/build/genericGD32E505RE/src/printf_over_x.o
START GROUP
LOAD c:/users/max/.platformio/packages/toolchain-gccarmnoneeabi@1.90201.191206/bin/../lib/gcc/arm-none-eabi/9.2.1/../../../../arm-none-eabi/lib/thumb/v8-m.main+fp/hard\libc_nano.a
LOAD c:/users/max/.platformio/packages/toolchain-gccarmnoneeabi@1.90201.191206/bin/../lib/gcc/arm-none-eabi/9.2.1/thumb/v8-m.main+fp/hard\libgcc.a
LOAD c:/users/max/.platformio/packages/toolchain-gccarmnoneeabi@1.90201.191206/bin/../lib/gcc/arm-none-eabi/9.2.1/../../../../arm-none-eabi/lib/thumb/v8-m.main+fp/hard\libm.a
LOAD c:/users/max/.platformio/packages/toolchain-gccarmnoneeabi@1.90201.191206/bin/../lib/gcc/arm-none-eabi/9.2.1/../../../../arm-none-eabi/lib/thumb/v8-m.main+fp/hard\libstdc++_nano.a
LOAD .pio/build/genericGD32E505RE/libFrameworkCMSISVariant.a
LOAD .pio/build/genericGD32E505RE/libFrameworkSPL.a
END GROUP
START GROUP
LOAD c:/users/max/.platformio/packages/toolchain-gccarmnoneeabi@1.90201.191206/bin/../lib/gcc/arm-none-eabi/9.2.1/thumb/v8-m.main+fp/hard\libgcc.a
LOAD c:/users/max/.platformio/packages/toolchain-gccarmnoneeabi@1.90201.191206/bin/../lib/gcc/arm-none-eabi/9.2.1/../../../../arm-none-eabi/lib/thumb/v8-m.main+fp/hard\libc_nano.a
END GROUP
START GROUP
LOAD c:/users/max/.platformio/packages/toolchain-gccarmnoneeabi@1.90201.191206/bin/../lib/gcc/arm-none-eabi/9.2.1/thumb/v8-m.main+fp/hard\libgcc.a
LOAD c:/users/max/.platformio/packages/toolchain-gccarmnoneeabi@1.90201.191206/bin/../lib/gcc/arm-none-eabi/9.2.1/../../../../arm-none-eabi/lib/thumb/v8-m.main+fp/hard\libc_nano.a
LOAD c:/users/max/.platformio/packages/toolchain-gccarmnoneeabi@1.90201.191206/bin/../lib/gcc/arm-none-eabi/9.2.1/../../../../arm-none-eabi/lib/thumb/v8-m.main+fp/hard\libnosys.a
END GROUP
START GROUP
LOAD c:/users/max/.platformio/packages/toolchain-gccarmnoneeabi@1.90201.191206/bin/../lib/gcc/arm-none-eabi/9.2.1/thumb/v8-m.main+fp/hard\libgcc.a
LOAD c:/users/max/.platformio/packages/toolchain-gccarmnoneeabi@1.90201.191206/bin/../lib/gcc/arm-none-eabi/9.2.1/../../../../arm-none-eabi/lib/thumb/v8-m.main+fp/hard\libc_nano.a
LOAD c:/users/max/.platformio/packages/toolchain-gccarmnoneeabi@1.90201.191206/bin/../lib/gcc/arm-none-eabi/9.2.1/../../../../arm-none-eabi/lib/thumb/v8-m.main+fp/hard\libnosys.a
END GROUP
LOAD c:/users/max/.platformio/packages/toolchain-gccarmnoneeabi@1.90201.191206/bin/../lib/gcc/arm-none-eabi/9.2.1/thumb/v8-m.main+fp/hard/crtend.o
LOAD c:/users/max/.platformio/packages/toolchain-gccarmnoneeabi@1.90201.191206/bin/../lib/gcc/arm-none-eabi/9.2.1/thumb/v8-m.main+fp/hard/crtn.o
                0x0000000020020000                _estack = 0x20020000
                0x0000000000000200                _Min_Heap_Size = 0x200
                0x0000000000000400                _Min_Stack_Size = 0x400

.isr_vector     0x0000000008000000      0x1a0
                0x0000000008000000                . = ALIGN (0x4)
 *(.isr_vector)
 .isr_vector    0x0000000008000000      0x1a0 .pio/build/genericGD32E505RE/FrameworkCMSISStartup/startup_gd32e50x_cl.o
                0x0000000008000000                g_pfnVectors
                0x00000000080001a0                . = ALIGN (0x4)

.text           0x00000000080001a0     0x1f38
                0x00000000080001a0                . = ALIGN (0x4)
 *(.text)
 .text          0x00000000080001a0      0x378 c:/users/max/.platformio/packages/toolchain-gccarmnoneeabi@1.90201.191206/bin/../lib/gcc/arm-none-eabi/9.2.1/thumb/v8-m.main+fp/hard\libgcc.a(_arm_addsubdf3.o)
                0x00000000080001a0                __aeabi_drsub
                0x00000000080001a8                __aeabi_dsub
                0x00000000080001a8                __subdf3
                0x00000000080001ac                __aeabi_dadd
                0x00000000080001ac                __adddf3
                0x0000000008000424                __floatunsidf
                0x0000000008000424                __aeabi_ui2d
                0x0000000008000444                __floatsidf
                0x0000000008000444                __aeabi_i2d
                0x0000000008000468                __aeabi_f2d
                0x0000000008000468                __extendsfdf2
                0x00000000080004ac                __floatundidf
                0x00000000080004ac                __aeabi_ul2d
                0x00000000080004bc                __floatdidf
                0x00000000080004bc                __aeabi_l2d
 .text          0x0000000008000518       0xa0 c:/users/max/.platformio/packages/toolchain-gccarmnoneeabi@1.90201.191206/bin/../lib/gcc/arm-none-eabi/9.2.1/thumb/v8-m.main+fp/hard\libgcc.a(_arm_truncdfsf2.o)
                0x0000000008000518                __truncdfsf2
                0x0000000008000518                __aeabi_d2f
 *(.text*)
 .text.__do_global_dtors_aux
                0x00000000080005b8       0x24 c:/users/max/.platformio/packages/toolchain-gccarmnoneeabi@1.90201.191206/bin/../lib/gcc/arm-none-eabi/9.2.1/thumb/v8-m.main+fp/hard/crtbegin.o
 .text.frame_dummy
                0x00000000080005dc       0x1c c:/users/max/.platformio/packages/toolchain-gccarmnoneeabi@1.90201.191206/bin/../lib/gcc/arm-none-eabi/9.2.1/thumb/v8-m.main+fp/hard/crtbegin.o
 .text.Reset_Handler
                0x00000000080005f8       0x48 .pio/build/genericGD32E505RE/FrameworkCMSISStartup/startup_gd32e50x_cl.o
                0x00000000080005f8                Reset_Handler
 .text.Default_Handler
                0x0000000008000640        0x2 .pio/build/genericGD32E505RE/FrameworkCMSISStartup/startup_gd32e50x_cl.o
                0x0000000008000640                RTC_Alarm_IRQHandler
                0x0000000008000640                EXTI2_IRQHandler
                0x0000000008000640                SHRTIMER_IRQ5_IRQHandler
                0x0000000008000640                TIMER2_IRQHandler
                0x0000000008000640                SHRTIMER_IRQ2_IRQHandler
                0x0000000008000640                LVD_IRQHandler
                0x0000000008000640                CAN1_EWMC_IRQHandler
                0x0000000008000640                TIMER7_UP_TIMER12_IRQHandler
                0x0000000008000640                ADC0_1_IRQHandler
                0x0000000008000640                SHRTIMER_IRQ3_IRQHandler
                0x0000000008000640                CAN2_RX1_IRQHandler
                0x0000000008000640                EXTI3_IRQHandler
                0x0000000008000640                USBHS_IRQHandler
                0x0000000008000640                TIMER5_DAC_IRQHandler
                0x0000000008000640                TIMER0_TRG_CMT_TIMER10_IRQHandler
                0x0000000008000640                TIMER3_IRQHandler
                0x0000000008000640                USBHS_EP1_IN_IRQHandler
                0x0000000008000640                DMA0_Channel6_IRQHandler
                0x0000000008000640                I2C0_EV_IRQHandler
                0x0000000008000640                EXTI0_IRQHandler
                0x0000000008000640                I2C2_EV_IRQHandler
                0x0000000008000640                CAN1_RX0_IRQHandler
                0x0000000008000640                TIMER7_TRG_CMT_TIMER13_IRQHandler
                0x0000000008000640                TIMER4_IRQHandler
                0x0000000008000640                DMA0_Channel0_IRQHandler
                0x0000000008000640                USART5_IRQHandler
                0x0000000008000640                TAMPER_IRQHandler
                0x0000000008000640                TIMER0_BRK_TIMER8_IRQHandler
                0x0000000008000640                CAN2_RX0_IRQHandler
                0x0000000008000640                SPI1_I2S1ADD_IRQHandler
                0x0000000008000640                DMA1_Channel0_IRQHandler
                0x0000000008000640                TIMER7_BRK_TIMER11_IRQHandler
                0x0000000008000640                TIMER6_IRQHandler
                0x0000000008000640                DMA1_Channel4_IRQHandler
                0x0000000008000640                DMA0_Channel3_IRQHandler
                0x0000000008000640                I2C0_ER_IRQHandler
                0x0000000008000640                TIMER0_UP_TIMER9_IRQHandler
                0x0000000008000640                RTC_IRQHandler
                0x0000000008000640                SHRTIMER_IRQ4_IRQHandler
                0x0000000008000640                CAN1_RX1_IRQHandler
                0x0000000008000640                DMA0_Channel2_IRQHandler
                0x0000000008000640                USART0_IRQHandler
                0x0000000008000640                TIMER1_IRQHandler
                0x0000000008000640                I2C1_EV_IRQHandler
                0x0000000008000640                UART4_IRQHandler
                0x0000000008000640                EXTI10_15_IRQHandler
                0x0000000008000640                CAN2_EWMC_IRQHandler
                0x0000000008000640                DMA1_Channel1_IRQHandler
                0x0000000008000640                Default_Handler
                0x0000000008000640                TIMER7_Channel_IRQHandler
                0x0000000008000640                CAN0_TX_IRQHandler
                0x0000000008000640                I2C2_WKUP_IRQHandler
                0x0000000008000640                WWDGT_IRQHandler
                0x0000000008000640                EXMC_IRQHandler
                0x0000000008000640                CAN2_TX_IRQHandler
                0x0000000008000640                SHRTIMER_IRQ6_IRQHandler
                0x0000000008000640                CAN1_TX_IRQHandler
                0x0000000008000640                RCU_CTC_IRQHandler
                0x0000000008000640                SHRTIMER_IRQ0_IRQHandler
                0x0000000008000640                EXTI4_IRQHandler
                0x0000000008000640                CAN0_RX1_IRQHandler
                0x0000000008000640                DMA0_Channel5_IRQHandler
                0x0000000008000640                DMA1_Channel3_IRQHandler
                0x0000000008000640                USBHS_EP1_OUT_IRQHandler
                0x0000000008000640                EXTI5_9_IRQHandler
                0x0000000008000640                TMU_IRQHandler
                0x0000000008000640                DMA0_Channel1_IRQHandler
                0x0000000008000640                TIMER0_Channel_IRQHandler
                0x0000000008000640                EXTI1_IRQHandler
                0x0000000008000640                ENET_WKUP_IRQHandler
                0x0000000008000640                SPI0_IRQHandler
                0x0000000008000640                USART2_IRQHandler
                0x0000000008000640                CAN0_EWMC_IRQHandler
                0x0000000008000640                CAN0_RX0_IRQHandler
                0x0000000008000640                I2C2_ER_IRQHandler
                0x0000000008000640                DMA1_Channel2_IRQHandler
                0x0000000008000640                SPI2_I2S2ADD_IRQHandler
                0x0000000008000640                USART1_IRQHandler
                0x0000000008000640                USART5_WKUP_IRQHandler
                0x0000000008000640                UART3_IRQHandler
                0x0000000008000640                I2C1_ER_IRQHandler
                0x0000000008000640                FMC_IRQHandler
                0x0000000008000640                USBHS_WKUP_IRQHandler
                0x0000000008000640                DMA0_Channel4_IRQHandler
                0x0000000008000640                ENET_IRQHandler
                0x0000000008000640                SHRTIMER_IRQ1_IRQHandler
 .text.arm_add_f32
                0x0000000008000642       0x18 .pio/build/genericGD32E505RE/libfdc/cmsis_dsp_from_source/Source/BasicMathFunctions/arm_add_f32.o
                0x0000000008000642                arm_add_f32
 .text.arm_mult_f32
                0x000000000800065a       0x18 .pio/build/genericGD32E505RE/libfdc/cmsis_dsp_from_source/Source/BasicMathFunctions/arm_mult_f32.o
                0x000000000800065a                arm_mult_f32
 *fill*         0x0000000008000672        0x2 
 .text.arm_cos_f32
                0x0000000008000674       0x94 .pio/build/genericGD32E505RE/libfdc/cmsis_dsp_from_source/Source/FastMathFunctions/arm_cos_f32.o
                0x0000000008000674                arm_cos_f32
 .text.arm_sin_f32
                0x0000000008000708       0x88 .pio/build/genericGD32E505RE/libfdc/cmsis_dsp_from_source/Source/FastMathFunctions/arm_sin_f32.o
                0x0000000008000708                arm_sin_f32
 .text.systick_config
                0x0000000008000790       0x3c .pio/build/genericGD32E505RE/src/main.o
                0x0000000008000790                systick_config
 .text.delay_1ms
                0x00000000080007cc       0x10 .pio/build/genericGD32E505RE/src/main.o
                0x00000000080007cc                delay_1ms
 .text.startup.main
                0x00000000080007dc      0x130 .pio/build/genericGD32E505RE/src/main.o
                0x00000000080007dc                main
 .text.delay_decrement
                0x000000000800090c       0x14 .pio/build/genericGD32E505RE/src/main.o
                0x000000000800090c                delay_decrement
 .text.NMI_Handler
                0x0000000008000920        0x2 .pio/build/genericGD32E505RE/src/main.o
                0x0000000008000920                NMI_Handler
 .text.HardFault_Handler
                0x0000000008000922        0x2 .pio/build/genericGD32E505RE/src/main.o
                0x0000000008000922                HardFault_Handler
 .text.MemManage_Handler
                0x0000000008000924        0x2 .pio/build/genericGD32E505RE/src/main.o
                0x0000000008000924                MemManage_Handler
 .text.BusFault_Handler
                0x0000000008000926        0x2 .pio/build/genericGD32E505RE/src/main.o
                0x0000000008000926                BusFault_Handler
 .text.UsageFault_Handler
                0x0000000008000928        0x2 .pio/build/genericGD32E505RE/src/main.o
                0x0000000008000928                UsageFault_Handler
 .text.SVC_Handler
                0x000000000800092a        0x2 .pio/build/genericGD32E505RE/src/main.o
                0x000000000800092a                SVC_Handler
 .text.DebugMon_Handler
                0x000000000800092c        0x2 .pio/build/genericGD32E505RE/src/main.o
                0x000000000800092c                DebugMon_Handler
 .text.PendSV_Handler
                0x000000000800092e        0x2 .pio/build/genericGD32E505RE/src/main.o
                0x000000000800092e                PendSV_Handler
 .text.SysTick_Handler
                0x0000000008000930        0x4 .pio/build/genericGD32E505RE/src/main.o
                0x0000000008000930                SysTick_Handler
 .text.mbed_minimal_putchar
                0x0000000008000934       0x34 .pio/build/genericGD32E505RE/src/minimal-printf/mbed_printf_implementation.o
 .text.mbed_minimal_formatted_string_integer
                0x0000000008000968      0x11c .pio/build/genericGD32E505RE/src/minimal-printf/mbed_printf_implementation.o
 .text.mbed_minimal_formatted_string
                0x0000000008000a84      0x3b6 .pio/build/genericGD32E505RE/src/minimal-printf/mbed_printf_implementation.o
                0x0000000008000a84                mbed_minimal_formatted_string
 *fill*         0x0000000008000e3a        0x2 
 .text.__wrap_printf
                0x0000000008000e3c       0x2c .pio/build/genericGD32E505RE/src/minimal-printf/mbed_printf_wrapper.o
                0x0000000008000e3c                __wrap_printf
 .text.init_printf_transport
                0x0000000008000e68       0x7c .pio/build/genericGD32E505RE/src/printf_over_x.o
                0x0000000008000e68                init_printf_transport
 .text._write   0x0000000008000ee4       0x44 .pio/build/genericGD32E505RE/src/printf_over_x.o
                0x0000000008000ee4                _write
 .text.__errno  0x0000000008000f28        0xc c:/users/max/.platformio/packages/toolchain-gccarmnoneeabi@1.90201.191206/bin/../lib/gcc/arm-none-eabi/9.2.1/../../../../arm-none-eabi/lib/thumb/v8-m.main+fp/hard\libc_nano.a(lib_a-errno.o)
                0x0000000008000f28                __errno
 .text._fputc_r
                0x0000000008000f34       0x70 c:/users/max/.platformio/packages/toolchain-gccarmnoneeabi@1.90201.191206/bin/../lib/gcc/arm-none-eabi/9.2.1/../../../../arm-none-eabi/lib/thumb/v8-m.main+fp/hard\libc_nano.a(lib_a-fputc.o)
                0x0000000008000f34                _fputc_r
 .text.fputc    0x0000000008000fa4       0x10 c:/users/max/.platformio/packages/toolchain-gccarmnoneeabi@1.90201.191206/bin/../lib/gcc/arm-none-eabi/9.2.1/../../../../arm-none-eabi/lib/thumb/v8-m.main+fp/hard\libc_nano.a(lib_a-fputc.o)
                0x0000000008000fa4                fputc
 .text.__libc_init_array
                0x0000000008000fb4       0x48 c:/users/max/.platformio/packages/toolchain-gccarmnoneeabi@1.90201.191206/bin/../lib/gcc/arm-none-eabi/9.2.1/../../../../arm-none-eabi/lib/thumb/v8-m.main+fp/hard\libc_nano.a(lib_a-init.o)
                0x0000000008000fb4                __libc_init_array
 .text.__retarget_lock_init_recursive
                0x0000000008000ffc        0x2 c:/users/max/.platformio/packages/toolchain-gccarmnoneeabi@1.90201.191206/bin/../lib/gcc/arm-none-eabi/9.2.1/../../../../arm-none-eabi/lib/thumb/v8-m.main+fp/hard\libc_nano.a(lib_a-lock.o)
                0x0000000008000ffc                __retarget_lock_init_recursive
 .text.__retarget_lock_acquire_recursive
                0x0000000008000ffe        0x2 c:/users/max/.platformio/packages/toolchain-gccarmnoneeabi@1.90201.191206/bin/../lib/gcc/arm-none-eabi/9.2.1/../../../../arm-none-eabi/lib/thumb/v8-m.main+fp/hard\libc_nano.a(lib_a-lock.o)
                0x0000000008000ffe                __retarget_lock_acquire_recursive
 .text.__retarget_lock_release_recursive
                0x0000000008001000        0x2 c:/users/max/.platformio/packages/toolchain-gccarmnoneeabi@1.90201.191206/bin/../lib/gcc/arm-none-eabi/9.2.1/../../../../arm-none-eabi/lib/thumb/v8-m.main+fp/hard\libc_nano.a(lib_a-lock.o)
                0x0000000008001000                __retarget_lock_release_recursive
 .text.memset   0x0000000008001002       0x10 c:/users/max/.platformio/packages/toolchain-gccarmnoneeabi@1.90201.191206/bin/../lib/gcc/arm-none-eabi/9.2.1/../../../../arm-none-eabi/lib/thumb/v8-m.main+fp/hard\libc_nano.a(lib_a-memset.o)
                0x0000000008001002                memset
 *fill*         0x0000000008001012        0x2 
 .text._putc_r  0x0000000008001014       0x90 c:/users/max/.platformio/packages/toolchain-gccarmnoneeabi@1.90201.191206/bin/../lib/gcc/arm-none-eabi/9.2.1/../../../../arm-none-eabi/lib/thumb/v8-m.main+fp/hard\libc_nano.a(lib_a-putc.o)
                0x0000000008001014                _putc_r
 .text._puts_r  0x00000000080010a4       0xdc c:/users/max/.platformio/packages/toolchain-gccarmnoneeabi@1.90201.191206/bin/../lib/gcc/arm-none-eabi/9.2.1/../../../../arm-none-eabi/lib/thumb/v8-m.main+fp/hard\libc_nano.a(lib_a-puts.o)
                0x00000000080010a4                _puts_r
 .text.puts     0x0000000008001180       0x10 c:/users/max/.platformio/packages/toolchain-gccarmnoneeabi@1.90201.191206/bin/../lib/gcc/arm-none-eabi/9.2.1/../../../../arm-none-eabi/lib/thumb/v8-m.main+fp/hard\libc_nano.a(lib_a-puts.o)
                0x0000000008001180                puts
 .text.__swbuf_r
                0x0000000008001190       0xa4 c:/users/max/.platformio/packages/toolchain-gccarmnoneeabi@1.90201.191206/bin/../lib/gcc/arm-none-eabi/9.2.1/../../../../arm-none-eabi/lib/thumb/v8-m.main+fp/hard\libc_nano.a(lib_a-wbuf.o)
                0x0000000008001190                __swbuf_r
 .text.__swsetup_r
                0x0000000008001234       0xdc c:/users/max/.platformio/packages/toolchain-gccarmnoneeabi@1.90201.191206/bin/../lib/gcc/arm-none-eabi/9.2.1/../../../../arm-none-eabi/lib/thumb/v8-m.main+fp/hard\libc_nano.a(lib_a-wsetup.o)
                0x0000000008001234                __swsetup_r
 .text.__sflush_r
                0x0000000008001310      0x108 c:/users/max/.platformio/packages/toolchain-gccarmnoneeabi@1.90201.191206/bin/../lib/gcc/arm-none-eabi/9.2.1/../../../../arm-none-eabi/lib/thumb/v8-m.main+fp/hard\libc_nano.a(lib_a-fflush.o)
                0x0000000008001310                __sflush_r
 .text._fflush_r
                0x0000000008001418       0x78 c:/users/max/.platformio/packages/toolchain-gccarmnoneeabi@1.90201.191206/bin/../lib/gcc/arm-none-eabi/9.2.1/../../../../arm-none-eabi/lib/thumb/v8-m.main+fp/hard\libc_nano.a(lib_a-fflush.o)
                0x0000000008001418                _fflush_r
 .text.std      0x0000000008001490       0x48 c:/users/max/.platformio/packages/toolchain-gccarmnoneeabi@1.90201.191206/bin/../lib/gcc/arm-none-eabi/9.2.1/../../../../arm-none-eabi/lib/thumb/v8-m.main+fp/hard\libc_nano.a(lib_a-findfp.o)
 .text._cleanup_r
                0x00000000080014d8        0xc c:/users/max/.platformio/packages/toolchain-gccarmnoneeabi@1.90201.191206/bin/../lib/gcc/arm-none-eabi/9.2.1/../../../../arm-none-eabi/lib/thumb/v8-m.main+fp/hard\libc_nano.a(lib_a-findfp.o)
                0x00000000080014d8                _cleanup_r
 .text.__sfmoreglue
                0x00000000080014e4       0x2c c:/users/max/.platformio/packages/toolchain-gccarmnoneeabi@1.90201.191206/bin/../lib/gcc/arm-none-eabi/9.2.1/../../../../arm-none-eabi/lib/thumb/v8-m.main+fp/hard\libc_nano.a(lib_a-findfp.o)
                0x00000000080014e4                __sfmoreglue
 .text.__sfp_lock_acquire
                0x0000000008001510        0xc c:/users/max/.platformio/packages/toolchain-gccarmnoneeabi@1.90201.191206/bin/../lib/gcc/arm-none-eabi/9.2.1/../../../../arm-none-eabi/lib/thumb/v8-m.main+fp/hard\libc_nano.a(lib_a-findfp.o)
                0x0000000008001510                __sfp_lock_acquire
 .text.__sfp_lock_release
                0x000000000800151c        0xc c:/users/max/.platformio/packages/toolchain-gccarmnoneeabi@1.90201.191206/bin/../lib/gcc/arm-none-eabi/9.2.1/../../../../arm-none-eabi/lib/thumb/v8-m.main+fp/hard\libc_nano.a(lib_a-findfp.o)
                0x000000000800151c                __sfp_lock_release
 .text.__sinit_lock_acquire
                0x0000000008001528        0xc c:/users/max/.platformio/packages/toolchain-gccarmnoneeabi@1.90201.191206/bin/../lib/gcc/arm-none-eabi/9.2.1/../../../../arm-none-eabi/lib/thumb/v8-m.main+fp/hard\libc_nano.a(lib_a-findfp.o)
                0x0000000008001528                __sinit_lock_acquire
 .text.__sinit_lock_release
                0x0000000008001534        0xc c:/users/max/.platformio/packages/toolchain-gccarmnoneeabi@1.90201.191206/bin/../lib/gcc/arm-none-eabi/9.2.1/../../../../arm-none-eabi/lib/thumb/v8-m.main+fp/hard\libc_nano.a(lib_a-findfp.o)
                0x0000000008001534                __sinit_lock_release
 .text.__sinit  0x0000000008001540       0x70 c:/users/max/.platformio/packages/toolchain-gccarmnoneeabi@1.90201.191206/bin/../lib/gcc/arm-none-eabi/9.2.1/../../../../arm-none-eabi/lib/thumb/v8-m.main+fp/hard\libc_nano.a(lib_a-findfp.o)
                0x0000000008001540                __sinit
 .text.__sfp    0x00000000080015b0       0x8c c:/users/max/.platformio/packages/toolchain-gccarmnoneeabi@1.90201.191206/bin/../lib/gcc/arm-none-eabi/9.2.1/../../../../arm-none-eabi/lib/thumb/v8-m.main+fp/hard\libc_nano.a(lib_a-findfp.o)
                0x00000000080015b0                __sfp
 .text._fwalk_reent
                0x000000000800163c       0x3e c:/users/max/.platformio/packages/toolchain-gccarmnoneeabi@1.90201.191206/bin/../lib/gcc/arm-none-eabi/9.2.1/../../../../arm-none-eabi/lib/thumb/v8-m.main+fp/hard\libc_nano.a(lib_a-fwalk.o)
                0x000000000800163c                _fwalk_reent
 .text.__swhatbuf_r
                0x000000000800167a       0x48 c:/users/max/.platformio/packages/toolchain-gccarmnoneeabi@1.90201.191206/bin/../lib/gcc/arm-none-eabi/9.2.1/../../../../arm-none-eabi/lib/thumb/v8-m.main+fp/hard\libc_nano.a(lib_a-makebuf.o)
                0x000000000800167a                __swhatbuf_r
 *fill*         0x00000000080016c2        0x2 
 .text.__smakebuf_r
                0x00000000080016c4       0x80 c:/users/max/.platformio/packages/toolchain-gccarmnoneeabi@1.90201.191206/bin/../lib/gcc/arm-none-eabi/9.2.1/../../../../arm-none-eabi/lib/thumb/v8-m.main+fp/hard\libc_nano.a(lib_a-makebuf.o)
                0x00000000080016c4                __smakebuf_r
 .text._free_r  0x0000000008001744       0xa0 c:/users/max/.platformio/packages/toolchain-gccarmnoneeabi@1.90201.191206/bin/../lib/gcc/arm-none-eabi/9.2.1/../../../../arm-none-eabi/lib/thumb/v8-m.main+fp/hard\libc_nano.a(lib_a-nano-freer.o)
                0x0000000008001744                _free_r
 .text._malloc_r
                0x00000000080017e4       0xb4 c:/users/max/.platformio/packages/toolchain-gccarmnoneeabi@1.90201.191206/bin/../lib/gcc/arm-none-eabi/9.2.1/../../../../arm-none-eabi/lib/thumb/v8-m.main+fp/hard\libc_nano.a(lib_a-nano-mallocr.o)
                0x00000000080017e4                _malloc_r
 .text._sbrk_r  0x0000000008001898       0x20 c:/users/max/.platformio/packages/toolchain-gccarmnoneeabi@1.90201.191206/bin/../lib/gcc/arm-none-eabi/9.2.1/../../../../arm-none-eabi/lib/thumb/v8-m.main+fp/hard\libc_nano.a(lib_a-sbrkr.o)
                0x0000000008001898                _sbrk_r
 .text.__sread  0x00000000080018b8       0x22 c:/users/max/.platformio/packages/toolchain-gccarmnoneeabi@1.90201.191206/bin/../lib/gcc/arm-none-eabi/9.2.1/../../../../arm-none-eabi/lib/thumb/v8-m.main+fp/hard\libc_nano.a(lib_a-stdio.o)
                0x00000000080018b8                __sread
 .text.__swrite
                0x00000000080018da       0x38 c:/users/max/.platformio/packages/toolchain-gccarmnoneeabi@1.90201.191206/bin/../lib/gcc/arm-none-eabi/9.2.1/../../../../arm-none-eabi/lib/thumb/v8-m.main+fp/hard\libc_nano.a(lib_a-stdio.o)
                0x00000000080018da                __swrite
 .text.__sseek  0x0000000008001912       0x24 c:/users/max/.platformio/packages/toolchain-gccarmnoneeabi@1.90201.191206/bin/../lib/gcc/arm-none-eabi/9.2.1/../../../../arm-none-eabi/lib/thumb/v8-m.main+fp/hard\libc_nano.a(lib_a-stdio.o)
                0x0000000008001912                __sseek
 .text.__sclose
                0x0000000008001936        0x8 c:/users/max/.platformio/packages/toolchain-gccarmnoneeabi@1.90201.191206/bin/../lib/gcc/arm-none-eabi/9.2.1/../../../../arm-none-eabi/lib/thumb/v8-m.main+fp/hard\libc_nano.a(lib_a-stdio.o)
                0x0000000008001936                __sclose
 *fill*         0x000000000800193e        0x2 
 .text._write_r
                0x0000000008001940       0x24 c:/users/max/.platformio/packages/toolchain-gccarmnoneeabi@1.90201.191206/bin/../lib/gcc/arm-none-eabi/9.2.1/../../../../arm-none-eabi/lib/thumb/v8-m.main+fp/hard\libc_nano.a(lib_a-writer.o)
                0x0000000008001940                _write_r
 .text._close_r
                0x0000000008001964       0x20 c:/users/max/.platformio/packages/toolchain-gccarmnoneeabi@1.90201.191206/bin/../lib/gcc/arm-none-eabi/9.2.1/../../../../arm-none-eabi/lib/thumb/v8-m.main+fp/hard\libc_nano.a(lib_a-closer.o)
                0x0000000008001964                _close_r
 .text._fstat_r
                0x0000000008001984       0x24 c:/users/max/.platformio/packages/toolchain-gccarmnoneeabi@1.90201.191206/bin/../lib/gcc/arm-none-eabi/9.2.1/../../../../arm-none-eabi/lib/thumb/v8-m.main+fp/hard\libc_nano.a(lib_a-fstatr.o)
                0x0000000008001984                _fstat_r
 .text._isatty_r
                0x00000000080019a8       0x20 c:/users/max/.platformio/packages/toolchain-gccarmnoneeabi@1.90201.191206/bin/../lib/gcc/arm-none-eabi/9.2.1/../../../../arm-none-eabi/lib/thumb/v8-m.main+fp/hard\libc_nano.a(lib_a-isattyr.o)
                0x00000000080019a8                _isatty_r
 .text._lseek_r
                0x00000000080019c8       0x24 c:/users/max/.platformio/packages/toolchain-gccarmnoneeabi@1.90201.191206/bin/../lib/gcc/arm-none-eabi/9.2.1/../../../../arm-none-eabi/lib/thumb/v8-m.main+fp/hard\libc_nano.a(lib_a-lseekr.o)
                0x00000000080019c8                _lseek_r
 .text.__malloc_lock
                0x00000000080019ec        0xc c:/users/max/.platformio/packages/toolchain-gccarmnoneeabi@1.90201.191206/bin/../lib/gcc/arm-none-eabi/9.2.1/../../../../arm-none-eabi/lib/thumb/v8-m.main+fp/hard\libc_nano.a(lib_a-mlock.o)
                0x00000000080019ec                __malloc_lock
 .text.__malloc_unlock
                0x00000000080019f8        0xc c:/users/max/.platformio/packages/toolchain-gccarmnoneeabi@1.90201.191206/bin/../lib/gcc/arm-none-eabi/9.2.1/../../../../arm-none-eabi/lib/thumb/v8-m.main+fp/hard\libc_nano.a(lib_a-mlock.o)
                0x00000000080019f8                __malloc_unlock
 .text._read_r  0x0000000008001a04       0x24 c:/users/max/.platformio/packages/toolchain-gccarmnoneeabi@1.90201.191206/bin/../lib/gcc/arm-none-eabi/9.2.1/../../../../arm-none-eabi/lib/thumb/v8-m.main+fp/hard\libc_nano.a(lib_a-readr.o)
                0x0000000008001a04                _read_r
 .text.SystemInit
                0x0000000008001a28      0x144 .pio/build/genericGD32E505RE/libFrameworkCMSISVariant.a(system_gd32e50x.o)
                0x0000000008001a28                SystemInit
 .text.gpio_init
                0x0000000008001b6c       0x9a .pio/build/genericGD32E505RE/libFrameworkSPL.a(gd32e50x_gpio.o)
                0x0000000008001b6c                gpio_init
 *fill*         0x0000000008001c06        0x2 
 .text.nvic_vector_table_set
                0x0000000008001c08       0x14 .pio/build/genericGD32E505RE/libFrameworkSPL.a(gd32e50x_misc.o)
                0x0000000008001c08                nvic_vector_table_set
 .text.rcu_periph_clock_enable
                0x0000000008001c1c       0x1c .pio/build/genericGD32E505RE/libFrameworkSPL.a(gd32e50x_rcu.o)
                0x0000000008001c1c                rcu_periph_clock_enable
 .text.rcu_periph_clock_disable
                0x0000000008001c38       0x1e .pio/build/genericGD32E505RE/libFrameworkSPL.a(gd32e50x_rcu.o)
                0x0000000008001c38                rcu_periph_clock_disable
 .text.rcu_periph_reset_enable
                0x0000000008001c56        0x4 .pio/build/genericGD32E505RE/libFrameworkSPL.a(gd32e50x_rcu.o)
                0x0000000008001c56                rcu_periph_reset_enable
 .text.rcu_periph_reset_disable
                0x0000000008001c5a        0x4 .pio/build/genericGD32E505RE/libFrameworkSPL.a(gd32e50x_rcu.o)
                0x0000000008001c5a                rcu_periph_reset_disable
 *fill*         0x0000000008001c5e        0x2 
 .text.rcu_clock_freq_get
                0x0000000008001c60      0x168 .pio/build/genericGD32E505RE/libFrameworkSPL.a(gd32e50x_rcu.o)
                0x0000000008001c60                rcu_clock_freq_get
 .text.usart_deinit
                0x0000000008001dc8       0x94 .pio/build/genericGD32E505RE/libFrameworkSPL.a(gd32e50x_usart.o)
                0x0000000008001dc8                usart_deinit
 .text.usart_baudrate_set
                0x0000000008001e5c       0xb8 .pio/build/genericGD32E505RE/libFrameworkSPL.a(gd32e50x_usart.o)
                0x0000000008001e5c                usart_baudrate_set
 .text.usart_parity_config
                0x0000000008001f14       0x38 .pio/build/genericGD32E505RE/libFrameworkSPL.a(gd32e50x_usart.o)
                0x0000000008001f14                usart_parity_config
 .text.usart_word_length_set
                0x0000000008001f4c       0x38 .pio/build/genericGD32E505RE/libFrameworkSPL.a(gd32e50x_usart.o)
                0x0000000008001f4c                usart_word_length_set
 .text.usart_stop_bit_set
                0x0000000008001f84       0x3c .pio/build/genericGD32E505RE/libFrameworkSPL.a(gd32e50x_usart.o)
                0x0000000008001f84                usart_stop_bit_set
 .text.usart_enable
                0x0000000008001fc0       0x20 .pio/build/genericGD32E505RE/libFrameworkSPL.a(gd32e50x_usart.o)
                0x0000000008001fc0                usart_enable
 .text.usart_transmit_config
                0x0000000008001fe0       0x28 .pio/build/genericGD32E505RE/libFrameworkSPL.a(gd32e50x_usart.o)
                0x0000000008001fe0                usart_transmit_config
 .text.usart_receive_config
                0x0000000008002008       0x28 .pio/build/genericGD32E505RE/libFrameworkSPL.a(gd32e50x_usart.o)
                0x0000000008002008                usart_receive_config
 .text.usart_data_transmit
                0x0000000008002030       0x14 .pio/build/genericGD32E505RE/libFrameworkSPL.a(gd32e50x_usart.o)
                0x0000000008002030                usart_data_transmit
 .text.usart_flag_get
                0x0000000008002044       0x10 .pio/build/genericGD32E505RE/libFrameworkSPL.a(gd32e50x_usart.o)
                0x0000000008002044                usart_flag_get
 .text._close   0x0000000008002054       0x10 c:/users/max/.platformio/packages/toolchain-gccarmnoneeabi@1.90201.191206/bin/../lib/gcc/arm-none-eabi/9.2.1/../../../../arm-none-eabi/lib/thumb/v8-m.main+fp/hard\libnosys.a(close.o)
                0x0000000008002054                _close
 .text._fstat   0x0000000008002064       0x10 c:/users/max/.platformio/packages/toolchain-gccarmnoneeabi@1.90201.191206/bin/../lib/gcc/arm-none-eabi/9.2.1/../../../../arm-none-eabi/lib/thumb/v8-m.main+fp/hard\libnosys.a(fstat.o)
                0x0000000008002064                _fstat
 .text._isatty  0x0000000008002074       0x10 c:/users/max/.platformio/packages/toolchain-gccarmnoneeabi@1.90201.191206/bin/../lib/gcc/arm-none-eabi/9.2.1/../../../../arm-none-eabi/lib/thumb/v8-m.main+fp/hard\libnosys.a(isatty.o)
                0x0000000008002074                _isatty
 .text._lseek   0x0000000008002084       0x10 c:/users/max/.platformio/packages/toolchain-gccarmnoneeabi@1.90201.191206/bin/../lib/gcc/arm-none-eabi/9.2.1/../../../../arm-none-eabi/lib/thumb/v8-m.main+fp/hard\libnosys.a(lseek.o)
                0x0000000008002084                _lseek
 .text._read    0x0000000008002094       0x10 c:/users/max/.platformio/packages/toolchain-gccarmnoneeabi@1.90201.191206/bin/../lib/gcc/arm-none-eabi/9.2.1/../../../../arm-none-eabi/lib/thumb/v8-m.main+fp/hard\libnosys.a(read.o)
                0x0000000008002094                _read
 .text._sbrk    0x00000000080020a4       0x1c c:/users/max/.platformio/packages/toolchain-gccarmnoneeabi@1.90201.191206/bin/../lib/gcc/arm-none-eabi/9.2.1/../../../../arm-none-eabi/lib/thumb/v8-m.main+fp/hard\libnosys.a(sbrk.o)
                0x00000000080020a4                _sbrk
 *(.glue_7)
 .glue_7        0x00000000080020c0        0x0 linker stubs
 *(.glue_7t)
 .glue_7t       0x00000000080020c0        0x0 linker stubs
 *(.eh_frame)
 .eh_frame      0x00000000080020c0        0x0 c:/users/max/.platformio/packages/toolchain-gccarmnoneeabi@1.90201.191206/bin/../lib/gcc/arm-none-eabi/9.2.1/thumb/v8-m.main+fp/hard/crtbegin.o
 *(.init)
 .init          0x00000000080020c0        0x4 c:/users/max/.platformio/packages/toolchain-gccarmnoneeabi@1.90201.191206/bin/../lib/gcc/arm-none-eabi/9.2.1/thumb/v8-m.main+fp/hard/crti.o
                0x00000000080020c0                _init
 .init          0x00000000080020c4        0x8 c:/users/max/.platformio/packages/toolchain-gccarmnoneeabi@1.90201.191206/bin/../lib/gcc/arm-none-eabi/9.2.1/thumb/v8-m.main+fp/hard/crtn.o
 *(.fini)
 .fini          0x00000000080020cc        0x4 c:/users/max/.platformio/packages/toolchain-gccarmnoneeabi@1.90201.191206/bin/../lib/gcc/arm-none-eabi/9.2.1/thumb/v8-m.main+fp/hard/crti.o
                0x00000000080020cc                _fini
 .fini          0x00000000080020d0        0x8 c:/users/max/.platformio/packages/toolchain-gccarmnoneeabi@1.90201.191206/bin/../lib/gcc/arm-none-eabi/9.2.1/thumb/v8-m.main+fp/hard/crtn.o
                0x00000000080020d8                . = ALIGN (0x4)
                0x00000000080020d8                _etext = .

.vfp11_veneer   0x00000000080020d8        0x0
 .vfp11_veneer  0x00000000080020d8        0x0 linker stubs

.v4_bx          0x00000000080020d8        0x0
 .v4_bx         0x00000000080020d8        0x0 linker stubs

.iplt           0x00000000080020d8        0x0
 .iplt          0x00000000080020d8        0x0 c:/users/max/.platformio/packages/toolchain-gccarmnoneeabi@1.90201.191206/bin/../lib/gcc/arm-none-eabi/9.2.1/thumb/v8-m.main+fp/hard/crtbegin.o

.rodata         0x00000000080020d8      0x9d0
                0x00000000080020d8                . = ALIGN (0x4)
 *(.rodata)
 .rodata        0x00000000080020d8       0x18 .pio/build/genericGD32E505RE/libFrameworkSPL.a(gd32e50x_rcu.o)
 *(.rodata*)
 .rodata.sinTable_f32
                0x00000000080020f0      0x804 .pio/build/genericGD32E505RE/libfdc/cmsis_dsp_from_source/Source/CommonTables/arm_common_tables.o
                0x00000000080020f0                sinTable_f32
 .rodata.main.str1.1
                0x00000000080028f4       0xae .pio/build/genericGD32E505RE/src/main.o
 *fill*         0x00000000080029a2        0x2 
 .rodata.testInput_f32
                0x00000000080029a4       0x80 .pio/build/genericGD32E505RE/src/main.o
                0x00000000080029a4                testInput_f32
 .rodata.int2hex_lower.6844
                0x0000000008002a24       0x10 .pio/build/genericGD32E505RE/src/minimal-printf/mbed_printf_implementation.o
 .rodata.int2hex_upper.6845
                0x0000000008002a34       0x10 .pio/build/genericGD32E505RE/src/minimal-printf/mbed_printf_implementation.o
 .rodata._global_impure_ptr
                0x0000000008002a44        0x4 c:/users/max/.platformio/packages/toolchain-gccarmnoneeabi@1.90201.191206/bin/../lib/gcc/arm-none-eabi/9.2.1/../../../../arm-none-eabi/lib/thumb/v8-m.main+fp/hard\libc_nano.a(lib_a-impure.o)
                0x0000000008002a44                _global_impure_ptr
 .rodata.__sf_fake_stderr
                0x0000000008002a48       0x20 c:/users/max/.platformio/packages/toolchain-gccarmnoneeabi@1.90201.191206/bin/../lib/gcc/arm-none-eabi/9.2.1/../../../../arm-none-eabi/lib/thumb/v8-m.main+fp/hard\libc_nano.a(lib_a-findfp.o)
                0x0000000008002a48                __sf_fake_stderr
 .rodata.__sf_fake_stdin
                0x0000000008002a68       0x20 c:/users/max/.platformio/packages/toolchain-gccarmnoneeabi@1.90201.191206/bin/../lib/gcc/arm-none-eabi/9.2.1/../../../../arm-none-eabi/lib/thumb/v8-m.main+fp/hard\libc_nano.a(lib_a-findfp.o)
                0x0000000008002a68                __sf_fake_stdin
 .rodata.__sf_fake_stdout
                0x0000000008002a88       0x20 c:/users/max/.platformio/packages/toolchain-gccarmnoneeabi@1.90201.191206/bin/../lib/gcc/arm-none-eabi/9.2.1/../../../../arm-none-eabi/lib/thumb/v8-m.main+fp/hard\libc_nano.a(lib_a-findfp.o)
                0x0000000008002a88                __sf_fake_stdout
                0x0000000008002aa8                . = ALIGN (0x4)

.rel.dyn        0x0000000008002aa8        0x0
 .rel.iplt      0x0000000008002aa8        0x0 c:/users/max/.platformio/packages/toolchain-gccarmnoneeabi@1.90201.191206/bin/../lib/gcc/arm-none-eabi/9.2.1/thumb/v8-m.main+fp/hard/crtbegin.o

.ARM.extab
 *(.ARM.extab* .gnu.linkonce.armextab.*)

.ARM            0x0000000008002aa8        0x0
                0x0000000008002aa8                __exidx_start = .
 *(.ARM.exidx*)
                0x0000000008002aa8                __exidx_end = .

.preinit_array  0x0000000008002aa8        0x0
                0x0000000008002aa8                PROVIDE (__preinit_array_start = .)
 *(.preinit_array*)
                0x0000000008002aa8                PROVIDE (__preinit_array_end = .)

.init_array     0x0000000008002aa8        0x4
                0x0000000008002aa8                PROVIDE (__init_array_start = .)
 *(SORT_BY_NAME(.init_array.*))
 *(.init_array*)
 .init_array    0x0000000008002aa8        0x4 c:/users/max/.platformio/packages/toolchain-gccarmnoneeabi@1.90201.191206/bin/../lib/gcc/arm-none-eabi/9.2.1/thumb/v8-m.main+fp/hard/crtbegin.o
                0x0000000008002aac                PROVIDE (__init_array_end = .)

.fini_array     0x0000000008002aac        0x4
                [!provide]                        PROVIDE (__fini_array_start = .)
 *(SORT_BY_NAME(.fini_array.*))
 *(.fini_array*)
 .fini_array    0x0000000008002aac        0x4 c:/users/max/.platformio/packages/toolchain-gccarmnoneeabi@1.90201.191206/bin/../lib/gcc/arm-none-eabi/9.2.1/thumb/v8-m.main+fp/hard/crtbegin.o
                [!provide]                        PROVIDE (__fini_array_end = .)
                0x0000000008002ab0                _sidata = LOADADDR (.data)

.data           0x0000000020000000       0x6c load address 0x0000000008002ab0
                0x0000000020000000                . = ALIGN (0x4)
                0x0000000020000000                _sdata = .
 *(.data)
 *(.data*)
 .data.blockSize
                0x0000000020000000        0x4 .pio/build/genericGD32E505RE/src/main.o
                0x0000000020000000                blockSize
 .data._impure_ptr
                0x0000000020000004        0x4 c:/users/max/.platformio/packages/toolchain-gccarmnoneeabi@1.90201.191206/bin/../lib/gcc/arm-none-eabi/9.2.1/../../../../arm-none-eabi/lib/thumb/v8-m.main+fp/hard\libc_nano.a(lib_a-impure.o)
                0x0000000020000004                _impure_ptr
 .data.impure_data
                0x0000000020000008       0x60 c:/users/max/.platformio/packages/toolchain-gccarmnoneeabi@1.90201.191206/bin/../lib/gcc/arm-none-eabi/9.2.1/../../../../arm-none-eabi/lib/thumb/v8-m.main+fp/hard\libc_nano.a(lib_a-impure.o)
 .data.SystemCoreClock
                0x0000000020000068        0x4 .pio/build/genericGD32E505RE/libFrameworkCMSISVariant.a(system_gd32e50x.o)
                0x0000000020000068                SystemCoreClock
                0x000000002000006c                . = ALIGN (0x4)
                0x000000002000006c                _edata = .

.igot.plt       0x000000002000006c        0x0 load address 0x0000000008002b1c
 .igot.plt      0x000000002000006c        0x0 c:/users/max/.platformio/packages/toolchain-gccarmnoneeabi@1.90201.191206/bin/../lib/gcc/arm-none-eabi/9.2.1/thumb/v8-m.main+fp/hard/crtbegin.o
                0x000000002000006c                . = ALIGN (0x4)

.bss            0x000000002000006c       0x54 load address 0x0000000008002b1c
                0x000000002000006c                _sbss = .
                0x000000002000006c                __bss_start__ = _sbss
 *(.bss)
 *(.bss*)
 .bss.completed.10274
                0x000000002000006c        0x1 c:/users/max/.platformio/packages/toolchain-gccarmnoneeabi@1.90201.191206/bin/../lib/gcc/arm-none-eabi/9.2.1/thumb/v8-m.main+fp/hard/crtbegin.o
 *fill*         0x000000002000006d        0x3 
 .bss.object.10279
                0x0000000020000070       0x18 c:/users/max/.platformio/packages/toolchain-gccarmnoneeabi@1.90201.191206/bin/../lib/gcc/arm-none-eabi/9.2.1/thumb/v8-m.main+fp/hard/crtbegin.o
 .bss.delay     0x0000000020000088        0x4 .pio/build/genericGD32E505RE/src/main.o
 .bss.__malloc_free_list
                0x000000002000008c        0x4 c:/users/max/.platformio/packages/toolchain-gccarmnoneeabi@1.90201.191206/bin/../lib/gcc/arm-none-eabi/9.2.1/../../../../arm-none-eabi/lib/thumb/v8-m.main+fp/hard\libc_nano.a(lib_a-nano-mallocr.o)
                0x000000002000008c                __malloc_free_list
 .bss.__malloc_sbrk_start
                0x0000000020000090        0x4 c:/users/max/.platformio/packages/toolchain-gccarmnoneeabi@1.90201.191206/bin/../lib/gcc/arm-none-eabi/9.2.1/../../../../arm-none-eabi/lib/thumb/v8-m.main+fp/hard\libc_nano.a(lib_a-nano-mallocr.o)
                0x0000000020000090                __malloc_sbrk_start
 .bss.heap_end.5507
                0x0000000020000094        0x4 c:/users/max/.platformio/packages/toolchain-gccarmnoneeabi@1.90201.191206/bin/../lib/gcc/arm-none-eabi/9.2.1/../../../../arm-none-eabi/lib/thumb/v8-m.main+fp/hard\libnosys.a(sbrk.o)
 *(COMMON)
 COMMON         0x0000000020000098       0x18 .pio/build/genericGD32E505RE/src/main.o
                0x0000000020000098                cosOutput
                0x000000002000009c                cosSquareOutput
                0x00000000200000a0                testOutput
                0x00000000200000a4                sinSquareOutput
                0x00000000200000a8                status
                0x00000000200000ac                sinOutput
 COMMON         0x00000000200000b0        0x9 c:/users/max/.platformio/packages/toolchain-gccarmnoneeabi@1.90201.191206/bin/../lib/gcc/arm-none-eabi/9.2.1/../../../../arm-none-eabi/lib/thumb/v8-m.main+fp/hard\libc_nano.a(lib_a-lock.o)
                0x00000000200000b0                __lock___atexit_recursive_mutex
                0x00000000200000b1                __lock___arc4random_mutex
                0x00000000200000b2                __lock___env_recursive_mutex
                0x00000000200000b3                __lock___sinit_recursive_mutex
                0x00000000200000b4                __lock___malloc_recursive_mutex
                0x00000000200000b5                __lock___at_quick_exit_mutex
                0x00000000200000b6                __lock___dd_hash_mutex
                0x00000000200000b7                __lock___tz_mutex
                0x00000000200000b8                __lock___sfp_recursive_mutex
 *fill*         0x00000000200000b9        0x3 
 COMMON         0x00000000200000bc        0x4 c:/users/max/.platformio/packages/toolchain-gccarmnoneeabi@1.90201.191206/bin/../lib/gcc/arm-none-eabi/9.2.1/../../../../arm-none-eabi/lib/thumb/v8-m.main+fp/hard\libc_nano.a(lib_a-reent.o)
                0x00000000200000bc                errno
                0x00000000200000c0                . = ALIGN (0x4)
                0x00000000200000c0                _ebss = .
                0x00000000200000c0                __bss_end__ = _ebss

._user_heap_stack
                0x00000000200000c0      0x600 load address 0x0000000008002b1c
                0x00000000200000c0                . = ALIGN (0x4)
                0x00000000200000c0                PROVIDE (end = .)
                [!provide]                        PROVIDE (_end = .)
                0x00000000200002c0                . = (. + _Min_Heap_Size)
 *fill*         0x00000000200000c0      0x200 
                0x00000000200006c0                . = (. + _Min_Stack_Size)
 *fill*         0x00000000200002c0      0x400 
                0x00000000200006c0                . = ALIGN (0x4)

.ccram_bss      0x0000000010000000        0x0
                0x0000000010000000                __ccram_start_bss__ = .
 *(.ccram_bss)
 *(.ccram_bss*)
                0x0000000010000000                . = ALIGN (0x4)
                0x0000000010000000                __ccram_end_bss__ = .
                0x0000000008002b1c                _si_ccram_data = LOADADDR (.ccram_data)

.ccram_data     0x0000000010000000        0x0 load address 0x0000000008002b1c
                0x0000000010000000                . = ALIGN (0x4)
                0x0000000010000000                _ccram_start_data = .
 *(.ccram_bss)
 *(.ccram_bss*)
                0x0000000010000000                . = ALIGN (0x4)
                0x0000000010000000                _ccram_end_data = .

/DISCARD/
 libc.a(*)
 libm.a(*)
 libgcc.a(*)

.ARM.attributes
                0x0000000000000000       0x36
 *(.ARM.attributes)
 .ARM.attributes
                0x0000000000000000       0x22 c:/users/max/.platformio/packages/toolchain-gccarmnoneeabi@1.90201.191206/bin/../lib/gcc/arm-none-eabi/9.2.1/thumb/v8-m.main+fp/hard/crti.o
 .ARM.attributes
                0x0000000000000022       0x38 c:/users/max/.platformio/packages/toolchain-gccarmnoneeabi@1.90201.191206/bin/../lib/gcc/arm-none-eabi/9.2.1/thumb/v8-m.main+fp/hard/crtbegin.o
 .ARM.attributes
                0x000000000000005a       0x24 .pio/build/genericGD32E505RE/FrameworkCMSISStartup/startup_gd32e50x_cl.o
 .ARM.attributes
                0x000000000000007e       0x36 .pio/build/genericGD32E505RE/libfdc/cmsis_dsp_from_source/Source/BasicMathFunctions/arm_add_f32.o
 .ARM.attributes
                0x00000000000000b4       0x36 .pio/build/genericGD32E505RE/libfdc/cmsis_dsp_from_source/Source/BasicMathFunctions/arm_mult_f32.o
 .ARM.attributes
                0x00000000000000ea       0x36 .pio/build/genericGD32E505RE/libfdc/cmsis_dsp_from_source/Source/CommonTables/arm_common_tables.o
 .ARM.attributes
                0x0000000000000120       0x36 .pio/build/genericGD32E505RE/libfdc/cmsis_dsp_from_source/Source/FastMathFunctions/arm_cos_f32.o
 .ARM.attributes
                0x0000000000000156       0x36 .pio/build/genericGD32E505RE/libfdc/cmsis_dsp_from_source/Source/FastMathFunctions/arm_sin_f32.o
 .ARM.attributes
                0x000000000000018c       0x36 .pio/build/genericGD32E505RE/src/main.o
 .ARM.attributes
                0x00000000000001c2       0x36 .pio/build/genericGD32E505RE/src/minimal-printf/mbed_printf_implementation.o
 .ARM.attributes
                0x00000000000001f8       0x36 .pio/build/genericGD32E505RE/src/minimal-printf/mbed_printf_wrapper.o
 .ARM.attributes
                0x000000000000022e       0x36 .pio/build/genericGD32E505RE/src/printf_over_x.o
 .ARM.attributes
                0x0000000000000264       0x38 c:/users/max/.platformio/packages/toolchain-gccarmnoneeabi@1.90201.191206/bin/../lib/gcc/arm-none-eabi/9.2.1/../../../../arm-none-eabi/lib/thumb/v8-m.main+fp/hard\libc_nano.a(lib_a-errno.o)
 .ARM.attributes
                0x000000000000029c       0x38 c:/users/max/.platformio/packages/toolchain-gccarmnoneeabi@1.90201.191206/bin/../lib/gcc/arm-none-eabi/9.2.1/../../../../arm-none-eabi/lib/thumb/v8-m.main+fp/hard\libc_nano.a(lib_a-fputc.o)
 .ARM.attributes
                0x00000000000002d4       0x36 c:/users/max/.platformio/packages/toolchain-gccarmnoneeabi@1.90201.191206/bin/../lib/gcc/arm-none-eabi/9.2.1/../../../../arm-none-eabi/lib/thumb/v8-m.main+fp/hard\libc_nano.a(lib_a-impure.o)
 .ARM.attributes
                0x000000000000030a       0x38 c:/users/max/.platformio/packages/toolchain-gccarmnoneeabi@1.90201.191206/bin/../lib/gcc/arm-none-eabi/9.2.1/../../../../arm-none-eabi/lib/thumb/v8-m.main+fp/hard\libc_nano.a(lib_a-init.o)
 .ARM.attributes
                0x0000000000000342       0x38 c:/users/max/.platformio/packages/toolchain-gccarmnoneeabi@1.90201.191206/bin/../lib/gcc/arm-none-eabi/9.2.1/../../../../arm-none-eabi/lib/thumb/v8-m.main+fp/hard\libc_nano.a(lib_a-lock.o)
 .ARM.attributes
                0x000000000000037a       0x38 c:/users/max/.platformio/packages/toolchain-gccarmnoneeabi@1.90201.191206/bin/../lib/gcc/arm-none-eabi/9.2.1/../../../../arm-none-eabi/lib/thumb/v8-m.main+fp/hard\libc_nano.a(lib_a-memset.o)
 .ARM.attributes
                0x00000000000003b2       0x38 c:/users/max/.platformio/packages/toolchain-gccarmnoneeabi@1.90201.191206/bin/../lib/gcc/arm-none-eabi/9.2.1/../../../../arm-none-eabi/lib/thumb/v8-m.main+fp/hard\libc_nano.a(lib_a-putc.o)
 .ARM.attributes
                0x00000000000003ea       0x38 c:/users/max/.platformio/packages/toolchain-gccarmnoneeabi@1.90201.191206/bin/../lib/gcc/arm-none-eabi/9.2.1/../../../../arm-none-eabi/lib/thumb/v8-m.main+fp/hard\libc_nano.a(lib_a-puts.o)
 .ARM.attributes
                0x0000000000000422       0x38 c:/users/max/.platformio/packages/toolchain-gccarmnoneeabi@1.90201.191206/bin/../lib/gcc/arm-none-eabi/9.2.1/../../../../arm-none-eabi/lib/thumb/v8-m.main+fp/hard\libc_nano.a(lib_a-wbuf.o)
 .ARM.attributes
                0x000000000000045a       0x38 c:/users/max/.platformio/packages/toolchain-gccarmnoneeabi@1.90201.191206/bin/../lib/gcc/arm-none-eabi/9.2.1/../../../../arm-none-eabi/lib/thumb/v8-m.main+fp/hard\libc_nano.a(lib_a-wsetup.o)
 .ARM.attributes
                0x0000000000000492       0x38 c:/users/max/.platformio/packages/toolchain-gccarmnoneeabi@1.90201.191206/bin/../lib/gcc/arm-none-eabi/9.2.1/../../../../arm-none-eabi/lib/thumb/v8-m.main+fp/hard\libc_nano.a(lib_a-fflush.o)
 .ARM.attributes
                0x00000000000004ca       0x38 c:/users/max/.platformio/packages/toolchain-gccarmnoneeabi@1.90201.191206/bin/../lib/gcc/arm-none-eabi/9.2.1/../../../../arm-none-eabi/lib/thumb/v8-m.main+fp/hard\libc_nano.a(lib_a-findfp.o)
 .ARM.attributes
                0x0000000000000502       0x38 c:/users/max/.platformio/packages/toolchain-gccarmnoneeabi@1.90201.191206/bin/../lib/gcc/arm-none-eabi/9.2.1/../../../../arm-none-eabi/lib/thumb/v8-m.main+fp/hard\libc_nano.a(lib_a-fwalk.o)
 .ARM.attributes
                0x000000000000053a       0x38 c:/users/max/.platformio/packages/toolchain-gccarmnoneeabi@1.90201.191206/bin/../lib/gcc/arm-none-eabi/9.2.1/../../../../arm-none-eabi/lib/thumb/v8-m.main+fp/hard\libc_nano.a(lib_a-makebuf.o)
 .ARM.attributes
                0x0000000000000572       0x38 c:/users/max/.platformio/packages/toolchain-gccarmnoneeabi@1.90201.191206/bin/../lib/gcc/arm-none-eabi/9.2.1/../../../../arm-none-eabi/lib/thumb/v8-m.main+fp/hard\libc_nano.a(lib_a-nano-freer.o)
 .ARM.attributes
                0x00000000000005aa       0x38 c:/users/max/.platformio/packages/toolchain-gccarmnoneeabi@1.90201.191206/bin/../lib/gcc/arm-none-eabi/9.2.1/../../../../arm-none-eabi/lib/thumb/v8-m.main+fp/hard\libc_nano.a(lib_a-nano-mallocr.o)
 .ARM.attributes
                0x00000000000005e2       0x38 c:/users/max/.platformio/packages/toolchain-gccarmnoneeabi@1.90201.191206/bin/../lib/gcc/arm-none-eabi/9.2.1/../../../../arm-none-eabi/lib/thumb/v8-m.main+fp/hard\libc_nano.a(lib_a-sbrkr.o)
 .ARM.attributes
                0x000000000000061a       0x38 c:/users/max/.platformio/packages/toolchain-gccarmnoneeabi@1.90201.191206/bin/../lib/gcc/arm-none-eabi/9.2.1/../../../../arm-none-eabi/lib/thumb/v8-m.main+fp/hard\libc_nano.a(lib_a-stdio.o)
 .ARM.attributes
                0x0000000000000652       0x38 c:/users/max/.platformio/packages/toolchain-gccarmnoneeabi@1.90201.191206/bin/../lib/gcc/arm-none-eabi/9.2.1/../../../../arm-none-eabi/lib/thumb/v8-m.main+fp/hard\libc_nano.a(lib_a-writer.o)
 .ARM.attributes
                0x000000000000068a       0x38 c:/users/max/.platformio/packages/toolchain-gccarmnoneeabi@1.90201.191206/bin/../lib/gcc/arm-none-eabi/9.2.1/../../../../arm-none-eabi/lib/thumb/v8-m.main+fp/hard\libc_nano.a(lib_a-closer.o)
 .ARM.attributes
                0x00000000000006c2       0x38 c:/users/max/.platformio/packages/toolchain-gccarmnoneeabi@1.90201.191206/bin/../lib/gcc/arm-none-eabi/9.2.1/../../../../arm-none-eabi/lib/thumb/v8-m.main+fp/hard\libc_nano.a(lib_a-fstatr.o)
 .ARM.attributes
                0x00000000000006fa       0x38 c:/users/max/.platformio/packages/toolchain-gccarmnoneeabi@1.90201.191206/bin/../lib/gcc/arm-none-eabi/9.2.1/../../../../arm-none-eabi/lib/thumb/v8-m.main+fp/hard\libc_nano.a(lib_a-isattyr.o)
 .ARM.attributes
                0x0000000000000732       0x38 c:/users/max/.platformio/packages/toolchain-gccarmnoneeabi@1.90201.191206/bin/../lib/gcc/arm-none-eabi/9.2.1/../../../../arm-none-eabi/lib/thumb/v8-m.main+fp/hard\libc_nano.a(lib_a-lseekr.o)
 .ARM.attributes
                0x000000000000076a       0x38 c:/users/max/.platformio/packages/toolchain-gccarmnoneeabi@1.90201.191206/bin/../lib/gcc/arm-none-eabi/9.2.1/../../../../arm-none-eabi/lib/thumb/v8-m.main+fp/hard\libc_nano.a(lib_a-mlock.o)
 .ARM.attributes
                0x00000000000007a2       0x38 c:/users/max/.platformio/packages/toolchain-gccarmnoneeabi@1.90201.191206/bin/../lib/gcc/arm-none-eabi/9.2.1/../../../../arm-none-eabi/lib/thumb/v8-m.main+fp/hard\libc_nano.a(lib_a-readr.o)
 .ARM.attributes
                0x00000000000007da       0x38 c:/users/max/.platformio/packages/toolchain-gccarmnoneeabi@1.90201.191206/bin/../lib/gcc/arm-none-eabi/9.2.1/../../../../arm-none-eabi/lib/thumb/v8-m.main+fp/hard\libc_nano.a(lib_a-reent.o)
 .ARM.attributes
                0x0000000000000812       0x22 c:/users/max/.platformio/packages/toolchain-gccarmnoneeabi@1.90201.191206/bin/../lib/gcc/arm-none-eabi/9.2.1/thumb/v8-m.main+fp/hard\libgcc.a(_arm_addsubdf3.o)
 .ARM.attributes